../../Core/Inc/acselLib.h:21:6:Error	8	static
../../Core/Inc/acselLib.h:26:6:Success	8	static
../../Core/Inc/acselLib.h:31:16:I2C_Read	40	static
../../Core/Inc/acselLib.h:41:13:I2C_Write	40	static
../../Core/Inc/acselLib.h:49:9:I2C_ReadID	24	static
../../Core/Inc/acselLib.h:56:6:Accel_Ini	16	static
../../Core/Inc/acselLib.h:73:6:Accel_GetXYZ	24	static
../../Core/Inc/acselLib.h:91:9:SPIx_WriteRead	32	static
../../Core/Inc/acselLib.h:104:6:Gyro_IO_Read	16	static
../../Core/Inc/acselLib.h:125:6:Gyro_IO_Write	16	static
../../Core/Inc/acselLib.h:143:9:Gyro_ReadID	16	static
../../Core/Inc/acselLib.h:150:6:Gyro_Ini	16	static
../../Core/Inc/acselLib.h:173:6:Gyro_GetXYZ	32	static
../../Core/Inc/acselLib.h:192:6:GetAngles	64	static
../../Core/Inc/acselLib.h:205:6:delete_gravity	64	static
../../Core/Inc/acselLib.h:214:6:integrate_position	48	static
C:/MyStm/PlsWork/Core/Src/main.c:95:5:main	48	static
C:/MyStm/PlsWork/Core/Src/main.c:272:6:SystemClock_Config	128	static
C:/MyStm/PlsWork/Core/Src/main.c:320:13:MX_NVIC_Init	8	static
C:/MyStm/PlsWork/Core/Src/main.c:332:13:MX_I2C1_Init	8	static
C:/MyStm/PlsWork/Core/Src/main.c:380:13:MX_SPI1_Init	8	static
C:/MyStm/PlsWork/Core/Src/main.c:420:13:MX_GPIO_Init	48	static
C:/MyStm/PlsWork/Core/Src/main.c:472:6:HAL_GPIO_EXTI_Callback	16	static
C:/MyStm/PlsWork/Core/Src/main.c:489:6:Error_Handler	4	static,ignoring_inline_asm
