Archive member included to satisfy reference by file (symbol)

C:/ST/STM32CubeIDE_1.16.1/STM32CubeIDE/plugins/com.st.stm32cube.ide.mcu.externaltools.gnu-tools-for-stm32.12.3.rel1.win32_1.1.0.202410251130/tools/bin/../lib/gcc/arm-none-eabi/12.3.1/../../../../arm-none-eabi/lib/thumb/v7e-m+fp/hard\libc_nano.a(libc_a-exit.o)
                              C:/ST/STM32CubeIDE_1.16.1/STM32CubeIDE/plugins/com.st.stm32cube.ide.mcu.externaltools.gnu-tools-for-stm32.12.3.rel1.win32_1.1.0.202410251130/tools/bin/../lib/gcc/arm-none-eabi/12.3.1/../../../../arm-none-eabi/lib/thumb/v7e-m+fp/hard/crt0.o (exit)
C:/ST/STM32CubeIDE_1.16.1/STM32CubeIDE/plugins/com.st.stm32cube.ide.mcu.externaltools.gnu-tools-for-stm32.12.3.rel1.win32_1.1.0.202410251130/tools/bin/../lib/gcc/arm-none-eabi/12.3.1/../../../../arm-none-eabi/lib/thumb/v7e-m+fp/hard\libc_nano.a(libc_a-findfp.o)
                              C:/ST/STM32CubeIDE_1.16.1/STM32CubeIDE/plugins/com.st.stm32cube.ide.mcu.externaltools.gnu-tools-for-stm32.12.3.rel1.win32_1.1.0.202410251130/tools/bin/../lib/gcc/arm-none-eabi/12.3.1/../../../../arm-none-eabi/lib/thumb/v7e-m+fp/hard\libc_nano.a(libc_a-exit.o) (__stdio_exit_handler)
C:/ST/STM32CubeIDE_1.16.1/STM32CubeIDE/plugins/com.st.stm32cube.ide.mcu.externaltools.gnu-tools-for-stm32.12.3.rel1.win32_1.1.0.202410251130/tools/bin/../lib/gcc/arm-none-eabi/12.3.1/../../../../arm-none-eabi/lib/thumb/v7e-m+fp/hard\libc_nano.a(libc_a-fwalk.o)
                              C:/ST/STM32CubeIDE_1.16.1/STM32CubeIDE/plugins/com.st.stm32cube.ide.mcu.externaltools.gnu-tools-for-stm32.12.3.rel1.win32_1.1.0.202410251130/tools/bin/../lib/gcc/arm-none-eabi/12.3.1/../../../../arm-none-eabi/lib/thumb/v7e-m+fp/hard\libc_nano.a(libc_a-findfp.o) (_fwalk_sglue)
C:/ST/STM32CubeIDE_1.16.1/STM32CubeIDE/plugins/com.st.stm32cube.ide.mcu.externaltools.gnu-tools-for-stm32.12.3.rel1.win32_1.1.0.202410251130/tools/bin/../lib/gcc/arm-none-eabi/12.3.1/../../../../arm-none-eabi/lib/thumb/v7e-m+fp/hard\libc_nano.a(libc_a-sprintf.o)
                              ./Application/User/Core/main.o (sprintf)
C:/ST/STM32CubeIDE_1.16.1/STM32CubeIDE/plugins/com.st.stm32cube.ide.mcu.externaltools.gnu-tools-for-stm32.12.3.rel1.win32_1.1.0.202410251130/tools/bin/../lib/gcc/arm-none-eabi/12.3.1/../../../../arm-none-eabi/lib/thumb/v7e-m+fp/hard\libc_nano.a(libc_a-stdio.o)
                              C:/ST/STM32CubeIDE_1.16.1/STM32CubeIDE/plugins/com.st.stm32cube.ide.mcu.externaltools.gnu-tools-for-stm32.12.3.rel1.win32_1.1.0.202410251130/tools/bin/../lib/gcc/arm-none-eabi/12.3.1/../../../../arm-none-eabi/lib/thumb/v7e-m+fp/hard\libc_nano.a(libc_a-findfp.o) (__sread)
C:/ST/STM32CubeIDE_1.16.1/STM32CubeIDE/plugins/com.st.stm32cube.ide.mcu.externaltools.gnu-tools-for-stm32.12.3.rel1.win32_1.1.0.202410251130/tools/bin/../lib/gcc/arm-none-eabi/12.3.1/../../../../arm-none-eabi/lib/thumb/v7e-m+fp/hard\libc_nano.a(libc_a-memset.o)
                              C:/ST/STM32CubeIDE_1.16.1/STM32CubeIDE/plugins/com.st.stm32cube.ide.mcu.externaltools.gnu-tools-for-stm32.12.3.rel1.win32_1.1.0.202410251130/tools/bin/../lib/gcc/arm-none-eabi/12.3.1/../../../../arm-none-eabi/lib/thumb/v7e-m+fp/hard/crt0.o (memset)
C:/ST/STM32CubeIDE_1.16.1/STM32CubeIDE/plugins/com.st.stm32cube.ide.mcu.externaltools.gnu-tools-for-stm32.12.3.rel1.win32_1.1.0.202410251130/tools/bin/../lib/gcc/arm-none-eabi/12.3.1/../../../../arm-none-eabi/lib/thumb/v7e-m+fp/hard\libc_nano.a(libc_a-closer.o)
                              C:/ST/STM32CubeIDE_1.16.1/STM32CubeIDE/plugins/com.st.stm32cube.ide.mcu.externaltools.gnu-tools-for-stm32.12.3.rel1.win32_1.1.0.202410251130/tools/bin/../lib/gcc/arm-none-eabi/12.3.1/../../../../arm-none-eabi/lib/thumb/v7e-m+fp/hard\libc_nano.a(libc_a-stdio.o) (_close_r)
C:/ST/STM32CubeIDE_1.16.1/STM32CubeIDE/plugins/com.st.stm32cube.ide.mcu.externaltools.gnu-tools-for-stm32.12.3.rel1.win32_1.1.0.202410251130/tools/bin/../lib/gcc/arm-none-eabi/12.3.1/../../../../arm-none-eabi/lib/thumb/v7e-m+fp/hard\libc_nano.a(libc_a-reent.o)
                              C:/ST/STM32CubeIDE_1.16.1/STM32CubeIDE/plugins/com.st.stm32cube.ide.mcu.externaltools.gnu-tools-for-stm32.12.3.rel1.win32_1.1.0.202410251130/tools/bin/../lib/gcc/arm-none-eabi/12.3.1/../../../../arm-none-eabi/lib/thumb/v7e-m+fp/hard\libc_nano.a(libc_a-closer.o) (errno)
C:/ST/STM32CubeIDE_1.16.1/STM32CubeIDE/plugins/com.st.stm32cube.ide.mcu.externaltools.gnu-tools-for-stm32.12.3.rel1.win32_1.1.0.202410251130/tools/bin/../lib/gcc/arm-none-eabi/12.3.1/../../../../arm-none-eabi/lib/thumb/v7e-m+fp/hard\libc_nano.a(libc_a-impure.o)
                              C:/ST/STM32CubeIDE_1.16.1/STM32CubeIDE/plugins/com.st.stm32cube.ide.mcu.externaltools.gnu-tools-for-stm32.12.3.rel1.win32_1.1.0.202410251130/tools/bin/../lib/gcc/arm-none-eabi/12.3.1/../../../../arm-none-eabi/lib/thumb/v7e-m+fp/hard\libc_nano.a(libc_a-sprintf.o) (_impure_ptr)
[...]
Memory Configuration

Name             Origin             Length             Attributes
CCMRAM           0x10000000         0x00002000         xrw
RAM              0x20000000         0x0000a000         xrw
FLASH            0x08000000         0x00040000         xr
*default*        0x00000000         0xffffffff

Linker script and memory map

LOAD C:/ST/STM32CubeIDE_1.16.1/STM32CubeIDE/plugins/com.st.stm32cube.ide.mcu.externaltools.gnu-tools-for-stm32.12.3.rel1.win32_1.1.0.202410251130/tools/bin/../lib/gcc/arm-none-eabi/12.3.1/thumb/v7e-m+fp/hard/crti.o
LOAD C:/ST/STM32CubeIDE_1.16.1/STM32CubeIDE/plugins/com.st.stm32cube.ide.mcu.externaltools.gnu-tools-for-stm32.12.3.rel1.win32_1.1.0.202410251130/tools/bin/../lib/gcc/arm-none-eabi/12.3.1/thumb/v7e-m+fp/hard/crtbegin.o
LOAD C:/ST/STM32CubeIDE_1.16.1/STM32CubeIDE/plugins/com.st.stm32cube.ide.mcu.externaltools.gnu-tools-for-stm32.12.3.rel1.win32_1.1.0.202410251130/tools/bin/../lib/gcc/arm-none-eabi/12.3.1/../../../../arm-none-eabi/lib/thumb/v7e-m+fp/hard/crt0.o
LOAD ./Application/User/Core/main.o
LOAD ./Application/User/Core/stm32f3xx_hal_msp.o
LOAD ./Application/User/Core/stm32f3xx_it.o
LOAD ./Application/User/Core/syscalls.o
LOAD ./Application/User/Core/sysmem.o
LOAD ./Application/User/Startup/startup_stm32f303vctx.o
LOAD ./Application/User/USB_DEVICE/App/usb_device.o
LOAD ./Application/User/USB_DEVICE/App/usbd_desc.o
LOAD ./Application/User/USB_DEVICE/Target/usbd_conf.o
LOAD ./Drivers/CMSIS/system_stm32f3xx.o
LOAD ./Drivers/STM32F3xx_HAL_Driver/stm32f3xx_hal.o
LOAD ./Drivers/STM32F3xx_HAL_Driver/stm32f3xx_hal_cortex.o
LOAD ./Drivers/STM32F3xx_HAL_Driver/stm32f3xx_hal_dma.o
LOAD ./Drivers/STM32F3xx_HAL_Driver/stm32f3xx_hal_exti.o
LOAD ./Drivers/STM32F3xx_HAL_Driver/stm32f3xx_hal_flash.o
LOAD ./Drivers/STM32F3xx_HAL_Driver/stm32f3xx_hal_flash_ex.o
LOAD ./Drivers/STM32F3xx_HAL_Driver/stm32f3xx_hal_gpio.o
LOAD ./Drivers/STM32F3xx_HAL_Driver/stm32f3xx_hal_i2c.o
LOAD ./Drivers/STM32F3xx_HAL_Driver/stm32f3xx_hal_i2c_ex.o
LOAD ./Drivers/STM32F3xx_HAL_Driver/stm32f3xx_hal_pcd.o
LOAD ./Drivers/STM32F3xx_HAL_Driver/stm32f3xx_hal_pcd_ex.o
LOAD ./Drivers/STM32F3xx_HAL_Driver/stm32f3xx_hal_pwr.o
LOAD ./Drivers/STM32F3xx_HAL_Driver/stm32f3xx_hal_pwr_ex.o
LOAD ./Drivers/STM32F3xx_HAL_Driver/stm32f3xx_hal_rcc.o
LOAD ./Drivers/STM32F3xx_HAL_Driver/stm32f3xx_hal_rcc_ex.o
LOAD ./Drivers/STM32F3xx_HAL_Driver/stm32f3xx_hal_spi.o
LOAD ./Drivers/STM32F3xx_HAL_Driver/stm32f3xx_hal_spi_ex.o
LOAD ./Drivers/STM32F3xx_HAL_Driver/stm32f3xx_hal_tim.o
LOAD ./Drivers/STM32F3xx_HAL_Driver/stm32f3xx_hal_tim_ex.o
LOAD ./Drivers/STM32F3xx_HAL_Driver/stm32f3xx_ll_usb.o
LOAD ./Middlewares/USB_Device_Library/usbd_core.o
LOAD ./Middlewares/USB_Device_Library/usbd_ctlreq.o
LOAD ./Middlewares/USB_Device_Library/usbd_hid.o
LOAD ./Middlewares/USB_Device_Library/usbd_ioreq.o
START GROUP
LOAD C:/ST/STM32CubeIDE_1.16.1/STM32CubeIDE/plugins/com.st.stm32cube.ide.mcu.externaltools.gnu-tools-for-stm32.12.3.rel1.win32_1.1.0.202410251130/tools/bin/../lib/gcc/arm-none-eabi/12.3.1/../../../../arm-none-eabi/lib/thumb/v7e-m+fp/hard\libc_nano.a
LOAD C:/ST/STM32CubeIDE_1.16.1/STM32CubeIDE/plugins/com.st.stm32cube.ide.mcu.externaltools.gnu-tools-for-stm32.12.3.rel1.win32_1.1.0.202410251130/tools/bin/../lib/gcc/arm-none-eabi/12.3.1/../../../../arm-none-eabi/lib/thumb/v7e-m+fp/hard\libm.a
END GROUP
START GROUP
LOAD C:/ST/STM32CubeIDE_1.16.1/STM32CubeIDE/plugins/com.st.stm32cube.ide.mcu.externaltools.gnu-tools-for-stm32.12.3.rel1.win32_1.1.0.202410251130/tools/bin/../lib/gcc/arm-none-eabi/12.3.1/thumb/v7e-m+fp/hard\libgcc.a
LOAD C:/ST/STM32CubeIDE_1.16.1/STM32CubeIDE/plugins/com.st.stm32cube.ide.mcu.externaltools.gnu-tools-for-stm32.12.3.rel1.win32_1.1.0.202410251130/tools/bin/../lib/gcc/arm-none-eabi/12.3.1/../../../../arm-none-eabi/lib/thumb/v7e-m+fp/hard\libc_nano.a
END GROUP
START GROUP
LOAD C:/ST/STM32CubeIDE_1.16.1/STM32CubeIDE/plugins/com.st.stm32cube.ide.mcu.externaltools.gnu-tools-for-stm32.12.3.rel1.win32_1.1.0.202410251130/tools/bin/../lib/gcc/arm-none-eabi/12.3.1/thumb/v7e-m+fp/hard\libgcc.a
LOAD C:/ST/STM32CubeIDE_1.16.1/STM32CubeIDE/plugins/com.st.stm32cube.ide.mcu.externaltools.gnu-tools-for-stm32.12.3.rel1.win32_1.1.0.202410251130/tools/bin/../lib/gcc/arm-none-eabi/12.3.1/../../../../arm-none-eabi/lib/thumb/v7e-m+fp/hard\libc_nano.a
LOAD C:/ST/STM32CubeIDE_1.16.1/STM32CubeIDE/plugins/com.st.stm32cube.ide.mcu.externaltools.gnu-tools-for-stm32.12.3.rel1.win32_1.1.0.202410251130/tools/bin/../lib/gcc/arm-none-eabi/12.3.1/../../../../arm-none-eabi/lib/thumb/v7e-m+fp/hard\libnosys.a
END GROUP
START GROUP
LOAD C:/ST/STM32CubeIDE_1.16.1/STM32CubeIDE/plugins/com.st.stm32cube.ide.mcu.externaltools.gnu-tools-for-stm32.12.3.rel1.win32_1.1.0.202410251130/tools/bin/../lib/gcc/arm-none-eabi/12.3.1/thumb/v7e-m+fp/hard\libgcc.a
LOAD C:/ST/STM32CubeIDE_1.16.1/STM32CubeIDE/plugins/com.st.stm32cube.ide.mcu.externaltools.gnu-tools-for-stm32.12.3.rel1.win32_1.1.0.202410251130/tools/bin/../lib/gcc/arm-none-eabi/12.3.1/../../../../arm-none-eabi/lib/thumb/v7e-m+fp/hard\libc_nano.a
LOAD C:/ST/STM32CubeIDE_1.16.1/STM32CubeIDE/plugins/com.st.stm32cube.ide.mcu.externaltools.gnu-tools-for-stm32.12.3.rel1.win32_1.1.0.202410251130/tools/bin/../lib/gcc/arm-none-eabi/12.3.1/../../../../arm-none-eabi/lib/thumb/v7e-m+fp/hard\libnosys.a
END GROUP
LOAD C:/ST/STM32CubeIDE_1.16.1/STM32CubeIDE/plugins/com.st.stm32cube.ide.mcu.externaltools.gnu-tools-for-stm32.12.3.rel1.win32_1.1.0.202410251130/tools/bin/../lib/gcc/arm-none-eabi/12.3.1/thumb/v7e-m+fp/hard/crtend.o
LOAD C:/ST/STM32CubeIDE_1.16.1/STM32CubeIDE/plugins/com.st.stm32cube.ide.mcu.externaltools.gnu-tools-for-stm32.12.3.rel1.win32_1.1.0.202410251130/tools/bin/../lib/gcc/arm-none-eabi/12.3.1/thumb/v7e-m+fp/hard/crtn.o
                0x2000a000                        _estack = (ORIGIN (RAM) + LENGTH (RAM))
                0x00002000                        _Min_Heap_Size = 0x2000
                0x00004000                        _Min_Stack_Size = 0x4000

.isr_vector     0x08000000      0x188
                0x08000000                        . = ALIGN (0x4)
 *(.isr_vector)
 .isr_vector    0x08000000      0x188 ./Application/User/Startup/startup_stm32f303vctx.o
                0x08000000                g_pfnVectors
                0x08000188                        . = ALIGN (0x4)

.text           0x08000190     0xcee8
                0x08000190                        . = ALIGN (0x4)
 *(.text)
 .text          0x08000190       0x40 C:/ST/STM32CubeIDE_1.16.1/STM32CubeIDE/plugins/com.st.stm32cube.ide.mcu.externaltools.gnu-tools-for-stm32.12.3.rel1.win32_1.1.0.202410251130/tools/bin/../lib/gcc/arm-none-eabi/12.3.1/thumb/v7e-m+fp/hard/crtbegin.o
 .text          0x080001d0       0xa0 C:/ST/STM32CubeIDE_1.16.1/STM32CubeIDE/plugins/com.st.stm32cube.ide.mcu.externaltools.gnu-tools-for-stm32.12.3.rel1.win32_1.1.0.202410251130/tools/bin/../lib/gcc/arm-none-eabi/12.3.1/../../../../arm-none-eabi/lib/thumb/v7e-m+fp/hard\libc_nano.a(libc_a-memchr.o)
                0x080001d0                memchr
 .text          0x08000270      0x378 C:/ST/STM32CubeIDE_1.16.1/STM32CubeIDE/plugins/com.st.stm32cube.ide.mcu.externaltools.gnu-tools-for-stm32.12.3.rel1.win32_1.1.0.202410251130/tools/bin/../lib/gcc/arm-none-eabi/12.3.1/thumb/v7e-m+fp/hard\libgcc.a(_arm_addsubdf3.o)
                0x08000270                __aeabi_drsub
                0x08000278                __aeabi_dsub
                0x08000278                __subdf3
                0x0800027c                __aeabi_dadd
                0x0800027c                __adddf3
                0x080004f4                __floatunsidf
                0x080004f4                __aeabi_ui2d
                0x08000514                __floatsidf
                0x08000514                __aeabi_i2d
                0x08000538                __aeabi_f2d
                0x08000538                __extendsfdf2
                0x0800057c                __floatundidf
                0x0800057c                __aeabi_ul2d
                0x0800058c                __floatdidf
                0x0800058c                __aeabi_l2d
 .text          0x080005e8      0x424 C:/ST/STM32CubeIDE_1.16.1/STM32CubeIDE/plugins/com.st.stm32cube.ide.mcu.externaltools.gnu-tools-for-stm32.12.3.rel1.win32_1.1.0.202410251130/tools/bin/../lib/gcc/arm-none-eabi/12.3.1/thumb/v7e-m+fp/hard\libgcc.a(_arm_muldivdf3.o)
                0x080005e8                __aeabi_dmul
                0x080005e8                __muldf3
                0x0800083c                __divdf3
                0x0800083c                __aeabi_ddiv
 .text          0x08000a0c      0x110 C:/ST/STM32CubeIDE_1.16.1/STM32CubeIDE/plugins/com.st.stm32cube.ide.mcu.externaltools.gnu-tools-for-stm32.12.3.rel1.win32_1.1.0.202410251130/tools/bin/../lib/gcc/arm-none-eabi/12.3.1/thumb/v7e-m+fp/hard\libgcc.a(_arm_cmpdf2.o)
                0x08000a0c                __gtdf2
                0x08000a0c                __gedf2
                0x08000a14                __ltdf2
                0x08000a14                __ledf2
                0x08000a1c                __nedf2
                0x08000a1c                __eqdf2
                0x08000a1c                __cmpdf2
                0x08000a98                __aeabi_cdrcmple
                0x08000aa8                __aeabi_cdcmpeq
                0x08000aa8                __aeabi_cdcmple
                0x08000ab8                __aeabi_dcmpeq
                0x08000acc                __aeabi_dcmplt
                0x08000ae0                __aeabi_dcmple
                0x08000af4                __aeabi_dcmpge
                0x08000b08                __aeabi_dcmpgt
 .text          0x08000b1c       0x2c C:/ST/STM32CubeIDE_1.16.1/STM32CubeIDE/plugins/com.st.stm32cube.ide.mcu.externaltools.gnu-tools-for-stm32.12.3.rel1.win32_1.1.0.202410251130/tools/bin/../lib/gcc/arm-none-eabi/12.3.1/thumb/v7e-m+fp/hard\libgcc.a(_arm_unorddf2.o)
                0x08000b1c                __unorddf2
                0x08000b1c                __aeabi_dcmpun
 .text          0x08000b48       0x50 C:/ST/STM32CubeIDE_1.16.1/STM32CubeIDE/plugins/com.st.stm32cube.ide.mcu.externaltools.gnu-tools-for-stm32.12.3.rel1.win32_1.1.0.202410251130/tools/bin/../lib/gcc/arm-none-eabi/12.3.1/thumb/v7e-m+fp/hard\libgcc.a(_arm_fixdfsi.o)
                0x08000b48                __aeabi_d2iz
                0x08000b48                __fixdfsi
 .text          0x08000b98       0xa0 C:/ST/STM32CubeIDE_1.16.1/STM32CubeIDE/plugins/com.st.stm32cube.ide.mcu.externaltools.gnu-tools-for-stm32.12.3.rel1.win32_1.1.0.202410251130/tools/bin/../lib/gcc/arm-none-eabi/12.3.1/thumb/v7e-m+fp/hard\libgcc.a(_arm_truncdfsf2.o)
                0x08000b98                __truncdfsf2
                0x08000b98                __aeabi_d2f
 *(.text*)
 .text.Error    0x08000c38       0x18 ./Application/User/Core/main.o
                0x08000c38                Error
 .text.Success  0x08000c50       0x18 ./Application/User/Core/main.o
                0x08000c50                Success
 .text.I2C_Read
                0x08000c68       0x58 ./Application/User/Core/main.o
 .text.I2C_Write
                0x08000cc0       0x54 ./Application/User/Core/main.o
 .text.I2C_ReadID
                0x08000d14       0x26 ./Application/User/Core/main.o
                0x08000d14                I2C_ReadID
 .text.Accel_Ini
                0x08000d3a       0x62 ./Application/User/Core/main.o
                0x08000d3a                Accel_Ini
 .text.Accel_GetXYZ
                0x08000d9c       0x9e ./Application/User/Core/main.o
                0x08000d9c                Accel_GetXYZ
 *fill*         0x08000e3a        0x2 
 .text.SPIx_WriteRead
                0x08000e3c       0x40 ./Application/User/Core/main.o
                0x08000e3c                SPIx_WriteRead
 .text.Gyro_IO_Read
                0x08000e7c       0x74 ./Application/User/Core/main.o
                0x08000e7c                Gyro_IO_Read
 .text.Gyro_IO_Write
                0x08000ef0       0x70 ./Application/User/Core/main.o
                0x08000ef0                Gyro_IO_Write
 .text.Gyro_ReadID
                0x08000f60       0x20 ./Application/User/Core/main.o
                0x08000f60                Gyro_ReadID
 .text.Gyro_Ini
                0x08000f80       0x7a ./Application/User/Core/main.o
                0x08000f80                Gyro_Ini
 .text.Gyro_GetXYZ
                0x08000ffa       0xca ./Application/User/Core/main.o
                0x08000ffa                Gyro_GetXYZ
 *fill*         0x080010c4        0x4 
 .text.GetAngles
                0x080010c8      0x274 ./Application/User/Core/main.o
                0x080010c8                GetAngles
 *fill*         0x0800133c        0x4 
 .text.delete_gravity
                0x08001340      0x20c ./Application/User/Core/main.o
                0x08001340                delete_gravity
 .text.integrate_position
                0x0800154c       0xdc ./Application/User/Core/main.o
                0x0800154c                integrate_position
 .text.main     0x08001628      0x3f0 ./Application/User/Core/main.o
                0x08001628                main
 .text.SystemClock_Config
                0x08001a18       0xc0 ./Application/User/Core/main.o
                0x08001a18                SystemClock_Config
 .text.MX_NVIC_Init
                0x08001ad8       0x18 ./Application/User/Core/main.o
 .text.MX_I2C1_Init
                0x08001af0       0x80 ./Application/User/Core/main.o
 .text.MX_SPI1_Init
                0x08001b70       0x7c ./Application/User/Core/main.o
 .text.MX_GPIO_Init
                0x08001bec      0x110 ./Application/User/Core/main.o
 .text.HAL_GPIO_EXTI_Callback
                0x08001cfc       0x34 ./Application/User/Core/main.o
                0x08001cfc                HAL_GPIO_EXTI_Callback
 .text.Error_Handler
                0x08001d30        0xc ./Application/User/Core/main.o
                0x08001d30                Error_Handler
 .text.HAL_MspInit
                0x08001d3c       0x48 ./Application/User/Core/stm32f3xx_hal_msp.o
                0x08001d3c                HAL_MspInit
 .text.HAL_I2C_MspInit
                0x08001d84       0x88 ./Application/User/Core/stm32f3xx_hal_msp.o
                0x08001d84                HAL_I2C_MspInit
 .text.HAL_SPI_MspInit
                0x08001e0c       0x84 ./Application/User/Core/stm32f3xx_hal_msp.o
                0x08001e0c                HAL_SPI_MspInit
 .text.NMI_Handler
                0x08001e90        0x8 ./Application/User/Core/stm32f3xx_it.o
                0x08001e90                NMI_Handler
 .text.HardFault_Handler
                0x08001e98        0x8 ./Application/User/Core/stm32f3xx_it.o
                0x08001e98                HardFault_Handler
 .text.MemManage_Handler
                0x08001ea0        0x8 ./Application/User/Core/stm32f3xx_it.o
                0x08001ea0                MemManage_Handler
 .text.BusFault_Handler
                0x08001ea8        0x8 ./Application/User/Core/stm32f3xx_it.o
                0x08001ea8                BusFault_Handler
 .text.UsageFault_Handler
                0x08001eb0        0x8 ./Application/User/Core/stm32f3xx_it.o
                0x08001eb0                UsageFault_Handler
 .text.SVC_Handler
                0x08001eb8        0xe ./Application/User/Core/stm32f3xx_it.o
                0x08001eb8                SVC_Handler
 .text.DebugMon_Handler
                0x08001ec6        0xe ./Application/User/Core/stm32f3xx_it.o
                0x08001ec6                DebugMon_Handler
 .text.PendSV_Handler
                0x08001ed4        0xe ./Application/User/Core/stm32f3xx_it.o
                0x08001ed4                PendSV_Handler
 .text.SysTick_Handler
                0x08001ee2        0xc ./Application/User/Core/stm32f3xx_it.o
                0x08001ee2                SysTick_Handler
 .text.EXTI0_IRQHandler
                0x08001eee        0xe ./Application/User/Core/stm32f3xx_it.o
                0x08001eee                EXTI0_IRQHandler
 .text.EXTI1_IRQHandler
                0x08001efc        0xe ./Application/User/Core/stm32f3xx_it.o
                0x08001efc                EXTI1_IRQHandler
 *fill*         0x08001f0a        0x2 
 .text.USB_LP_CAN_RX0_IRQHandler
                0x08001f0c       0x14 ./Application/User/Core/stm32f3xx_it.o
                0x08001f0c                USB_LP_CAN_RX0_IRQHandler
 .text._sbrk    0x08001f20       0x6c ./Application/User/Core/sysmem.o
                0x08001f20                _sbrk
 .text.Reset_Handler
                0x08001f8c       0x50 ./Application/User/Startup/startup_stm32f303vctx.o
                0x08001f8c                Reset_Handler
 .text.Default_Handler
                0x08001fdc        0x2 ./Application/User/Startup/startup_stm32f303vctx.o
                0x08001fdc                RTC_Alarm_IRQHandler
                0x08001fdc                TIM8_TRG_COM_IRQHandler
                0x08001fdc                TIM8_CC_IRQHandler
                0x08001fdc                TIM1_CC_IRQHandler
                0x08001fdc                USB_HP_IRQHandler
                0x08001fdc                PVD_IRQHandler
                0x08001fdc                TAMP_STAMP_IRQHandler
                0x08001fdc                EXTI3_IRQHandler
                0x08001fdc                USB_HP_CAN_TX_IRQHandler
                0x08001fdc                I2C2_EV_IRQHandler
                0x08001fdc                FPU_IRQHandler
                0x08001fdc                TIM1_UP_TIM16_IRQHandler
                0x08001fdc                ADC1_2_IRQHandler
                0x08001fdc                SPI1_IRQHandler
                0x08001fdc                CAN_SCE_IRQHandler
                0x08001fdc                TIM6_DAC_IRQHandler
                0x08001fdc                TIM8_UP_IRQHandler
                0x08001fdc                DMA2_Channel2_IRQHandler
                0x08001fdc                DMA1_Channel4_IRQHandler
                0x08001fdc                USART3_IRQHandler
                0x08001fdc                DMA1_Channel7_IRQHandler
                0x08001fdc                UART5_IRQHandler
                0x08001fdc                ADC3_IRQHandler
                0x08001fdc                TIM4_IRQHandler
                0x08001fdc                CAN_RX1_IRQHandler
                0x08001fdc                DMA2_Channel1_IRQHandler
                0x08001fdc                I2C1_EV_IRQHandler
                0x08001fdc                DMA1_Channel6_IRQHandler
                0x08001fdc                UART4_IRQHandler
                0x08001fdc                DMA2_Channel4_IRQHandler
                0x08001fdc                TIM3_IRQHandler
                0x08001fdc                RCC_IRQHandler
                0x08001fdc                DMA1_Channel1_IRQHandler
                0x08001fdc                Default_Handler
                0x08001fdc                USBWakeUp_RMP_IRQHandler
                0x08001fdc                EXTI15_10_IRQHandler
                0x08001fdc                TIM7_IRQHandler
                0x08001fdc                EXTI9_5_IRQHandler
                0x08001fdc                RTC_WKUP_IRQHandler
                0x08001fdc                SPI2_IRQHandler
                0x08001fdc                DMA2_Channel5_IRQHandler
                0x08001fdc                DMA1_Channel5_IRQHandler
                0x08001fdc                USB_LP_IRQHandler
                0x08001fdc                EXTI4_IRQHandler
                0x08001fdc                TIM1_TRG_COM_TIM17_IRQHandler
                0x08001fdc                DMA1_Channel3_IRQHandler
                0x08001fdc                ADC4_IRQHandler
                0x08001fdc                WWDG_IRQHandler
                0x08001fdc                TIM2_IRQHandler
                0x08001fdc                COMP7_IRQHandler
                0x08001fdc                COMP1_2_3_IRQHandler
                0x08001fdc                USART2_IRQHandler
                0x08001fdc                COMP4_5_6_IRQHandler
                0x08001fdc                I2C2_ER_IRQHandler
                0x08001fdc                DMA1_Channel2_IRQHandler
                0x08001fdc                TIM8_BRK_IRQHandler
                0x08001fdc                FLASH_IRQHandler
                0x08001fdc                USART1_IRQHandler
                0x08001fdc                SPI3_IRQHandler
                0x08001fdc                I2C1_ER_IRQHandler
                0x08001fdc                USBWakeUp_IRQHandler
                0x08001fdc                DMA2_Channel3_IRQHandler
                0x08001fdc                EXTI2_TSC_IRQHandler
                0x08001fdc                TIM1_BRK_TIM15_IRQHandler
 *fill*         0x08001fde        0x2 
 .text.MX_USB_DEVICE_Init
                0x08001fe0       0x4c ./Application/User/USB_DEVICE/App/usb_device.o
                0x08001fe0                MX_USB_DEVICE_Init
 .text.USBD_FS_DeviceDescriptor
                0x0800202c       0x24 ./Application/User/USB_DEVICE/App/usbd_desc.o
                0x0800202c                USBD_FS_DeviceDescriptor
 .text.USBD_FS_LangIDStrDescriptor
                0x08002050       0x24 ./Application/User/USB_DEVICE/App/usbd_desc.o
                0x08002050                USBD_FS_LangIDStrDescriptor
 .text.USBD_FS_ProductStrDescriptor
                0x08002074       0x3c ./Application/User/USB_DEVICE/App/usbd_desc.o
                0x08002074                USBD_FS_ProductStrDescriptor
 .text.USBD_FS_ManufacturerStrDescriptor
                0x080020b0       0x28 ./Application/User/USB_DEVICE/App/usbd_desc.o
                0x080020b0                USBD_FS_ManufacturerStrDescriptor
 .text.USBD_FS_SerialStrDescriptor
                0x080020d8       0x24 ./Application/User/USB_DEVICE/App/usbd_desc.o
                0x080020d8                USBD_FS_SerialStrDescriptor
 .text.USBD_FS_ConfigStrDescriptor
                0x080020fc       0x3c ./Application/User/USB_DEVICE/App/usbd_desc.o
                0x080020fc                USBD_FS_ConfigStrDescriptor
 .text.USBD_FS_InterfaceStrDescriptor
                0x08002138       0x3c ./Application/User/USB_DEVICE/App/usbd_desc.o
                0x08002138                USBD_FS_InterfaceStrDescriptor
 .text.Get_SerialNum
                0x08002174       0x58 ./Application/User/USB_DEVICE/App/usbd_desc.o
 .text.IntToUnicode
                0x080021cc       0x7e ./Application/User/USB_DEVICE/App/usbd_desc.o
 *fill*         0x0800224a        0x2 
 .text.HAL_PCD_MspInit
                0x0800224c       0x98 ./Application/User/USB_DEVICE/Target/usbd_conf.o
                0x0800224c                HAL_PCD_MspInit
 .text.HAL_PCD_SetupStageCallback
                0x080022e4       0x24 ./Application/User/USB_DEVICE/Target/usbd_conf.o
                0x080022e4                HAL_PCD_SetupStageCallback
 .text.HAL_PCD_DataOutStageCallback
                0x08002308       0x36 ./Application/User/USB_DEVICE/Target/usbd_conf.o
                0x08002308                HAL_PCD_DataOutStageCallback
 .text.HAL_PCD_DataInStageCallback
                0x0800233e       0x34 ./Application/User/USB_DEVICE/Target/usbd_conf.o
                0x0800233e                HAL_PCD_DataInStageCallback
 .text.HAL_PCD_SOFCallback
                0x08002372       0x1c ./Application/User/USB_DEVICE/Target/usbd_conf.o
                0x08002372                HAL_PCD_SOFCallback
 .text.HAL_PCD_ResetCallback
                0x0800238e       0x3c ./Application/User/USB_DEVICE/Target/usbd_conf.o
                0x0800238e                HAL_PCD_ResetCallback
 *fill*         0x080023ca        0x2 
 .text.HAL_PCD_SuspendCallback
                0x080023cc       0x34 ./Application/User/USB_DEVICE/Target/usbd_conf.o
                0x080023cc                HAL_PCD_SuspendCallback
 .text.HAL_PCD_ResumeCallback
                0x08002400       0x1c ./Application/User/USB_DEVICE/Target/usbd_conf.o
                0x08002400                HAL_PCD_ResumeCallback
 .text.USBD_LL_Init
                0x0800241c       0x90 ./Application/User/USB_DEVICE/Target/usbd_conf.o
                0x0800241c                USBD_LL_Init
 .text.USBD_LL_Start
                0x080024ac       0x36 ./Application/User/USB_DEVICE/Target/usbd_conf.o
                0x080024ac                USBD_LL_Start
 .text.USBD_LL_OpenEP
                0x080024e2       0x4c ./Application/User/USB_DEVICE/Target/usbd_conf.o
                0x080024e2                USBD_LL_OpenEP
 .text.USBD_LL_CloseEP
                0x0800252e       0x3e ./Application/User/USB_DEVICE/Target/usbd_conf.o
                0x0800252e                USBD_LL_CloseEP
 .text.USBD_LL_StallEP
                0x0800256c       0x3e ./Application/User/USB_DEVICE/Target/usbd_conf.o
                0x0800256c                USBD_LL_StallEP
 .text.USBD_LL_ClearStallEP
                0x080025aa       0x3e ./Application/User/USB_DEVICE/Target/usbd_conf.o
                0x080025aa                USBD_LL_ClearStallEP
 .text.USBD_LL_IsStallEP
                0x080025e8       0x58 ./Application/User/USB_DEVICE/Target/usbd_conf.o
                0x080025e8                USBD_LL_IsStallEP
 .text.USBD_LL_SetUSBAddress
                0x08002640       0x3e ./Application/User/USB_DEVICE/Target/usbd_conf.o
                0x08002640                USBD_LL_SetUSBAddress
 .text.USBD_LL_Transmit
                0x0800267e       0x46 ./Application/User/USB_DEVICE/Target/usbd_conf.o
                0x0800267e                USBD_LL_Transmit
 .text.USBD_LL_PrepareReceive
                0x080026c4       0x46 ./Application/User/USB_DEVICE/Target/usbd_conf.o
                0x080026c4                USBD_LL_PrepareReceive
 *fill*         0x0800270a        0x2 
 .text.USBD_static_malloc
                0x0800270c       0x1c ./Application/User/USB_DEVICE/Target/usbd_conf.o
                0x0800270c                USBD_static_malloc
 .text.USBD_static_free
                0x08002728       0x14 ./Application/User/USB_DEVICE/Target/usbd_conf.o
                0x08002728                USBD_static_free
 .text.HAL_PCDEx_SetConnectionState
                0x0800273c       0x18 ./Application/User/USB_DEVICE/Target/usbd_conf.o
                0x0800273c                HAL_PCDEx_SetConnectionState
 .text.USBD_Get_USB_Status
                0x08002754       0x58 ./Application/User/USB_DEVICE/Target/usbd_conf.o
 .text.SystemInit
                0x080027ac       0x24 ./Drivers/CMSIS/system_stm32f3xx.o
                0x080027ac                SystemInit
 .text.HAL_Init
                0x080027d0       0x2c ./Drivers/STM32F3xx_HAL_Driver/stm32f3xx_hal.o
                0x080027d0                HAL_Init
 .text.HAL_InitTick
                0x080027fc       0x60 ./Drivers/STM32F3xx_HAL_Driver/stm32f3xx_hal.o
                0x080027fc                HAL_InitTick
 .text.HAL_IncTick
                0x0800285c       0x28 ./Drivers/STM32F3xx_HAL_Driver/stm32f3xx_hal.o
                0x0800285c                HAL_IncTick
 .text.HAL_GetTick
                0x08002884       0x18 ./Drivers/STM32F3xx_HAL_Driver/stm32f3xx_hal.o
                0x08002884                HAL_GetTick
 .text.HAL_Delay
                0x0800289c       0x48 ./Drivers/STM32F3xx_HAL_Driver/stm32f3xx_hal.o
                0x0800289c                HAL_Delay
 .text.__NVIC_SetPriorityGrouping
                0x080028e4       0x48 ./Drivers/STM32F3xx_HAL_Driver/stm32f3xx_hal_cortex.o
 .text.__NVIC_GetPriorityGrouping
                0x0800292c       0x1c ./Drivers/STM32F3xx_HAL_Driver/stm32f3xx_hal_cortex.o
 .text.__NVIC_EnableIRQ
                0x08002948       0x3c ./Drivers/STM32F3xx_HAL_Driver/stm32f3xx_hal_cortex.o
 .text.__NVIC_SetPriority
                0x08002984       0x54 ./Drivers/STM32F3xx_HAL_Driver/stm32f3xx_hal_cortex.o
 .text.NVIC_EncodePriority
                0x080029d8       0x66 ./Drivers/STM32F3xx_HAL_Driver/stm32f3xx_hal_cortex.o
 *fill*         0x08002a3e        0x2 
 .text.SysTick_Config
                0x08002a40       0x44 ./Drivers/STM32F3xx_HAL_Driver/stm32f3xx_hal_cortex.o
 .text.HAL_NVIC_SetPriorityGrouping
                0x08002a84       0x16 ./Drivers/STM32F3xx_HAL_Driver/stm32f3xx_hal_cortex.o
                0x08002a84                HAL_NVIC_SetPriorityGrouping
 .text.HAL_NVIC_SetPriority
                0x08002a9a       0x38 ./Drivers/STM32F3xx_HAL_Driver/stm32f3xx_hal_cortex.o
                0x08002a9a                HAL_NVIC_SetPriority
 .text.HAL_NVIC_EnableIRQ
                0x08002ad2       0x1c ./Drivers/STM32F3xx_HAL_Driver/stm32f3xx_hal_cortex.o
                0x08002ad2                HAL_NVIC_EnableIRQ
 .text.HAL_SYSTICK_Config
                0x08002aee       0x18 ./Drivers/STM32F3xx_HAL_Driver/stm32f3xx_hal_cortex.o
                0x08002aee                HAL_SYSTICK_Config
 *fill*         0x08002b06        0x2 
 .text.HAL_GPIO_Init
                0x08002b08      0x2f4 ./Drivers/STM32F3xx_HAL_Driver/stm32f3xx_hal_gpio.o
                0x08002b08                HAL_GPIO_Init
 .text.HAL_GPIO_WritePin
                0x08002dfc       0x30 ./Drivers/STM32F3xx_HAL_Driver/stm32f3xx_hal_gpio.o
                0x08002dfc                HAL_GPIO_WritePin
 .text.HAL_GPIO_EXTI_IRQHandler
                0x08002e2c       0x30 ./Drivers/STM32F3xx_HAL_Driver/stm32f3xx_hal_gpio.o
                0x08002e2c                HAL_GPIO_EXTI_IRQHandler
 .text.HAL_I2C_Init
                0x08002e5c      0x136 ./Drivers/STM32F3xx_HAL_Driver/stm32f3xx_hal_i2c.o
                0x08002e5c                HAL_I2C_Init
 *fill*         0x08002f92        0x2 
 .text.HAL_I2C_Mem_Write
                0x08002f94      0x228 ./Drivers/STM32F3xx_HAL_Driver/stm32f3xx_hal_i2c.o
                0x08002f94                HAL_I2C_Mem_Write
 .text.HAL_I2C_Mem_Read
                0x080031bc      0x234 ./Drivers/STM32F3xx_HAL_Driver/stm32f3xx_hal_i2c.o
                0x080031bc                HAL_I2C_Mem_Read
 .text.I2C_RequestMemoryWrite
                0x080033f0       0xa8 ./Drivers/STM32F3xx_HAL_Driver/stm32f3xx_hal_i2c.o
 .text.I2C_RequestMemoryRead
                0x08003498       0xa8 ./Drivers/STM32F3xx_HAL_Driver/stm32f3xx_hal_i2c.o
 .text.I2C_Flush_TXDR
                0x08003540       0x48 ./Drivers/STM32F3xx_HAL_Driver/stm32f3xx_hal_i2c.o
 .text.I2C_WaitOnFlagUntilTimeout
                0x08003588       0xb2 ./Drivers/STM32F3xx_HAL_Driver/stm32f3xx_hal_i2c.o
 .text.I2C_WaitOnTXISFlagUntilTimeout
                0x0800363a       0x8e ./Drivers/STM32F3xx_HAL_Driver/stm32f3xx_hal_i2c.o
 .text.I2C_WaitOnSTOPFlagUntilTimeout
                0x080036c8       0x86 ./Drivers/STM32F3xx_HAL_Driver/stm32f3xx_hal_i2c.o
 *fill*         0x0800374e        0x2 
 .text.I2C_IsErrorOccurred
                0x08003750      0x1c0 ./Drivers/STM32F3xx_HAL_Driver/stm32f3xx_hal_i2c.o
 .text.I2C_TransferConfig
                0x08003910       0x64 ./Drivers/STM32F3xx_HAL_Driver/stm32f3xx_hal_i2c.o
 .text.HAL_I2CEx_ConfigAnalogFilter
                0x08003974       0x96 ./Drivers/STM32F3xx_HAL_Driver/stm32f3xx_hal_i2c_ex.o
                0x08003974                HAL_I2CEx_ConfigAnalogFilter
 .text.HAL_I2CEx_ConfigDigitalFilter
                0x08003a0a       0x98 ./Drivers/STM32F3xx_HAL_Driver/stm32f3xx_hal_i2c_ex.o
                0x08003a0a                HAL_I2CEx_ConfigDigitalFilter
 .text.HAL_PCD_Init
                0x08003aa2      0x18e ./Drivers/STM32F3xx_HAL_Driver/stm32f3xx_hal_pcd.o
                0x08003aa2                HAL_PCD_Init
 .text.HAL_PCD_Start
                0x08003c30       0x4c ./Drivers/STM32F3xx_HAL_Driver/stm32f3xx_hal_pcd.o
                0x08003c30                HAL_PCD_Start
 .text.HAL_PCD_IRQHandler
                0x08003c7c      0x1a8 ./Drivers/STM32F3xx_HAL_Driver/stm32f3xx_hal_pcd.o
                0x08003c7c                HAL_PCD_IRQHandler
 .text.HAL_PCD_SetAddress
                0x08003e24       0x48 ./Drivers/STM32F3xx_HAL_Driver/stm32f3xx_hal_pcd.o
                0x08003e24                HAL_PCD_SetAddress
 .text.HAL_PCD_EP_Open
                0x08003e6c       0xba ./Drivers/STM32F3xx_HAL_Driver/stm32f3xx_hal_pcd.o
                0x08003e6c                HAL_PCD_EP_Open
 .text.HAL_PCD_EP_Close
                0x08003f26       0x90 ./Drivers/STM32F3xx_HAL_Driver/stm32f3xx_hal_pcd.o
                0x08003f26                HAL_PCD_EP_Close
 .text.HAL_PCD_EP_Receive
                0x08003fb6       0x62 ./Drivers/STM32F3xx_HAL_Driver/stm32f3xx_hal_pcd.o
                0x08003fb6                HAL_PCD_EP_Receive
 .text.HAL_PCD_EP_Transmit
                0x08004018       0x6e ./Drivers/STM32F3xx_HAL_Driver/stm32f3xx_hal_pcd.o
                0x08004018                HAL_PCD_EP_Transmit
 .text.HAL_PCD_EP_SetStall
                0x08004086       0xa4 ./Drivers/STM32F3xx_HAL_Driver/stm32f3xx_hal_pcd.o
                0x08004086                HAL_PCD_EP_SetStall
 .text.HAL_PCD_EP_ClrStall
                0x0800412a       0xa8 ./Drivers/STM32F3xx_HAL_Driver/stm32f3xx_hal_pcd.o
                0x0800412a                HAL_PCD_EP_ClrStall
 .text.PCD_EP_ISR_Handler
                0x080041d2      0x79e ./Drivers/STM32F3xx_HAL_Driver/stm32f3xx_hal_pcd.o
 .text.HAL_PCD_EP_DB_Receive
                0x08004970      0x21a ./Drivers/STM32F3xx_HAL_Driver/stm32f3xx_hal_pcd.o
 .text.HAL_PCD_EP_DB_Transmit
                0x08004b8a      0x7f4 ./Drivers/STM32F3xx_HAL_Driver/stm32f3xx_hal_pcd.o
 .text.HAL_PCDEx_PMAConfig
                0x0800537e       0x86 ./Drivers/STM32F3xx_HAL_Driver/stm32f3xx_hal_pcd_ex.o
                0x0800537e                HAL_PCDEx_PMAConfig
 .text.HAL_RCC_OscConfig
                0x08005404     0x107c ./Drivers/STM32F3xx_HAL_Driver/stm32f3xx_hal_rcc.o
                0x08005404                HAL_RCC_OscConfig
 .text.HAL_RCC_ClockConfig
                0x08006480      0x2f8 ./Drivers/STM32F3xx_HAL_Driver/stm32f3xx_hal_rcc.o
                0x08006480                HAL_RCC_ClockConfig
 .text.HAL_RCC_GetSysClockFreq
                0x08006778       0xa8 ./Drivers/STM32F3xx_HAL_Driver/stm32f3xx_hal_rcc.o
                0x08006778                HAL_RCC_GetSysClockFreq
 .text.HAL_RCCEx_PeriphCLKConfig
                0x08006820      0x360 ./Drivers/STM32F3xx_HAL_Driver/stm32f3xx_hal_rcc_ex.o
                0x08006820                HAL_RCCEx_PeriphCLKConfig
 .text.HAL_SPI_Init
                0x08006b80      0x156 ./Drivers/STM32F3xx_HAL_Driver/stm32f3xx_hal_spi.o
                0x08006b80                HAL_SPI_Init
 .text.HAL_SPI_TransmitReceive
                0x08006cd6      0x444 ./Drivers/STM32F3xx_HAL_Driver/stm32f3xx_hal_spi.o
                0x08006cd6                HAL_SPI_TransmitReceive
 *fill*         0x0800711a        0x2 
 .text.SPI_WaitFlagStateUntilTimeout
                0x0800711c      0x110 ./Drivers/STM32F3xx_HAL_Driver/stm32f3xx_hal_spi.o
 .text.SPI_WaitFifoStateUntilTimeout
                0x0800722c      0x12c ./Drivers/STM32F3xx_HAL_Driver/stm32f3xx_hal_spi.o
 .text.SPI_EndRxTxTransaction
                0x08007358       0x8c ./Drivers/STM32F3xx_HAL_Driver/stm32f3xx_hal_spi.o
 .text.USB_EnableGlobalInt
                0x080073e4       0x2e ./Drivers/STM32F3xx_HAL_Driver/stm32f3xx_ll_usb.o
                0x080073e4                USB_EnableGlobalInt
 .text.USB_DisableGlobalInt
                0x08007412       0x36 ./Drivers/STM32F3xx_HAL_Driver/stm32f3xx_ll_usb.o
                0x08007412                USB_DisableGlobalInt
 .text.USB_DevInit
                0x08007448       0x3c ./Drivers/STM32F3xx_HAL_Driver/stm32f3xx_ll_usb.o
                0x08007448                USB_DevInit
 .text.USB_ActivateEndpoint
                0x08007484      0x788 ./Drivers/STM32F3xx_HAL_Driver/stm32f3xx_ll_usb.o
                0x08007484                USB_ActivateEndpoint
 .text.USB_DeactivateEndpoint
                0x08007c0c      0x3da ./Drivers/STM32F3xx_HAL_Driver/stm32f3xx_ll_usb.o
                0x08007c0c                USB_DeactivateEndpoint
 .text.USB_EPStartXfer
                0x08007fe6     0x1764 ./Drivers/STM32F3xx_HAL_Driver/stm32f3xx_ll_usb.o
                0x08007fe6                USB_EPStartXfer
 .text.USB_EPSetStall
                0x0800974a       0xa2 ./Drivers/STM32F3xx_HAL_Driver/stm32f3xx_ll_usb.o
                0x0800974a                USB_EPSetStall
 .text.USB_EPClearStall
                0x080097ec      0x15c ./Drivers/STM32F3xx_HAL_Driver/stm32f3xx_ll_usb.o
                0x080097ec                USB_EPClearStall
 .text.USB_SetDevAddress
                0x08009948       0x28 ./Drivers/STM32F3xx_HAL_Driver/stm32f3xx_ll_usb.o
                0x08009948                USB_SetDevAddress
 .text.USB_DevConnect
                0x08009970       0x16 ./Drivers/STM32F3xx_HAL_Driver/stm32f3xx_ll_usb.o
                0x08009970                USB_DevConnect
 .text.USB_ReadInterrupts
                0x08009986       0x20 ./Drivers/STM32F3xx_HAL_Driver/stm32f3xx_ll_usb.o
                0x08009986                USB_ReadInterrupts
 .text.USB_WritePMA
                0x080099a6       0x8c ./Drivers/STM32F3xx_HAL_Driver/stm32f3xx_ll_usb.o
                0x080099a6                USB_WritePMA
 .text.USB_ReadPMA
                0x08009a32       0xa0 ./Drivers/STM32F3xx_HAL_Driver/stm32f3xx_ll_usb.o
                0x08009a32                USB_ReadPMA
 .text.USBD_Init
                0x08009ad2       0x56 ./Middlewares/USB_Device_Library/usbd_core.o
                0x08009ad2                USBD_Init
 .text.USBD_RegisterClass
                0x08009b28       0x34 ./Middlewares/USB_Device_Library/usbd_core.o
                0x08009b28                USBD_RegisterClass
 .text.USBD_Start
                0x08009b5c       0x18 ./Middlewares/USB_Device_Library/usbd_core.o
                0x08009b5c                USBD_Start
 .text.USBD_RunTestMode
                0x08009b74       0x16 ./Middlewares/USB_Device_Library/usbd_core.o
                0x08009b74                USBD_RunTestMode
 .text.USBD_SetClassConfig
                0x08009b8a       0x3e ./Middlewares/USB_Device_Library/usbd_core.o
                0x08009b8a                USBD_SetClassConfig
 .text.USBD_ClrClassConfig
                0x08009bc8       0x26 ./Middlewares/USB_Device_Library/usbd_core.o
                0x08009bc8                USBD_ClrClassConfig
 .text.USBD_LL_SetupStage
                0x08009bee       0x9a ./Middlewares/USB_Device_Library/usbd_core.o
                0x08009bee                USBD_LL_SetupStage
 .text.USBD_LL_DataOutStage
                0x08009c88       0xe2 ./Middlewares/USB_Device_Library/usbd_core.o
                0x08009c88                USBD_LL_DataOutStage
 .text.USBD_LL_DataInStage
                0x08009d6a      0x14a ./Middlewares/USB_Device_Library/usbd_core.o
                0x08009d6a                USBD_LL_DataInStage
 .text.USBD_LL_Reset
                0x08009eb4       0x82 ./Middlewares/USB_Device_Library/usbd_core.o
                0x08009eb4                USBD_LL_Reset
 .text.USBD_LL_SetSpeed
                0x08009f36       0x20 ./Middlewares/USB_Device_Library/usbd_core.o
                0x08009f36                USBD_LL_SetSpeed
 .text.USBD_LL_Suspend
                0x08009f56       0x2a ./Middlewares/USB_Device_Library/usbd_core.o
                0x08009f56                USBD_LL_Suspend
 .text.USBD_LL_Resume
                0x08009f80       0x2c ./Middlewares/USB_Device_Library/usbd_core.o
                0x08009f80                USBD_LL_Resume
 .text.USBD_LL_SOF
                0x08009fac       0x34 ./Middlewares/USB_Device_Library/usbd_core.o
                0x08009fac                USBD_LL_SOF
 .text.USBD_StdDevReq
                0x08009fe0       0xd4 ./Middlewares/USB_Device_Library/usbd_ctlreq.o
                0x08009fe0                USBD_StdDevReq
 .text.USBD_StdItfReq
                0x0800a0b4       0x90 ./Middlewares/USB_Device_Library/usbd_ctlreq.o
                0x0800a0b4                USBD_StdItfReq
 .text.USBD_StdEPReq
                0x0800a144      0x2c6 ./Middlewares/USB_Device_Library/usbd_ctlreq.o
                0x0800a144                USBD_StdEPReq
 *fill*         0x0800a40a        0x2 
 .text.USBD_GetDescriptor
                0x0800a40c      0x2d0 ./Middlewares/USB_Device_Library/usbd_ctlreq.o
 .text.USBD_SetAddress
                0x0800a6dc       0x86 ./Middlewares/USB_Device_Library/usbd_ctlreq.o
 *fill*         0x0800a762        0x2 
 .text.USBD_SetConfig
                0x0800a764      0x11c ./Middlewares/USB_Device_Library/usbd_ctlreq.o
 .text.USBD_GetConfig
                0x0800a880       0x6a ./Middlewares/USB_Device_Library/usbd_ctlreq.o
 .text.USBD_GetStatus
                0x0800a8ea       0x66 ./Middlewares/USB_Device_Library/usbd_ctlreq.o
 .text.USBD_SetFeature
                0x0800a950       0x28 ./Middlewares/USB_Device_Library/usbd_ctlreq.o
 .text.USBD_ClrFeature
                0x0800a978       0x42 ./Middlewares/USB_Device_Library/usbd_ctlreq.o
 .text.USBD_ParseSetupRequest
                0x0800a9ba       0x74 ./Middlewares/USB_Device_Library/usbd_ctlreq.o
                0x0800a9ba                USBD_ParseSetupRequest
 .text.USBD_CtlError
                0x0800aa2e       0x22 ./Middlewares/USB_Device_Library/usbd_ctlreq.o
                0x0800aa2e                USBD_CtlError
 .text.USBD_GetString
                0x0800aa50       0x84 ./Middlewares/USB_Device_Library/usbd_ctlreq.o
                0x0800aa50                USBD_GetString
 .text.USBD_GetLen
                0x0800aad4       0x30 ./Middlewares/USB_Device_Library/usbd_ctlreq.o
 .text.USBD_HID_Init
                0x0800ab04       0x4e ./Middlewares/USB_Device_Library/usbd_hid.o
 .text.USBD_HID_DeInit
                0x0800ab52       0x42 ./Middlewares/USB_Device_Library/usbd_hid.o
 .text.USBD_HID_Setup
                0x0800ab94      0x1fc ./Middlewares/USB_Device_Library/usbd_hid.o
 .text.USBD_HID_SendReport
                0x0800ad90       0x44 ./Middlewares/USB_Device_Library/usbd_hid.o
                0x0800ad90                USBD_HID_SendReport
 .text.USBD_HID_GetFSCfgDesc
                0x0800add4       0x20 ./Middlewares/USB_Device_Library/usbd_hid.o
 .text.USBD_HID_GetHSCfgDesc
                0x0800adf4       0x20 ./Middlewares/USB_Device_Library/usbd_hid.o
 .text.USBD_HID_GetOtherSpeedCfgDesc
                0x0800ae14       0x20 ./Middlewares/USB_Device_Library/usbd_hid.o
 .text.USBD_HID_DataIn
                0x0800ae34       0x24 ./Middlewares/USB_Device_Library/usbd_hid.o
 .text.USBD_HID_GetDeviceQualifierDesc
                0x0800ae58       0x20 ./Middlewares/USB_Device_Library/usbd_hid.o
 .text.USBD_CtlSendData
                0x0800ae78       0x38 ./Middlewares/USB_Device_Library/usbd_ioreq.o
                0x0800ae78                USBD_CtlSendData
 .text.USBD_CtlContinueSendData
                0x0800aeb0       0x24 ./Middlewares/USB_Device_Library/usbd_ioreq.o
                0x0800aeb0                USBD_CtlContinueSendData
 .text.USBD_CtlContinueRx
                0x0800aed4       0x24 ./Middlewares/USB_Device_Library/usbd_ioreq.o
                0x0800aed4                USBD_CtlContinueRx
 .text.USBD_CtlSendStatus
                0x0800aef8       0x26 ./Middlewares/USB_Device_Library/usbd_ioreq.o
                0x0800aef8                USBD_CtlSendStatus
 .text.USBD_CtlReceiveStatus
                0x0800af1e       0x26 ./Middlewares/USB_Device_Library/usbd_ioreq.o
                0x0800af1e                USBD_CtlReceiveStatus
 .text.sprintf  0x0800af44       0x40 C:/ST/STM32CubeIDE_1.16.1/STM32CubeIDE/plugins/com.st.stm32cube.ide.mcu.externaltools.gnu-tools-for-stm32.12.3.rel1.win32_1.1.0.202410251130/tools/bin/../lib/gcc/arm-none-eabi/12.3.1/../../../../arm-none-eabi/lib/thumb/v7e-m+fp/hard\libc_nano.a(libc_a-sprintf.o)
                0x0800af44                siprintf
                0x0800af44                sprintf
 .text.memset   0x0800af84       0x10 C:/ST/STM32CubeIDE_1.16.1/STM32CubeIDE/plugins/com.st.stm32cube.ide.mcu.externaltools.gnu-tools-for-stm32.12.3.rel1.win32_1.1.0.202410251130/tools/bin/../lib/gcc/arm-none-eabi/12.3.1/../../../../arm-none-eabi/lib/thumb/v7e-m+fp/hard\libc_nano.a(libc_a-memset.o)
                0x0800af84                memset
 .text.__errno  0x0800af94        0xc C:/ST/STM32CubeIDE_1.16.1/STM32CubeIDE/plugins/com.st.stm32cube.ide.mcu.externaltools.gnu-tools-for-stm32.12.3.rel1.win32_1.1.0.202410251130/tools/bin/../lib/gcc/arm-none-eabi/12.3.1/../../../../arm-none-eabi/lib/thumb/v7e-m+fp/hard\libc_nano.a(libc_a-errno.o)
                0x0800af94                __errno
 .text.__libc_init_array
                0x0800afa0       0x48 C:/ST/STM32CubeIDE_1.16.1/STM32CubeIDE/plugins/com.st.stm32cube.ide.mcu.externaltools.gnu-tools-for-stm32.12.3.rel1.win32_1.1.0.202410251130/tools/bin/../lib/gcc/arm-none-eabi/12.3.1/../../../../arm-none-eabi/lib/thumb/v7e-m+fp/hard\libc_nano.a(libc_a-init.o)
                0x0800afa0                __libc_init_array
 .text.__retarget_lock_acquire_recursive
                0x0800afe8        0x2 C:/ST/STM32CubeIDE_1.16.1/STM32CubeIDE/plugins/com.st.stm32cube.ide.mcu.externaltools.gnu-tools-for-stm32.12.3.rel1.win32_1.1.0.202410251130/tools/bin/../lib/gcc/arm-none-eabi/12.3.1/../../../../arm-none-eabi/lib/thumb/v7e-m+fp/hard\libc_nano.a(libc_a-lock.o)
                0x0800afe8                __retarget_lock_acquire_recursive
 .text.__retarget_lock_release_recursive
                0x0800afea        0x2 C:/ST/STM32CubeIDE_1.16.1/STM32CubeIDE/plugins/com.st.stm32cube.ide.mcu.externaltools.gnu-tools-for-stm32.12.3.rel1.win32_1.1.0.202410251130/tools/bin/../lib/gcc/arm-none-eabi/12.3.1/../../../../arm-none-eabi/lib/thumb/v7e-m+fp/hard\libc_nano.a(libc_a-lock.o)
                0x0800afea                __retarget_lock_release_recursive
 .text._free_r  0x0800afec       0x94 C:/ST/STM32CubeIDE_1.16.1/STM32CubeIDE/plugins/com.st.stm32cube.ide.mcu.externaltools.gnu-tools-for-stm32.12.3.rel1.win32_1.1.0.202410251130/tools/bin/../lib/gcc/arm-none-eabi/12.3.1/../../../../arm-none-eabi/lib/thumb/v7e-m+fp/hard\libc_nano.a(libc_a-freer.o)
                0x0800afec                _free_r
 .text.sbrk_aligned
                0x0800b080       0x44 C:/ST/STM32CubeIDE_1.16.1/STM32CubeIDE/plugins/com.st.stm32cube.ide.mcu.externaltools.gnu-tools-for-stm32.12.3.rel1.win32_1.1.0.202410251130/tools/bin/../lib/gcc/arm-none-eabi/12.3.1/../../../../arm-none-eabi/lib/thumb/v7e-m+fp/hard\libc_nano.a(libc_a-mallocr.o)
 .text._malloc_r
                0x0800b0c4      0x100 C:/ST/STM32CubeIDE_1.16.1/STM32CubeIDE/plugins/com.st.stm32cube.ide.mcu.externaltools.gnu-tools-for-stm32.12.3.rel1.win32_1.1.0.202410251130/tools/bin/../lib/gcc/arm-none-eabi/12.3.1/../../../../arm-none-eabi/lib/thumb/v7e-m+fp/hard\libc_nano.a(libc_a-mallocr.o)
                0x0800b0c4                _malloc_r
 .text.__malloc_lock
                0x0800b1c4        0xc C:/ST/STM32CubeIDE_1.16.1/STM32CubeIDE/plugins/com.st.stm32cube.ide.mcu.externaltools.gnu-tools-for-stm32.12.3.rel1.win32_1.1.0.202410251130/tools/bin/../lib/gcc/arm-none-eabi/12.3.1/../../../../arm-none-eabi/lib/thumb/v7e-m+fp/hard\libc_nano.a(libc_a-mlock.o)
                0x0800b1c4                __malloc_lock
 .text.__malloc_unlock
                0x0800b1d0        0xc C:/ST/STM32CubeIDE_1.16.1/STM32CubeIDE/plugins/com.st.stm32cube.ide.mcu.externaltools.gnu-tools-for-stm32.12.3.rel1.win32_1.1.0.202410251130/tools/bin/../lib/gcc/arm-none-eabi/12.3.1/../../../../arm-none-eabi/lib/thumb/v7e-m+fp/hard\libc_nano.a(libc_a-mlock.o)
                0x0800b1d0                __malloc_unlock
 .text.__ssputs_r
                0x0800b1dc       0xb6 C:/ST/STM32CubeIDE_1.16.1/STM32CubeIDE/plugins/com.st.stm32cube.ide.mcu.externaltools.gnu-tools-for-stm32.12.3.rel1.win32_1.1.0.202410251130/tools/bin/../lib/gcc/arm-none-eabi/12.3.1/../../../../arm-none-eabi/lib/thumb/v7e-m+fp/hard\libc_nano.a(libc_a-nano-svfprintf.o)
                0x0800b1dc                __ssputs_r
 *fill*         0x0800b292        0x2 
 .text._svfprintf_r
                0x0800b294      0x1f8 C:/ST/STM32CubeIDE_1.16.1/STM32CubeIDE/plugins/com.st.stm32cube.ide.mcu.externaltools.gnu-tools-for-stm32.12.3.rel1.win32_1.1.0.202410251130/tools/bin/../lib/gcc/arm-none-eabi/12.3.1/../../../../arm-none-eabi/lib/thumb/v7e-m+fp/hard\libc_nano.a(libc_a-nano-svfprintf.o)
                0x0800b294                _svfiprintf_r
                0x0800b294                _svfprintf_r
 .text._printf_common
                0x0800b48c       0xda C:/ST/STM32CubeIDE_1.16.1/STM32CubeIDE/plugins/com.st.stm32cube.ide.mcu.externaltools.gnu-tools-for-stm32.12.3.rel1.win32_1.1.0.202410251130/tools/bin/../lib/gcc/arm-none-eabi/12.3.1/../../../../arm-none-eabi/lib/thumb/v7e-m+fp/hard\libc_nano.a(libc_a-nano-vfprintf_i.o)
                0x0800b48c                _printf_common
 *fill*         0x0800b566        0x2 
 .text._printf_i
                0x0800b568      0x240 C:/ST/STM32CubeIDE_1.16.1/STM32CubeIDE/plugins/com.st.stm32cube.ide.mcu.externaltools.gnu-tools-for-stm32.12.3.rel1.win32_1.1.0.202410251130/tools/bin/../lib/gcc/arm-none-eabi/12.3.1/../../../../arm-none-eabi/lib/thumb/v7e-m+fp/hard\libc_nano.a(libc_a-nano-vfprintf_i.o)
                0x0800b568                _printf_i
 .text.memmove  0x0800b7a8       0x34 C:/ST/STM32CubeIDE_1.16.1/STM32CubeIDE/plugins/com.st.stm32cube.ide.mcu.externaltools.gnu-tools-for-stm32.12.3.rel1.win32_1.1.0.202410251130/tools/bin/../lib/gcc/arm-none-eabi/12.3.1/../../../../arm-none-eabi/lib/thumb/v7e-m+fp/hard\libc_nano.a(libc_a-memmove.o)
                0x0800b7a8                memmove
 .text._sbrk_r  0x0800b7dc       0x20 C:/ST/STM32CubeIDE_1.16.1/STM32CubeIDE/plugins/com.st.stm32cube.ide.mcu.externaltools.gnu-tools-for-stm32.12.3.rel1.win32_1.1.0.202410251130/tools/bin/../lib/gcc/arm-none-eabi/12.3.1/../../../../arm-none-eabi/lib/thumb/v7e-m+fp/hard\libc_nano.a(libc_a-sbrkr.o)
                0x0800b7dc                _sbrk_r
 .text.memcpy   0x0800b7fc       0x1c C:/ST/STM32CubeIDE_1.16.1/STM32CubeIDE/plugins/com.st.stm32cube.ide.mcu.externaltools.gnu-tools-for-stm32.12.3.rel1.win32_1.1.0.202410251130/tools/bin/../lib/gcc/arm-none-eabi/12.3.1/../../../../arm-none-eabi/lib/thumb/v7e-m+fp/hard\libc_nano.a(libc_a-memcpy-stub.o)
                0x0800b7fc                memcpy
 .text._realloc_r
                0x0800b818       0x5c C:/ST/STM32CubeIDE_1.16.1/STM32CubeIDE/plugins/com.st.stm32cube.ide.mcu.externaltools.gnu-tools-for-stm32.12.3.rel1.win32_1.1.0.202410251130/tools/bin/../lib/gcc/arm-none-eabi/12.3.1/../../../../arm-none-eabi/lib/thumb/v7e-m+fp/hard\libc_nano.a(libc_a-reallocr.o)
                0x0800b818                _realloc_r
 .text._malloc_usable_size_r
                0x0800b874       0x10 C:/ST/STM32CubeIDE_1.16.1/STM32CubeIDE/plugins/com.st.stm32cube.ide.mcu.externaltools.gnu-tools-for-stm32.12.3.rel1.win32_1.1.0.202410251130/tools/bin/../lib/gcc/arm-none-eabi/12.3.1/../../../../arm-none-eabi/lib/thumb/v7e-m+fp/hard\libc_nano.a(libc_a-msizer.o)
                0x0800b874                _malloc_usable_size_r
 .text.atan2    0x0800b884        0x4 C:/ST/STM32CubeIDE_1.16.1/STM32CubeIDE/plugins/com.st.stm32cube.ide.mcu.externaltools.gnu-tools-for-stm32.12.3.rel1.win32_1.1.0.202410251130/tools/bin/../lib/gcc/arm-none-eabi/12.3.1/../../../../arm-none-eabi/lib/thumb/v7e-m+fp/hard\libm.a(libm_a-w_atan2.o)
                0x0800b884                atan2
 .text.sqrt     0x0800b888       0x58 C:/ST/STM32CubeIDE_1.16.1/STM32CubeIDE/plugins/com.st.stm32cube.ide.mcu.externaltools.gnu-tools-for-stm32.12.3.rel1.win32_1.1.0.202410251130/tools/bin/../lib/gcc/arm-none-eabi/12.3.1/../../../../arm-none-eabi/lib/thumb/v7e-m+fp/hard\libm.a(libm_a-w_sqrt.o)
                0x0800b888                sqrt
 .text.cos      0x0800b8e0       0xa8 C:/ST/STM32CubeIDE_1.16.1/STM32CubeIDE/plugins/com.st.stm32cube.ide.mcu.externaltools.gnu-tools-for-stm32.12.3.rel1.win32_1.1.0.202410251130/tools/bin/../lib/gcc/arm-none-eabi/12.3.1/../../../../arm-none-eabi/lib/thumb/v7e-m+fp/hard\libm.a(libm_a-s_cos.o)
                0x0800b8e0                cos
 .text.sin      0x0800b988       0xa8 C:/ST/STM32CubeIDE_1.16.1/STM32CubeIDE/plugins/com.st.stm32cube.ide.mcu.externaltools.gnu-tools-for-stm32.12.3.rel1.win32_1.1.0.202410251130/tools/bin/../lib/gcc/arm-none-eabi/12.3.1/../../../../arm-none-eabi/lib/thumb/v7e-m+fp/hard\libm.a(libm_a-s_sin.o)
                0x0800b988                sin
 .text.__ieee754_sqrt
                0x0800ba30      0x1b4 C:/ST/STM32CubeIDE_1.16.1/STM32CubeIDE/plugins/com.st.stm32cube.ide.mcu.externaltools.gnu-tools-for-stm32.12.3.rel1.win32_1.1.0.202410251130/tools/bin/../lib/gcc/arm-none-eabi/12.3.1/../../../../arm-none-eabi/lib/thumb/v7e-m+fp/hard\libm.a(libm_a-e_sqrt.o)
                0x0800ba30                __ieee754_sqrt
 *fill*         0x0800bbe4        0x4 
 .text.__kernel_cos
                0x0800bbe8      0x18c C:/ST/STM32CubeIDE_1.16.1/STM32CubeIDE/plugins/com.st.stm32cube.ide.mcu.externaltools.gnu-tools-for-stm32.12.3.rel1.win32_1.1.0.202410251130/tools/bin/../lib/gcc/arm-none-eabi/12.3.1/../../../../arm-none-eabi/lib/thumb/v7e-m+fp/hard\libm.a(libm_a-k_cos.o)
                0x0800bbe8                __kernel_cos
 *fill*         0x0800bd74        0x4 
 .text.__kernel_sin
                0x0800bd78      0x174 C:/ST/STM32CubeIDE_1.16.1/STM32CubeIDE/plugins/com.st.stm32cube.ide.mcu.externaltools.gnu-tools-for-stm32.12.3.rel1.win32_1.1.0.202410251130/tools/bin/../lib/gcc/arm-none-eabi/12.3.1/../../../../arm-none-eabi/lib/thumb/v7e-m+fp/hard\libm.a(libm_a-k_sin.o)
                0x0800bd78                __kernel_sin
 *fill*         0x0800beec        0x4 
 .text.__ieee754_atan2
                0x0800bef0      0x18c C:/ST/STM32CubeIDE_1.16.1/STM32CubeIDE/plugins/com.st.stm32cube.ide.mcu.externaltools.gnu-tools-for-stm32.12.3.rel1.win32_1.1.0.202410251130/tools/bin/../lib/gcc/arm-none-eabi/12.3.1/../../../../arm-none-eabi/lib/thumb/v7e-m+fp/hard\libm.a(libm_a-e_atan2.o)
                0x0800bef0                __ieee754_atan2
 *fill*         0x0800c07c        0x4 
 .text.__ieee754_rem_pio2
                0x0800c080      0x3f8 C:/ST/STM32CubeIDE_1.16.1/STM32CubeIDE/plugins/com.st.stm32cube.ide.mcu.externaltools.gnu-tools-for-stm32.12.3.rel1.win32_1.1.0.202410251130/tools/bin/../lib/gcc/arm-none-eabi/12.3.1/../../../../arm-none-eabi/lib/thumb/v7e-m+fp/hard\libm.a(libm_a-e_rem_pio2.o)
                0x0800c080                __ieee754_rem_pio2
 .text.atan     0x0800c478      0x330 C:/ST/STM32CubeIDE_1.16.1/STM32CubeIDE/plugins/com.st.stm32cube.ide.mcu.externaltools.gnu-tools-for-stm32.12.3.rel1.win32_1.1.0.202410251130/tools/bin/../lib/gcc/arm-none-eabi/12.3.1/../../../../arm-none-eabi/lib/thumb/v7e-m+fp/hard\libm.a(libm_a-s_atan.o)
                0x0800c478                atan
 .text.fabs     0x0800c7a8       0x10 C:/ST/STM32CubeIDE_1.16.1/STM32CubeIDE/plugins/com.st.stm32cube.ide.mcu.externaltools.gnu-tools-for-stm32.12.3.rel1.win32_1.1.0.202410251130/tools/bin/../lib/gcc/arm-none-eabi/12.3.1/../../../../arm-none-eabi/lib/thumb/v7e-m+fp/hard\libm.a(libm_a-s_fabs.o)
                0x0800c7a8                fabs
 .text.__kernel_rem_pio2
                0x0800c7b8      0x6b0 C:/ST/STM32CubeIDE_1.16.1/STM32CubeIDE/plugins/com.st.stm32cube.ide.mcu.externaltools.gnu-tools-for-stm32.12.3.rel1.win32_1.1.0.202410251130/tools/bin/../lib/gcc/arm-none-eabi/12.3.1/../../../../arm-none-eabi/lib/thumb/v7e-m+fp/hard\libm.a(libm_a-k_rem_pio2.o)
                0x0800c7b8                __kernel_rem_pio2
 .text.scalbn   0x0800ce68       0xfc C:/ST/STM32CubeIDE_1.16.1/STM32CubeIDE/plugins/com.st.stm32cube.ide.mcu.externaltools.gnu-tools-for-stm32.12.3.rel1.win32_1.1.0.202410251130/tools/bin/../lib/gcc/arm-none-eabi/12.3.1/../../../../arm-none-eabi/lib/thumb/v7e-m+fp/hard\libm.a(libm_a-s_scalbn.o)
                0x0800ce68                scalbn
 *fill*         0x0800cf64        0x4 
 .text.floor    0x0800cf68       0xf8 C:/ST/STM32CubeIDE_1.16.1/STM32CubeIDE/plugins/com.st.stm32cube.ide.mcu.externaltools.gnu-tools-for-stm32.12.3.rel1.win32_1.1.0.202410251130/tools/bin/../lib/gcc/arm-none-eabi/12.3.1/../../../../arm-none-eabi/lib/thumb/v7e-m+fp/hard\libm.a(libm_a-s_floor.o)
                0x0800cf68                floor
 *(.glue_7)
 .glue_7        0x0800d060        0x0 linker stubs
 *(.glue_7t)
 .glue_7t       0x0800d060        0x0 linker stubs
 *(.eh_frame)
 .eh_frame      0x0800d060        0x0 C:/ST/STM32CubeIDE_1.16.1/STM32CubeIDE/plugins/com.st.stm32cube.ide.mcu.externaltools.gnu-tools-for-stm32.12.3.rel1.win32_1.1.0.202410251130/tools/bin/../lib/gcc/arm-none-eabi/12.3.1/thumb/v7e-m+fp/hard/crtbegin.o
 *(.init)
 .init          0x0800d060        0x4 C:/ST/STM32CubeIDE_1.16.1/STM32CubeIDE/plugins/com.st.stm32cube.ide.mcu.externaltools.gnu-tools-for-stm32.12.3.rel1.win32_1.1.0.202410251130/tools/bin/../lib/gcc/arm-none-eabi/12.3.1/thumb/v7e-m+fp/hard/crti.o
                0x0800d060                _init
 .init          0x0800d064        0x8 C:/ST/STM32CubeIDE_1.16.1/STM32CubeIDE/plugins/com.st.stm32cube.ide.mcu.externaltools.gnu-tools-for-stm32.12.3.rel1.win32_1.1.0.202410251130/tools/bin/../lib/gcc/arm-none-eabi/12.3.1/thumb/v7e-m+fp/hard/crtn.o
 *(.fini)
 .fini          0x0800d06c        0x4 C:/ST/STM32CubeIDE_1.16.1/STM32CubeIDE/plugins/com.st.stm32cube.ide.mcu.externaltools.gnu-tools-for-stm32.12.3.rel1.win32_1.1.0.202410251130/tools/bin/../lib/gcc/arm-none-eabi/12.3.1/thumb/v7e-m+fp/hard/crti.o
                0x0800d06c                _fini
 .fini          0x0800d070        0x8 C:/ST/STM32CubeIDE_1.16.1/STM32CubeIDE/plugins/com.st.stm32cube.ide.mcu.externaltools.gnu-tools-for-stm32.12.3.rel1.win32_1.1.0.202410251130/tools/bin/../lib/gcc/arm-none-eabi/12.3.1/thumb/v7e-m+fp/hard/crtn.o
                0x0800d078                        . = ALIGN (0x4)
                0x0800d078                        _etext = .

.vfp11_veneer   0x0800d078        0x0
 .vfp11_veneer  0x0800d078        0x0 linker stubs

.v4_bx          0x0800d078        0x0
 .v4_bx         0x0800d078        0x0 linker stubs

.iplt           0x0800d078        0x0
 .iplt          0x0800d078        0x0 C:/ST/STM32CubeIDE_1.16.1/STM32CubeIDE/plugins/com.st.stm32cube.ide.mcu.externaltools.gnu-tools-for-stm32.12.3.rel1.win32_1.1.0.202410251130/tools/bin/../lib/gcc/arm-none-eabi/12.3.1/thumb/v7e-m+fp/hard/crtbegin.o

.rodata         0x0800d078      0x318
                0x0800d078                        . = ALIGN (0x4)
 *(.rodata)
 .rodata        0x0800d078       0x1e ./Application/User/Core/main.o
 *fill*         0x0800d096        0x2 
 .rodata        0x0800d098       0x46 ./Application/User/USB_DEVICE/App/usbd_desc.o
 *(.rodata*)
 *fill*         0x0800d0de        0x2 
 .rodata.AHBPrescTable
                0x0800d0e0       0x10 ./Drivers/CMSIS/system_stm32f3xx.o
                0x0800d0e0                AHBPrescTable
 .rodata.aPLLMULFactorTable
                0x0800d0f0       0x10 ./Drivers/STM32F3xx_HAL_Driver/stm32f3xx_hal_rcc.o
 .rodata.aPredivFactorTable
                0x0800d100       0x10 ./Drivers/STM32F3xx_HAL_Driver/stm32f3xx_hal_rcc.o
 .rodata._svfprintf_r.str1.1
                0x0800d110       0x11 C:/ST/STM32CubeIDE_1.16.1/STM32CubeIDE/plugins/com.st.stm32cube.ide.mcu.externaltools.gnu-tools-for-stm32.12.3.rel1.win32_1.1.0.202410251130/tools/bin/../lib/gcc/arm-none-eabi/12.3.1/../../../../arm-none-eabi/lib/thumb/v7e-m+fp/hard\libc_nano.a(libc_a-nano-svfprintf.o)
 .rodata._printf_i.str1.1
                0x0800d121       0x22 C:/ST/STM32CubeIDE_1.16.1/STM32CubeIDE/plugins/com.st.stm32cube.ide.mcu.externaltools.gnu-tools-for-stm32.12.3.rel1.win32_1.1.0.202410251130/tools/bin/../lib/gcc/arm-none-eabi/12.3.1/../../../../arm-none-eabi/lib/thumb/v7e-m+fp/hard\libc_nano.a(libc_a-nano-vfprintf_i.o)
 *fill*         0x0800d143        0x5 
 .rodata.CSWTCH.9
                0x0800d148       0x18 C:/ST/STM32CubeIDE_1.16.1/STM32CubeIDE/plugins/com.st.stm32cube.ide.mcu.externaltools.gnu-tools-for-stm32.12.3.rel1.win32_1.1.0.202410251130/tools/bin/../lib/gcc/arm-none-eabi/12.3.1/../../../../arm-none-eabi/lib/thumb/v7e-m+fp/hard\libm.a(libm_a-e_atan2.o)
 .rodata.CSWTCH.8
                0x0800d160       0x18 C:/ST/STM32CubeIDE_1.16.1/STM32CubeIDE/plugins/com.st.stm32cube.ide.mcu.externaltools.gnu-tools-for-stm32.12.3.rel1.win32_1.1.0.202410251130/tools/bin/../lib/gcc/arm-none-eabi/12.3.1/../../../../arm-none-eabi/lib/thumb/v7e-m+fp/hard\libm.a(libm_a-e_atan2.o)
 .rodata.npio2_hw
                0x0800d178       0x80 C:/ST/STM32CubeIDE_1.16.1/STM32CubeIDE/plugins/com.st.stm32cube.ide.mcu.externaltools.gnu-tools-for-stm32.12.3.rel1.win32_1.1.0.202410251130/tools/bin/../lib/gcc/arm-none-eabi/12.3.1/../../../../arm-none-eabi/lib/thumb/v7e-m+fp/hard\libm.a(libm_a-e_rem_pio2.o)
 .rodata.two_over_pi
                0x0800d1f8      0x108 C:/ST/STM32CubeIDE_1.16.1/STM32CubeIDE/plugins/com.st.stm32cube.ide.mcu.externaltools.gnu-tools-for-stm32.12.3.rel1.win32_1.1.0.202410251130/tools/bin/../lib/gcc/arm-none-eabi/12.3.1/../../../../arm-none-eabi/lib/thumb/v7e-m+fp/hard\libm.a(libm_a-e_rem_pio2.o)
 .rodata.atanlo
                0x0800d300       0x20 C:/ST/STM32CubeIDE_1.16.1/STM32CubeIDE/plugins/com.st.stm32cube.ide.mcu.externaltools.gnu-tools-for-stm32.12.3.rel1.win32_1.1.0.202410251130/tools/bin/../lib/gcc/arm-none-eabi/12.3.1/../../../../arm-none-eabi/lib/thumb/v7e-m+fp/hard\libm.a(libm_a-s_atan.o)
 .rodata.atanhi
                0x0800d320       0x20 C:/ST/STM32CubeIDE_1.16.1/STM32CubeIDE/plugins/com.st.stm32cube.ide.mcu.externaltools.gnu-tools-for-stm32.12.3.rel1.win32_1.1.0.202410251130/tools/bin/../lib/gcc/arm-none-eabi/12.3.1/../../../../arm-none-eabi/lib/thumb/v7e-m+fp/hard\libm.a(libm_a-s_atan.o)
 .rodata.PIo2   0x0800d340       0x40 C:/ST/STM32CubeIDE_1.16.1/STM32CubeIDE/plugins/com.st.stm32cube.ide.mcu.externaltools.gnu-tools-for-stm32.12.3.rel1.win32_1.1.0.202410251130/tools/bin/../lib/gcc/arm-none-eabi/12.3.1/../../../../arm-none-eabi/lib/thumb/v7e-m+fp/hard\libm.a(libm_a-k_rem_pio2.o)
 .rodata.init_jk
                0x0800d380       0x10 C:/ST/STM32CubeIDE_1.16.1/STM32CubeIDE/plugins/com.st.stm32cube.ide.mcu.externaltools.gnu-tools-for-stm32.12.3.rel1.win32_1.1.0.202410251130/tools/bin/../lib/gcc/arm-none-eabi/12.3.1/../../../../arm-none-eabi/lib/thumb/v7e-m+fp/hard\libm.a(libm_a-k_rem_pio2.o)
                0x0800d390                        . = ALIGN (0x4)

.ARM.extab      0x0800d390        0x0
                0x0800d390                        . = ALIGN (0x4)
 *(.ARM.extab* .gnu.linkonce.armextab.*)
                0x0800d390                        . = ALIGN (0x4)

.ARM            0x0800d390        0x8
                0x0800d390                        . = ALIGN (0x4)
                0x0800d390                        __exidx_start = .
 *(.ARM.exidx*)
 .ARM.exidx     0x0800d390        0x8 C:/ST/STM32CubeIDE_1.16.1/STM32CubeIDE/plugins/com.st.stm32cube.ide.mcu.externaltools.gnu-tools-for-stm32.12.3.rel1.win32_1.1.0.202410251130/tools/bin/../lib/gcc/arm-none-eabi/12.3.1/../../../../arm-none-eabi/lib/thumb/v7e-m+fp/hard\libc_nano.a(libc_a-memchr.o)
                0x0800d398                        __exidx_end = .
                0x0800d398                        . = ALIGN (0x4)

.preinit_array  0x0800d398        0x0
                0x0800d398                        . = ALIGN (0x4)
                0x0800d398                        PROVIDE (__preinit_array_start = .)
 *(.preinit_array*)
                0x0800d398                        PROVIDE (__preinit_array_end = .)
                0x0800d398                        . = ALIGN (0x4)

.init_array     0x0800d398        0x4
                0x0800d398                        . = ALIGN (0x4)
                0x0800d398                        PROVIDE (__init_array_start = .)
 *(SORT_BY_NAME(.init_array.*))
 *(.init_array*)
 .init_array    0x0800d398        0x4 C:/ST/STM32CubeIDE_1.16.1/STM32CubeIDE/plugins/com.st.stm32cube.ide.mcu.externaltools.gnu-tools-for-stm32.12.3.rel1.win32_1.1.0.202410251130/tools/bin/../lib/gcc/arm-none-eabi/12.3.1/thumb/v7e-m+fp/hard/crtbegin.o
                0x0800d39c                        PROVIDE (__init_array_end = .)
                0x0800d39c                        . = ALIGN (0x4)

.fini_array     0x0800d39c        0x4
                0x0800d39c                        . = ALIGN (0x4)
                [!provide]                        PROVIDE (__fini_array_start = .)
 *(SORT_BY_NAME(.fini_array.*))
 *(.fini_array*)
 .fini_array    0x0800d39c        0x4 C:/ST/STM32CubeIDE_1.16.1/STM32CubeIDE/plugins/com.st.stm32cube.ide.mcu.externaltools.gnu-tools-for-stm32.12.3.rel1.win32_1.1.0.202410251130/tools/bin/../lib/gcc/arm-none-eabi/12.3.1/thumb/v7e-m+fp/hard/crtbegin.o
                [!provide]                        PROVIDE (__fini_array_end = .)
                0x0800d3a0                        . = ALIGN (0x4)
                0x0800d3a0                        _sidata = LOADADDR (.data)

.rel.dyn        0x0800d3a0        0x0
 .rel.iplt      0x0800d3a0        0x0 C:/ST/STM32CubeIDE_1.16.1/STM32CubeIDE/plugins/com.st.stm32cube.ide.mcu.externaltools.gnu-tools-for-stm32.12.3.rel1.win32_1.1.0.202410251130/tools/bin/../lib/gcc/arm-none-eabi/12.3.1/thumb/v7e-m+fp/hard/crtbegin.o

.data           0x20000000      0x1d0 load address 0x0800d3a0
                0x20000000                        . = ALIGN (0x4)
                0x20000000                        _sdata = .
 *(.data)
 *(.data*)
 .data.min_xval
                0x20000000        0x2 ./Application/User/Core/main.o
                0x20000000                min_xval
 .data.max_xval
                0x20000002        0x2 ./Application/User/Core/main.o
                0x20000002                max_xval
 .data.min_yval
                0x20000004        0x2 ./Application/User/Core/main.o
                0x20000004                min_yval
 .data.max_yval
                0x20000006        0x2 ./Application/User/Core/main.o
                0x20000006                max_yval
 .data.FS_Desc  0x20000008       0x1c ./Application/User/USB_DEVICE/App/usbd_desc.o
                0x20000008                FS_Desc
 .data.USBD_FS_DeviceDesc
                0x20000024       0x12 ./Application/User/USB_DEVICE/App/usbd_desc.o
                0x20000024                USBD_FS_DeviceDesc
 *fill*         0x20000036        0x2 
 .data.USBD_LangIDDesc
                0x20000038        0x4 ./Application/User/USB_DEVICE/App/usbd_desc.o
                0x20000038                USBD_LangIDDesc
 .data.USBD_StringSerial
                0x2000003c       0x1a ./Application/User/USB_DEVICE/App/usbd_desc.o
                0x2000003c                USBD_StringSerial
 *fill*         0x20000056        0x2 
 .data.SystemCoreClock
                0x20000058        0x4 ./Drivers/CMSIS/system_stm32f3xx.o
                0x20000058                SystemCoreClock
 .data.uwTickPrio
                0x2000005c        0x4 ./Drivers/STM32F3xx_HAL_Driver/stm32f3xx_hal.o
                0x2000005c                uwTickPrio
 .data.uwTickFreq
                0x20000060        0x1 ./Drivers/STM32F3xx_HAL_Driver/stm32f3xx_hal.o
                0x20000060                uwTickFreq
 *fill*         0x20000061        0x3 
 .data.USBD_HID
                0x20000064       0x38 ./Middlewares/USB_Device_Library/usbd_hid.o
                0x20000064                USBD_HID
 .data.USBD_HID_CfgFSDesc
                0x2000009c       0x22 ./Middlewares/USB_Device_Library/usbd_hid.o
 *fill*         0x200000be        0x2 
 .data.USBD_HID_CfgHSDesc
                0x200000c0       0x22 ./Middlewares/USB_Device_Library/usbd_hid.o
 *fill*         0x200000e2        0x2 
 .data.USBD_HID_OtherSpeedCfgDesc
                0x200000e4       0x22 ./Middlewares/USB_Device_Library/usbd_hid.o
 *fill*         0x20000106        0x2 
 .data.USBD_HID_Desc
                0x20000108        0x9 ./Middlewares/USB_Device_Library/usbd_hid.o
 *fill*         0x20000111        0x3 
 .data.USBD_HID_DeviceQualifierDesc
                0x20000114        0xa ./Middlewares/USB_Device_Library/usbd_hid.o
 *fill*         0x2000011e        0x2 
 .data.HID_MOUSE_ReportDesc
                0x20000120       0x4a ./Middlewares/USB_Device_Library/usbd_hid.o
 *fill*         0x2000016a        0x2 
 .data._impure_ptr
                0x2000016c        0x4 C:/ST/STM32CubeIDE_1.16.1/STM32CubeIDE/plugins/com.st.stm32cube.ide.mcu.externaltools.gnu-tools-for-stm32.12.3.rel1.win32_1.1.0.202410251130/tools/bin/../lib/gcc/arm-none-eabi/12.3.1/../../../../arm-none-eabi/lib/thumb/v7e-m+fp/hard\libc_nano.a(libc_a-impure.o)
                0x2000016c                _impure_ptr
 .data._impure_data
                0x20000170       0x4c C:/ST/STM32CubeIDE_1.16.1/STM32CubeIDE/plugins/com.st.stm32cube.ide.mcu.externaltools.gnu-tools-for-stm32.12.3.rel1.win32_1.1.0.202410251130/tools/bin/../lib/gcc/arm-none-eabi/12.3.1/../../../../arm-none-eabi/lib/thumb/v7e-m+fp/hard\libc_nano.a(libc_a-impure.o)
                0x20000170                _impure_data
 *fill*         0x200001bc        0x4 
 .data.tiny     0x200001c0        0x8 C:/ST/STM32CubeIDE_1.16.1/STM32CubeIDE/plugins/com.st.stm32cube.ide.mcu.externaltools.gnu-tools-for-stm32.12.3.rel1.win32_1.1.0.202410251130/tools/bin/../lib/gcc/arm-none-eabi/12.3.1/../../../../arm-none-eabi/lib/thumb/v7e-m+fp/hard\libm.a(libm_a-e_sqrt.o)
 .data.one      0x200001c8        0x8 C:/ST/STM32CubeIDE_1.16.1/STM32CubeIDE/plugins/com.st.stm32cube.ide.mcu.externaltools.gnu-tools-for-stm32.12.3.rel1.win32_1.1.0.202410251130/tools/bin/../lib/gcc/arm-none-eabi/12.3.1/../../../../arm-none-eabi/lib/thumb/v7e-m+fp/hard\libm.a(libm_a-e_sqrt.o)
 *(.RamFunc)
 *(.RamFunc*)
                0x200001d0                        . = ALIGN (0x4)
                0x200001d0                        _edata = .
                0x0800d570                        _siccmram = LOADADDR (.ccmram)

.igot.plt       0x200001d0        0x0 load address 0x0800d570
 .igot.plt      0x200001d0        0x0 C:/ST/STM32CubeIDE_1.16.1/STM32CubeIDE/plugins/com.st.stm32cube.ide.mcu.externaltools.gnu-tools-for-stm32.12.3.rel1.win32_1.1.0.202410251130/tools/bin/../lib/gcc/arm-none-eabi/12.3.1/thumb/v7e-m+fp/hard/crtbegin.o

.ccmram         0x10000000        0x0 load address 0x0800d570
                0x10000000                        . = ALIGN (0x4)
                0x10000000                        _sccmram = .
 *(.ccmram)
 *(.ccmram*)
                0x10000000                        . = ALIGN (0x4)
                0x10000000                        _eccmram = .
                0x10000000                        . = ALIGN (0x4)

.bss            0x200001d0      0xa84
                0x200001d0                        _sbss = .
                0x200001d0                        __bss_start__ = _sbss
 *(.bss)
 .bss           0x200001d0       0x1c C:/ST/STM32CubeIDE_1.16.1/STM32CubeIDE/plugins/com.st.stm32cube.ide.mcu.externaltools.gnu-tools-for-stm32.12.3.rel1.win32_1.1.0.202410251130/tools/bin/../lib/gcc/arm-none-eabi/12.3.1/thumb/v7e-m+fp/hard/crtbegin.o
 *(.bss*)
 .bss.hi2c1     0x200001ec       0x54 ./Application/User/Core/main.o
                0x200001ec                hi2c1
 .bss.hspi1     0x20000240       0x64 ./Application/User/Core/main.o
                0x20000240                hspi1
 .bss.str1      0x200002a4       0x64 ./Application/User/Core/main.o
                0x200002a4                str1
 .bss.AccelData
                0x20000308        0x6 ./Application/User/Core/main.o
                0x20000308                AccelData
 *fill*         0x2000030e        0x2 
 .bss.GyroData  0x20000310        0x6 ./Application/User/Core/main.o
                0x20000310                GyroData
 *fill*         0x20000316        0x2 
 .bss.roll      0x20000318        0x4 ./Application/User/Core/main.o
                0x20000318                roll
 .bss.pitch     0x2000031c        0x4 ./Application/User/Core/main.o
                0x2000031c                pitch
 .bss.yaw       0x20000320        0x4 ./Application/User/Core/main.o
                0x20000320                yaw
 .bss.newxval   0x20000324        0x2 ./Application/User/Core/main.o
                0x20000324                newxval
 .bss.newyval   0x20000326        0x2 ./Application/User/Core/main.o
                0x20000326                newyval
 .bss.button_flag
                0x20000328        0x1 ./Application/User/Core/main.o
                0x20000328                button_flag
 *fill*         0x20000329        0x3 
 .bss.ax_real   0x2000032c        0x4 ./Application/User/Core/main.o
                0x2000032c                ax_real
 .bss.ay_real   0x20000330        0x4 ./Application/User/Core/main.o
                0x20000330                ay_real
 .bss.az_real   0x20000334        0x4 ./Application/User/Core/main.o
                0x20000334                az_real
 .bss.vx        0x20000338        0x4 ./Application/User/Core/main.o
                0x20000338                vx
 .bss.vy        0x2000033c        0x4 ./Application/User/Core/main.o
                0x2000033c                vy
 .bss.vz        0x20000340        0x4 ./Application/User/Core/main.o
                0x20000340                vz
 .bss.x         0x20000344        0x4 ./Application/User/Core/main.o
                0x20000344                x
 .bss.y         0x20000348        0x4 ./Application/User/Core/main.o
                0x20000348                y
 .bss.z         0x2000034c        0x4 ./Application/User/Core/main.o
                0x2000034c                z
 .bss.mousehid  0x20000350        0x4 ./Application/User/Core/main.o
                0x20000350                mousehid
 .bss.__sbrk_heap_end
                0x20000354        0x4 ./Application/User/Core/sysmem.o
 .bss.hUsbDeviceFS
                0x20000358      0x2c4 ./Application/User/USB_DEVICE/App/usb_device.o
                0x20000358                hUsbDeviceFS
 .bss.USBD_StrDesc
                0x2000061c      0x200 ./Application/User/USB_DEVICE/App/usbd_desc.o
                0x2000061c                USBD_StrDesc
 .bss.hpcd_USB_FS
                0x2000081c      0x2d4 ./Application/User/USB_DEVICE/Target/usbd_conf.o
                0x2000081c                hpcd_USB_FS
 .bss.mem.0     0x20000af0       0x14 ./Application/User/USB_DEVICE/Target/usbd_conf.o
 .bss.uwTick    0x20000b04        0x4 ./Drivers/STM32F3xx_HAL_Driver/stm32f3xx_hal.o
                0x20000b04                uwTick
 .bss.cfgidx.0  0x20000b08        0x1 ./Middlewares/USB_Device_Library/usbd_ctlreq.o
 *fill*         0x20000b09        0x3 
 .bss.__sf      0x20000b0c      0x138 C:/ST/STM32CubeIDE_1.16.1/STM32CubeIDE/plugins/com.st.stm32cube.ide.mcu.externaltools.gnu-tools-for-stm32.12.3.rel1.win32_1.1.0.202410251130/tools/bin/../lib/gcc/arm-none-eabi/12.3.1/../../../../arm-none-eabi/lib/thumb/v7e-m+fp/hard\libc_nano.a(libc_a-findfp.o)
                0x20000b0c                __sf
 .bss.errno     0x20000c44        0x4 C:/ST/STM32CubeIDE_1.16.1/STM32CubeIDE/plugins/com.st.stm32cube.ide.mcu.externaltools.gnu-tools-for-stm32.12.3.rel1.win32_1.1.0.202410251130/tools/bin/../lib/gcc/arm-none-eabi/12.3.1/../../../../arm-none-eabi/lib/thumb/v7e-m+fp/hard\libc_nano.a(libc_a-reent.o)
                0x20000c44                errno
 .bss.__lock___malloc_recursive_mutex
                0x20000c48        0x1 C:/ST/STM32CubeIDE_1.16.1/STM32CubeIDE/plugins/com.st.stm32cube.ide.mcu.externaltools.gnu-tools-for-stm32.12.3.rel1.win32_1.1.0.202410251130/tools/bin/../lib/gcc/arm-none-eabi/12.3.1/../../../../arm-none-eabi/lib/thumb/v7e-m+fp/hard\libc_nano.a(libc_a-lock.o)
                0x20000c48                __lock___malloc_recursive_mutex
 *fill*         0x20000c49        0x3 
 .bss.__malloc_sbrk_start
                0x20000c4c        0x4 C:/ST/STM32CubeIDE_1.16.1/STM32CubeIDE/plugins/com.st.stm32cube.ide.mcu.externaltools.gnu-tools-for-stm32.12.3.rel1.win32_1.1.0.202410251130/tools/bin/../lib/gcc/arm-none-eabi/12.3.1/../../../../arm-none-eabi/lib/thumb/v7e-m+fp/hard\libc_nano.a(libc_a-mallocr.o)
                0x20000c4c                __malloc_sbrk_start
 .bss.__malloc_free_list
                0x20000c50        0x4 C:/ST/STM32CubeIDE_1.16.1/STM32CubeIDE/plugins/com.st.stm32cube.ide.mcu.externaltools.gnu-tools-for-stm32.12.3.rel1.win32_1.1.0.202410251130/tools/bin/../lib/gcc/arm-none-eabi/12.3.1/../../../../arm-none-eabi/lib/thumb/v7e-m+fp/hard\libc_nano.a(libc_a-mallocr.o)
                0x20000c50                __malloc_free_list
 *(COMMON)
                0x20000c54                        . = ALIGN (0x4)
                0x20000c54                        _ebss = .
                0x20000c54                        __bss_end__ = _ebss

._user_heap_stack
                0x20000c54     0x6004
                0x20000c58                        . = ALIGN (0x8)
 *fill*         0x20000c54        0x4 
                [!provide]                        PROVIDE (end = .)
                0x20000c58                        PROVIDE (_end = .)
                0x20002c58                        . = (. + _Min_Heap_Size)
 *fill*         0x20000c58     0x2000 
                0x20006c58                        . = (. + _Min_Stack_Size)
 *fill*         0x20002c58     0x4000 
                0x20006c58                        . = ALIGN (0x8)

/DISCARD/
 libc.a(*)
 libm.a(*)
 libgcc.a(*)

.ARM.attributes
                0x00000000       0x30
 *(.ARM.attributes)
 .ARM.attributes
                0x00000000       0x22 C:/ST/STM32CubeIDE_1.16.1/STM32CubeIDE/plugins/com.st.stm32cube.ide.mcu.externaltools.gnu-tools-for-stm32.12.3.rel1.win32_1.1.0.202410251130/tools/bin/../lib/gcc/arm-none-eabi/12.3.1/thumb/v7e-m+fp/hard/crti.o
 .ARM.attributes
                0x00000022       0x34 C:/ST/STM32CubeIDE_1.16.1/STM32CubeIDE/plugins/com.st.stm32cube.ide.mcu.externaltools.gnu-tools-for-stm32.12.3.rel1.win32_1.1.0.202410251130/tools/bin/../lib/gcc/arm-none-eabi/12.3.1/thumb/v7e-m+fp/hard/crtbegin.o
 .ARM.attributes
                0x00000056       0x34 ./Application/User/Core/main.o
 .ARM.attributes
                0x0000008a       0x34 ./Application/User/Core/stm32f3xx_hal_msp.o
 .ARM.attributes
                0x000000be       0x34 ./Application/User/Core/stm32f3xx_it.o
 .ARM.attributes
                0x000000f2       0x34 ./Application/User/Core/sysmem.o
 .ARM.attributes
                0x00000126       0x21 ./Application/User/Startup/startup_stm32f303vctx.o
 .ARM.attributes
                0x00000147       0x34 ./Application/User/USB_DEVICE/App/usb_device.o
 .ARM.attributes
                0x0000017b       0x34 ./Application/User/USB_DEVICE/App/usbd_desc.o
 .ARM.attributes
                0x000001af       0x34 ./Application/User/USB_DEVICE/Target/usbd_conf.o
 .ARM.attributes
                0x000001e3       0x34 ./Drivers/CMSIS/system_stm32f3xx.o
 .ARM.attributes
                0x00000217       0x34 ./Drivers/STM32F3xx_HAL_Driver/stm32f3xx_hal.o
 .ARM.attributes
                0x0000024b       0x34 ./Drivers/STM32F3xx_HAL_Driver/stm32f3xx_hal_cortex.o
 .ARM.attributes
                0x0000027f       0x34 ./Drivers/STM32F3xx_HAL_Driver/stm32f3xx_hal_gpio.o
 .ARM.attributes
                0x000002b3       0x34 ./Drivers/STM32F3xx_HAL_Driver/stm32f3xx_hal_i2c.o
 .ARM.attributes
                0x000002e7       0x34 ./Drivers/STM32F3xx_HAL_Driver/stm32f3xx_hal_i2c_ex.o
 .ARM.attributes
                0x0000031b       0x34 ./Drivers/STM32F3xx_HAL_Driver/stm32f3xx_hal_pcd.o
 .ARM.attributes
                0x0000034f       0x34 ./Drivers/STM32F3xx_HAL_Driver/stm32f3xx_hal_pcd_ex.o
 .ARM.attributes
                0x00000383       0x34 ./Drivers/STM32F3xx_HAL_Driver/stm32f3xx_hal_rcc.o
 .ARM.attributes
                0x000003b7       0x34 ./Drivers/STM32F3xx_HAL_Driver/stm32f3xx_hal_rcc_ex.o
 .ARM.attributes
                0x000003eb       0x34 ./Drivers/STM32F3xx_HAL_Driver/stm32f3xx_hal_spi.o
 .ARM.attributes
                0x0000041f       0x34 ./Drivers/STM32F3xx_HAL_Driver/stm32f3xx_ll_usb.o
 .ARM.attributes
                0x00000453       0x34 ./Middlewares/USB_Device_Library/usbd_core.o
 .ARM.attributes
                0x00000487       0x34 ./Middlewares/USB_Device_Library/usbd_ctlreq.o
 .ARM.attributes
                0x000004bb       0x34 ./Middlewares/USB_Device_Library/usbd_hid.o
 .ARM.attributes
                0x000004ef       0x34 ./Middlewares/USB_Device_Library/usbd_ioreq.o
 .ARM.attributes
                0x00000523       0x34 C:/ST/STM32CubeIDE_1.16.1/STM32CubeIDE/plugins/com.st.stm32cube.ide.mcu.externaltools.gnu-tools-for-stm32.12.3.rel1.win32_1.1.0.202410251130/tools/bin/../lib/gcc/arm-none-eabi/12.3.1/../../../../arm-none-eabi/lib/thumb/v7e-m+fp/hard\libc_nano.a(libc_a-findfp.o)
 .ARM.attributes
                0x00000557       0x34 C:/ST/STM32CubeIDE_1.16.1/STM32CubeIDE/plugins/com.st.stm32cube.ide.mcu.externaltools.gnu-tools-for-stm32.12.3.rel1.win32_1.1.0.202410251130/tools/bin/../lib/gcc/arm-none-eabi/12.3.1/../../../../arm-none-eabi/lib/thumb/v7e-m+fp/hard\libc_nano.a(libc_a-sprintf.o)
 .ARM.attributes
                0x0000058b       0x34 C:/ST/STM32CubeIDE_1.16.1/STM32CubeIDE/plugins/com.st.stm32cube.ide.mcu.externaltools.gnu-tools-for-stm32.12.3.rel1.win32_1.1.0.202410251130/tools/bin/../lib/gcc/arm-none-eabi/12.3.1/../../../../arm-none-eabi/lib/thumb/v7e-m+fp/hard\libc_nano.a(libc_a-memset.o)
 .ARM.attributes
                0x000005bf       0x34 C:/ST/STM32CubeIDE_1.16.1/STM32CubeIDE/plugins/com.st.stm32cube.ide.mcu.externaltools.gnu-tools-for-stm32.12.3.rel1.win32_1.1.0.202410251130/tools/bin/../lib/gcc/arm-none-eabi/12.3.1/../../../../arm-none-eabi/lib/thumb/v7e-m+fp/hard\libc_nano.a(libc_a-reent.o)
 .ARM.attributes
                0x000005f3       0x34 C:/ST/STM32CubeIDE_1.16.1/STM32CubeIDE/plugins/com.st.stm32cube.ide.mcu.externaltools.gnu-tools-for-stm32.12.3.rel1.win32_1.1.0.202410251130/tools/bin/../lib/gcc/arm-none-eabi/12.3.1/../../../../arm-none-eabi/lib/thumb/v7e-m+fp/hard\libc_nano.a(libc_a-impure.o)
 .ARM.attributes
                0x00000627       0x34 C:/ST/STM32CubeIDE_1.16.1/STM32CubeIDE/plugins/com.st.stm32cube.ide.mcu.externaltools.gnu-tools-for-stm32.12.3.rel1.win32_1.1.0.202410251130/tools/bin/../lib/gcc/arm-none-eabi/12.3.1/../../../../arm-none-eabi/lib/thumb/v7e-m+fp/hard\libc_nano.a(libc_a-errno.o)
 .ARM.attributes
                0x0000065b       0x34 C:/ST/STM32CubeIDE_1.16.1/STM32CubeIDE/plugins/com.st.stm32cube.ide.mcu.externaltools.gnu-tools-for-stm32.12.3.rel1.win32_1.1.0.202410251130/tools/bin/../lib/gcc/arm-none-eabi/12.3.1/../../../../arm-none-eabi/lib/thumb/v7e-m+fp/hard\libc_nano.a(libc_a-init.o)
 .ARM.attributes
                0x0000068f       0x34 C:/ST/STM32CubeIDE_1.16.1/STM32CubeIDE/plugins/com.st.stm32cube.ide.mcu.externaltools.gnu-tools-for-stm32.12.3.rel1.win32_1.1.0.202410251130/tools/bin/../lib/gcc/arm-none-eabi/12.3.1/../../../../arm-none-eabi/lib/thumb/v7e-m+fp/hard\libc_nano.a(libc_a-lock.o)
 .ARM.attributes
                0x000006c3       0x34 C:/ST/STM32CubeIDE_1.16.1/STM32CubeIDE/plugins/com.st.stm32cube.ide.mcu.externaltools.gnu-tools-for-stm32.12.3.rel1.win32_1.1.0.202410251130/tools/bin/../lib/gcc/arm-none-eabi/12.3.1/../../../../arm-none-eabi/lib/thumb/v7e-m+fp/hard\libc_nano.a(libc_a-freer.o)
 .ARM.attributes
                0x000006f7       0x34 C:/ST/STM32CubeIDE_1.16.1/STM32CubeIDE/plugins/com.st.stm32cube.ide.mcu.externaltools.gnu-tools-for-stm32.12.3.rel1.win32_1.1.0.202410251130/tools/bin/../lib/gcc/arm-none-eabi/12.3.1/../../../../arm-none-eabi/lib/thumb/v7e-m+fp/hard\libc_nano.a(libc_a-mallocr.o)
 .ARM.attributes
                0x0000072b       0x34 C:/ST/STM32CubeIDE_1.16.1/STM32CubeIDE/plugins/com.st.stm32cube.ide.mcu.externaltools.gnu-tools-for-stm32.12.3.rel1.win32_1.1.0.202410251130/tools/bin/../lib/gcc/arm-none-eabi/12.3.1/../../../../arm-none-eabi/lib/thumb/v7e-m+fp/hard\libc_nano.a(libc_a-mlock.o)
 .ARM.attributes
                0x0000075f       0x34 C:/ST/STM32CubeIDE_1.16.1/STM32CubeIDE/plugins/com.st.stm32cube.ide.mcu.externaltools.gnu-tools-for-stm32.12.3.rel1.win32_1.1.0.202410251130/tools/bin/../lib/gcc/arm-none-eabi/12.3.1/../../../../arm-none-eabi/lib/thumb/v7e-m+fp/hard\libc_nano.a(libc_a-nano-svfprintf.o)
 .ARM.attributes
                0x00000793       0x34 C:/ST/STM32CubeIDE_1.16.1/STM32CubeIDE/plugins/com.st.stm32cube.ide.mcu.externaltools.gnu-tools-for-stm32.12.3.rel1.win32_1.1.0.202410251130/tools/bin/../lib/gcc/arm-none-eabi/12.3.1/../../../../arm-none-eabi/lib/thumb/v7e-m+fp/hard\libc_nano.a(libc_a-nano-vfprintf_i.o)
 .ARM.attributes
                0x000007c7       0x34 C:/ST/STM32CubeIDE_1.16.1/STM32CubeIDE/plugins/com.st.stm32cube.ide.mcu.externaltools.gnu-tools-for-stm32.12.3.rel1.win32_1.1.0.202410251130/tools/bin/../lib/gcc/arm-none-eabi/12.3.1/../../../../arm-none-eabi/lib/thumb/v7e-m+fp/hard\libc_nano.a(libc_a-memmove.o)
 .ARM.attributes
                0x000007fb       0x34 C:/ST/STM32CubeIDE_1.16.1/STM32CubeIDE/plugins/com.st.stm32cube.ide.mcu.externaltools.gnu-tools-for-stm32.12.3.rel1.win32_1.1.0.202410251130/tools/bin/../lib/gcc/arm-none-eabi/12.3.1/../../../../arm-none-eabi/lib/thumb/v7e-m+fp/hard\libc_nano.a(libc_a-sbrkr.o)
 .ARM.attributes
                0x0000082f       0x1c C:/ST/STM32CubeIDE_1.16.1/STM32CubeIDE/plugins/com.st.stm32cube.ide.mcu.externaltools.gnu-tools-for-stm32.12.3.rel1.win32_1.1.0.202410251130/tools/bin/../lib/gcc/arm-none-eabi/12.3.1/../../../../arm-none-eabi/lib/thumb/v7e-m+fp/hard\libc_nano.a(libc_a-memchr.o)
 .ARM.attributes
                0x0000084b       0x34 C:/ST/STM32CubeIDE_1.16.1/STM32CubeIDE/plugins/com.st.stm32cube.ide.mcu.externaltools.gnu-tools-for-stm32.12.3.rel1.win32_1.1.0.202410251130/tools/bin/../lib/gcc/arm-none-eabi/12.3.1/../../../../arm-none-eabi/lib/thumb/v7e-m+fp/hard\libc_nano.a(libc_a-memcpy-stub.o)
 .ARM.attributes
                0x0000087f       0x34 C:/ST/STM32CubeIDE_1.16.1/STM32CubeIDE/plugins/com.st.stm32cube.ide.mcu.externaltools.gnu-tools-for-stm32.12.3.rel1.win32_1.1.0.202410251130/tools/bin/../lib/gcc/arm-none-eabi/12.3.1/../../../../arm-none-eabi/lib/thumb/v7e-m+fp/hard\libc_nano.a(libc_a-reallocr.o)
 .ARM.attributes
                0x000008b3       0x34 C:/ST/STM32CubeIDE_1.16.1/STM32CubeIDE/plugins/com.st.stm32cube.ide.mcu.externaltools.gnu-tools-for-stm32.12.3.rel1.win32_1.1.0.202410251130/tools/bin/../lib/gcc/arm-none-eabi/12.3.1/../../../../arm-none-eabi/lib/thumb/v7e-m+fp/hard\libc_nano.a(libc_a-msizer.o)
 .ARM.attributes
                0x000008e7       0x34 C:/ST/STM32CubeIDE_1.16.1/STM32CubeIDE/plugins/com.st.stm32cube.ide.mcu.externaltools.gnu-tools-for-stm32.12.3.rel1.win32_1.1.0.202410251130/tools/bin/../lib/gcc/arm-none-eabi/12.3.1/../../../../arm-none-eabi/lib/thumb/v7e-m+fp/hard\libm.a(libm_a-w_atan2.o)
 .ARM.attributes
                0x0000091b       0x34 C:/ST/STM32CubeIDE_1.16.1/STM32CubeIDE/plugins/com.st.stm32cube.ide.mcu.externaltools.gnu-tools-for-stm32.12.3.rel1.win32_1.1.0.202410251130/tools/bin/../lib/gcc/arm-none-eabi/12.3.1/../../../../arm-none-eabi/lib/thumb/v7e-m+fp/hard\libm.a(libm_a-w_sqrt.o)
 .ARM.attributes
                0x0000094f       0x34 C:/ST/STM32CubeIDE_1.16.1/STM32CubeIDE/plugins/com.st.stm32cube.ide.mcu.externaltools.gnu-tools-for-stm32.12.3.rel1.win32_1.1.0.202410251130/tools/bin/../lib/gcc/arm-none-eabi/12.3.1/../../../../arm-none-eabi/lib/thumb/v7e-m+fp/hard\libm.a(libm_a-s_cos.o)
 .ARM.attributes
                0x00000983       0x34 C:/ST/STM32CubeIDE_1.16.1/STM32CubeIDE/plugins/com.st.stm32cube.ide.mcu.externaltools.gnu-tools-for-stm32.12.3.rel1.win32_1.1.0.202410251130/tools/bin/../lib/gcc/arm-none-eabi/12.3.1/../../../../arm-none-eabi/lib/thumb/v7e-m+fp/hard\libm.a(libm_a-s_sin.o)
 .ARM.attributes
                0x000009b7       0x34 C:/ST/STM32CubeIDE_1.16.1/STM32CubeIDE/plugins/com.st.stm32cube.ide.mcu.externaltools.gnu-tools-for-stm32.12.3.rel1.win32_1.1.0.202410251130/tools/bin/../lib/gcc/arm-none-eabi/12.3.1/../../../../arm-none-eabi/lib/thumb/v7e-m+fp/hard\libm.a(libm_a-e_sqrt.o)
 .ARM.attributes
                0x000009eb       0x34 C:/ST/STM32CubeIDE_1.16.1/STM32CubeIDE/plugins/com.st.stm32cube.ide.mcu.externaltools.gnu-tools-for-stm32.12.3.rel1.win32_1.1.0.202410251130/tools/bin/../lib/gcc/arm-none-eabi/12.3.1/../../../../arm-none-eabi/lib/thumb/v7e-m+fp/hard\libm.a(libm_a-k_cos.o)
 .ARM.attributes
                0x00000a1f       0x34 C:/ST/STM32CubeIDE_1.16.1/STM32CubeIDE/plugins/com.st.stm32cube.ide.mcu.externaltools.gnu-tools-for-stm32.12.3.rel1.win32_1.1.0.202410251130/tools/bin/../lib/gcc/arm-none-eabi/12.3.1/../../../../arm-none-eabi/lib/thumb/v7e-m+fp/hard\libm.a(libm_a-k_sin.o)
 .ARM.attributes
                0x00000a53       0x34 C:/ST/STM32CubeIDE_1.16.1/STM32CubeIDE/plugins/com.st.stm32cube.ide.mcu.externaltools.gnu-tools-for-stm32.12.3.rel1.win32_1.1.0.202410251130/tools/bin/../lib/gcc/arm-none-eabi/12.3.1/../../../../arm-none-eabi/lib/thumb/v7e-m+fp/hard\libm.a(libm_a-e_atan2.o)
 .ARM.attributes
                0x00000a87       0x34 C:/ST/STM32CubeIDE_1.16.1/STM32CubeIDE/plugins/com.st.stm32cube.ide.mcu.externaltools.gnu-tools-for-stm32.12.3.rel1.win32_1.1.0.202410251130/tools/bin/../lib/gcc/arm-none-eabi/12.3.1/../../../../arm-none-eabi/lib/thumb/v7e-m+fp/hard\libm.a(libm_a-e_rem_pio2.o)
 .ARM.attributes
                0x00000abb       0x34 C:/ST/STM32CubeIDE_1.16.1/STM32CubeIDE/plugins/com.st.stm32cube.ide.mcu.externaltools.gnu-tools-for-stm32.12.3.rel1.win32_1.1.0.202410251130/tools/bin/../lib/gcc/arm-none-eabi/12.3.1/../../../../arm-none-eabi/lib/thumb/v7e-m+fp/hard\libm.a(libm_a-s_atan.o)
 .ARM.attributes
                0x00000aef       0x34 C:/ST/STM32CubeIDE_1.16.1/STM32CubeIDE/plugins/com.st.stm32cube.ide.mcu.externaltools.gnu-tools-for-stm32.12.3.rel1.win32_1.1.0.202410251130/tools/bin/../lib/gcc/arm-none-eabi/12.3.1/../../../../arm-none-eabi/lib/thumb/v7e-m+fp/hard\libm.a(libm_a-s_fabs.o)
 .ARM.attributes
                0x00000b23       0x34 C:/ST/STM32CubeIDE_1.16.1/STM32CubeIDE/plugins/com.st.stm32cube.ide.mcu.externaltools.gnu-tools-for-stm32.12.3.rel1.win32_1.1.0.202410251130/tools/bin/../lib/gcc/arm-none-eabi/12.3.1/../../../../arm-none-eabi/lib/thumb/v7e-m+fp/hard\libm.a(libm_a-k_rem_pio2.o)
 .ARM.attributes
                0x00000b57       0x34 C:/ST/STM32CubeIDE_1.16.1/STM32CubeIDE/plugins/com.st.stm32cube.ide.mcu.externaltools.gnu-tools-for-stm32.12.3.rel1.win32_1.1.0.202410251130/tools/bin/../lib/gcc/arm-none-eabi/12.3.1/../../../../arm-none-eabi/lib/thumb/v7e-m+fp/hard\libm.a(libm_a-s_scalbn.o)
 .ARM.attributes
                0x00000b8b       0x34 C:/ST/STM32CubeIDE_1.16.1/STM32CubeIDE/plugins/com.st.stm32cube.ide.mcu.externaltools.gnu-tools-for-stm32.12.3.rel1.win32_1.1.0.202410251130/tools/bin/../lib/gcc/arm-none-eabi/12.3.1/../../../../arm-none-eabi/lib/thumb/v7e-m+fp/hard\libm.a(libm_a-s_floor.o)
 .ARM.attributes
                0x00000bbf       0x22 C:/ST/STM32CubeIDE_1.16.1/STM32CubeIDE/plugins/com.st.stm32cube.ide.mcu.externaltools.gnu-tools-for-stm32.12.3.rel1.win32_1.1.0.202410251130/tools/bin/../lib/gcc/arm-none-eabi/12.3.1/thumb/v7e-m+fp/hard\libgcc.a(_arm_addsubdf3.o)
 .ARM.attributes
                0x00000be1       0x22 C:/ST/STM32CubeIDE_1.16.1/STM32CubeIDE/plugins/com.st.stm32cube.ide.mcu.externaltools.gnu-tools-for-stm32.12.3.rel1.win32_1.1.0.202410251130/tools/bin/../lib/gcc/arm-none-eabi/12.3.1/thumb/v7e-m+fp/hard\libgcc.a(_arm_muldivdf3.o)
 .ARM.attributes
                0x00000c03       0x22 C:/ST/STM32CubeIDE_1.16.1/STM32CubeIDE/plugins/com.st.stm32cube.ide.mcu.externaltools.gnu-tools-for-stm32.12.3.rel1.win32_1.1.0.202410251130/tools/bin/../lib/gcc/arm-none-eabi/12.3.1/thumb/v7e-m+fp/hard\libgcc.a(_arm_cmpdf2.o)
 .ARM.attributes
                0x00000c25       0x22 C:/ST/STM32CubeIDE_1.16.1/STM32CubeIDE/plugins/com.st.stm32cube.ide.mcu.externaltools.gnu-tools-for-stm32.12.3.rel1.win32_1.1.0.202410251130/tools/bin/../lib/gcc/arm-none-eabi/12.3.1/thumb/v7e-m+fp/hard\libgcc.a(_arm_unorddf2.o)
 .ARM.attributes
                0x00000c47       0x22 C:/ST/STM32CubeIDE_1.16.1/STM32CubeIDE/plugins/com.st.stm32cube.ide.mcu.externaltools.gnu-tools-for-stm32.12.3.rel1.win32_1.1.0.202410251130/tools/bin/../lib/gcc/arm-none-eabi/12.3.1/thumb/v7e-m+fp/hard\libgcc.a(_arm_fixdfsi.o)
 .ARM.attributes
                0x00000c69       0x22 C:/ST/STM32CubeIDE_1.16.1/STM32CubeIDE/plugins/com.st.stm32cube.ide.mcu.externaltools.gnu-tools-for-stm32.12.3.rel1.win32_1.1.0.202410251130/tools/bin/../lib/gcc/arm-none-eabi/12.3.1/thumb/v7e-m+fp/hard\libgcc.a(_arm_truncdfsf2.o)
 .ARM.attributes
                0x00000c8b       0x22 C:/ST/STM32CubeIDE_1.16.1/STM32CubeIDE/plugins/com.st.stm32cube.ide.mcu.externaltools.gnu-tools-for-stm32.12.3.rel1.win32_1.1.0.202410251130/tools/bin/../lib/gcc/arm-none-eabi/12.3.1/thumb/v7e-m+fp/hard/crtn.o
OUTPUT(PlsWork.elf elf32-littlearm)
LOAD linker stubs
LOAD C:/ST/STM32CubeIDE_1.16.1/STM32CubeIDE/plugins/com.st.stm32cube.ide.mcu.externaltools.gnu-tools-for-stm32.12.3.rel1.win32_1.1.0.202410251130/tools/bin/../lib/gcc/arm-none-eabi/12.3.1/../../../../arm-none-eabi/lib/thumb/v7e-m+fp/hard\libc.a
LOAD C:/ST/STM32CubeIDE_1.16.1/STM32CubeIDE/plugins/com.st.stm32cube.ide.mcu.externaltools.gnu-tools-for-stm32.12.3.rel1.win32_1.1.0.202410251130/tools/bin/../lib/gcc/arm-none-eabi/12.3.1/../../../../arm-none-eabi/lib/thumb/v7e-m+fp/hard\libm.a
LOAD C:/ST/STM32CubeIDE_1.16.1/STM32CubeIDE/plugins/com.st.stm32cube.ide.mcu.externaltools.gnu-tools-for-stm32.12.3.rel1.win32_1.1.0.202410251130/tools/bin/../lib/gcc/arm-none-eabi/12.3.1/thumb/v7e-m+fp/hard\libgcc.a

.debug_info     0x00000000    0x1237a
 .debug_info    0x00000000     0x1dac ./Application/User/Core/main.o
 .debug_info    0x00001dac      0xb96 ./Application/User/Core/stm32f3xx_hal_msp.o
 .debug_info    0x00002942      0x61b ./Application/User/Core/stm32f3xx_it.o
 .debug_info    0x00002f5d      0x168 ./Application/User/Core/sysmem.o
 .debug_info    0x000030c5       0x30 ./Application/User/Startup/startup_stm32f303vctx.o
 .debug_info    0x000030f5      0x53a ./Application/User/USB_DEVICE/App/usb_device.o
 .debug_info    0x0000362f      0x44a ./Application/User/USB_DEVICE/App/usbd_desc.o
 .debug_info    0x00003a79     0x1a7c ./Application/User/USB_DEVICE/Target/usbd_conf.o
 .debug_info    0x000054f5      0x407 ./Drivers/CMSIS/system_stm32f3xx.o
 .debug_info    0x000058fc      0x7d4 ./Drivers/STM32F3xx_HAL_Driver/stm32f3xx_hal.o
 .debug_info    0x000060d0      0xce4 ./Drivers/STM32F3xx_HAL_Driver/stm32f3xx_hal_cortex.o
 .debug_info    0x00006db4      0x5fe ./Drivers/STM32F3xx_HAL_Driver/stm32f3xx_hal_gpio.o
 .debug_info    0x000073b2     0x20c3 ./Drivers/STM32F3xx_HAL_Driver/stm32f3xx_hal_i2c.o
 .debug_info    0x00009475      0x818 ./Drivers/STM32F3xx_HAL_Driver/stm32f3xx_hal_i2c_ex.o
 .debug_info    0x00009c8d     0x166f ./Drivers/STM32F3xx_HAL_Driver/stm32f3xx_hal_pcd.o