Archive member included to satisfy reference by file (symbol)

C:/ST/STM32CubeIDE_1.16.1/STM32CubeIDE/plugins/com.st.stm32cube.ide.mcu.externaltools.gnu-tools-for-stm32.12.3.rel1.win32_1.1.0.202410251130/tools/bin/../lib/gcc/arm-none-eabi/12.3.1/../../../../arm-none-eabi/lib/thumb/v7e-m+fp/hard\libc_nano.a(libc_a-exit.o)
                              C:/ST/STM32CubeIDE_1.16.1/STM32CubeIDE/plugins/com.st.stm32cube.ide.mcu.externaltools.gnu-tools-for-stm32.12.3.rel1.win32_1.1.0.202410251130/tools/bin/../lib/gcc/arm-none-eabi/12.3.1/../../../../arm-none-eabi/lib/thumb/v7e-m+fp/hard/crt0.o (exit)
C:/ST/STM32CubeIDE_1.16.1/STM32CubeIDE/plugins/com.st.stm32cube.ide.mcu.externaltools.gnu-tools-for-stm32.12.3.rel1.win32_1.1.0.202410251130/tools/bin/../lib/gcc/arm-none-eabi/12.3.1/../../../../arm-none-eabi/lib/thumb/v7e-m+fp/hard\libc_nano.a(libc_a-findfp.o)
                              C:/ST/STM32CubeIDE_1.16.1/STM32CubeIDE/plugins/com.st.stm32cube.ide.mcu.externaltools.gnu-tools-for-stm32.12.3.rel1.win32_1.1.0.202410251130/tools/bin/../lib/gcc/arm-none-eabi/12.3.1/../../../../arm-none-eabi/lib/thumb/v7e-m+fp/hard\libc_nano.a(libc_a-exit.o) (__stdio_exit_handler)
C:/ST/STM32CubeIDE_1.16.1/STM32CubeIDE/plugins/com.st.stm32cube.ide.mcu.externaltools.gnu-tools-for-stm32.12.3.rel1.win32_1.1.0.202410251130/tools/bin/../lib/gcc/arm-none-eabi/12.3.1/../../../../arm-none-eabi/lib/thumb/v7e-m+fp/hard\libc_nano.a(libc_a-fwalk.o)
                              C:/ST/STM32CubeIDE_1.16.1/STM32CubeIDE/plugins/com.st.stm32cube.ide.mcu.externaltools.gnu-tools-for-stm32.12.3.rel1.win32_1.1.0.202410251130/tools/bin/../lib/gcc/arm-none-eabi/12.3.1/../../../../arm-none-eabi/lib/thumb/v7e-m+fp/hard\libc_nano.a(libc_a-findfp.o) (_fwalk_sglue)
C:/ST/STM32CubeIDE_1.16.1/STM32CubeIDE/plugins/com.st.stm32cube.ide.mcu.externaltools.gnu-tools-for-stm32.12.3.rel1.win32_1.1.0.202410251130/tools/bin/../lib/gcc/arm-none-eabi/12.3.1/../../../../arm-none-eabi/lib/thumb/v7e-m+fp/hard\libc_nano.a(libc_a-sprintf.o)
                              ./Application/User/Core/main.o (sprintf)
C:/ST/STM32CubeIDE_1.16.1/STM32CubeIDE/plugins/com.st.stm32cube.ide.mcu.externaltools.gnu-tools-for-stm32.12.3.rel1.win32_1.1.0.202410251130/tools/bin/../lib/gcc/arm-none-eabi/12.3.1/../../../../arm-none-eabi/lib/thumb/v7e-m+fp/hard\libc_nano.a(libc_a-stdio.o)
                              C:/ST/STM32CubeIDE_1.16.1/STM32CubeIDE/plugins/com.st.stm32cube.ide.mcu.externaltools.gnu-tools-for-stm32.12.3.rel1.win32_1.1.0.202410251130/tools/bin/../lib/gcc/arm-none-eabi/12.3.1/../../../../arm-none-eabi/lib/thumb/v7e-m+fp/hard\libc_nano.a(libc_a-findfp.o) (__sread)
C:/ST/STM32CubeIDE_1.16.1/STM32CubeIDE/plugins/com.st.stm32cube.ide.mcu.externaltools.gnu-tools-for-stm32.12.3.rel1.win32_1.1.0.202410251130/tools/bin/../lib/gcc/arm-none-eabi/12.3.1/../../../../arm-none-eabi/lib/thumb/v7e-m+fp/hard\libc_nano.a(libc_a-memset.o)
                              C:/ST/STM32CubeIDE_1.16.1/STM32CubeIDE/plugins/com.st.stm32cube.ide.mcu.externaltools.gnu-tools-for-stm32.12.3.rel1.win32_1.1.0.202410251130/tools/bin/../lib/gcc/arm-none-eabi/12.3.1/../../../../arm-none-eabi/lib/thumb/v7e-m+fp/hard/crt0.o (memset)
C:/ST/STM32CubeIDE_1.16.1/STM32CubeIDE/plugins/com.st.stm32cube.ide.mcu.externaltools.gnu-tools-for-stm32.12.3.rel1.win32_1.1.0.202410251130/tools/bin/../lib/gcc/arm-none-eabi/12.3.1/../../../../arm-none-eabi/lib/thumb/v7e-m+fp/hard\libc_nano.a(libc_a-closer.o)
                              C:/ST/STM32CubeIDE_1.16.1/STM32CubeIDE/plugins/com.st.stm32cube.ide.mcu.externaltools.gnu-tools-for-stm32.12.3.rel1.win32_1.1.0.202410251130/tools/bin/../lib/gcc/arm-none-eabi/12.3.1/../../../../arm-none-eabi/lib/thumb/v7e-m+fp/hard\libc_nano.a(libc_a-stdio.o) (_close_r)
C:/ST/STM32CubeIDE_1.16.1/STM32CubeIDE/plugins/com.st.stm32cube.ide.mcu.externaltools.gnu-tools-for-stm32.12.3.rel1.win32_1.1.0.202410251130/tools/bin/../lib/gcc/arm-none-eabi/12.3.1/../../../../arm-none-eabi/lib/thumb/v7e-m+fp/hard\libc_nano.a(libc_a-reent.o)
                              C:/ST/STM32CubeIDE_1.16.1/STM32CubeIDE/plugins/com.st.stm32cube.ide.mcu.externaltools.gnu-tools-for-stm32.12.3.rel1.win32_1.1.0.202410251130/tools/bin/../lib/gcc/arm-none-eabi/12.3.1/../../../../arm-none-eabi/lib/thumb/v7e-m+fp/hard\libc_nano.a(libc_a-closer.o) (errno)
C:/ST/STM32CubeIDE_1.16.1/STM32CubeIDE/plugins/com.st.stm32cube.ide.mcu.externaltools.gnu-tools-for-stm32.12.3.rel1.win32_1.1.0.202410251130/tools/bin/../lib/gcc/arm-none-eabi/12.3.1/../../../../arm-none-eabi/lib/thumb/v7e-m+fp/hard\libc_nano.a(libc_a-impure.o)
                              C:/ST/STM32CubeIDE_1.16.1/STM32CubeIDE/plugins/com.st.stm32cube.ide.mcu.externaltools.gnu-tools-for-stm32.12.3.rel1.win32_1.1.0.202410251130/tools/bin/../lib/gcc/arm-none-eabi/12.3.1/../../../../arm-none-eabi/lib/thumb/v7e-m+fp/hard\libc_nano.a(libc_a-sprintf.o) (_impure_ptr)
[...]
Memory Configuration

Name             Origin             Length             Attributes
CCMRAM           0x10000000         0x00002000         xrw
RAM              0x20000000         0x0000a000         xrw
FLASH            0x08000000         0x00040000         xr
*default*        0x00000000         0xffffffff

Linker script and memory map

LOAD C:/ST/STM32CubeIDE_1.16.1/STM32CubeIDE/plugins/com.st.stm32cube.ide.mcu.externaltools.gnu-tools-for-stm32.12.3.rel1.win32_1.1.0.202410251130/tools/bin/../lib/gcc/arm-none-eabi/12.3.1/thumb/v7e-m+fp/hard/crti.o
LOAD C:/ST/STM32CubeIDE_1.16.1/STM32CubeIDE/plugins/com.st.stm32cube.ide.mcu.externaltools.gnu-tools-for-stm32.12.3.rel1.win32_1.1.0.202410251130/tools/bin/../lib/gcc/arm-none-eabi/12.3.1/thumb/v7e-m+fp/hard/crtbegin.o
LOAD C:/ST/STM32CubeIDE_1.16.1/STM32CubeIDE/plugins/com.st.stm32cube.ide.mcu.externaltools.gnu-tools-for-stm32.12.3.rel1.win32_1.1.0.202410251130/tools/bin/../lib/gcc/arm-none-eabi/12.3.1/../../../../arm-none-eabi/lib/thumb/v7e-m+fp/hard/crt0.o
LOAD ./Application/User/Core/main.o
LOAD ./Application/User/Core/stm32f3xx_hal_msp.o
LOAD ./Application/User/Core/stm32f3xx_it.o
LOAD ./Application/User/Core/syscalls.o
LOAD ./Application/User/Core/sysmem.o
LOAD ./Application/User/Startup/startup_stm32f303vctx.o
LOAD ./Application/User/USB_DEVICE/App/usb_device.o
LOAD ./Application/User/USB_DEVICE/App/usbd_cdc_if.o
LOAD ./Application/User/USB_DEVICE/App/usbd_desc.o
LOAD ./Application/User/USB_DEVICE/Target/usbd_conf.o
LOAD ./Drivers/CMSIS/system_stm32f3xx.o
LOAD ./Drivers/STM32F3xx_HAL_Driver/stm32f3xx_hal.o
LOAD ./Drivers/STM32F3xx_HAL_Driver/stm32f3xx_hal_cortex.o
LOAD ./Drivers/STM32F3xx_HAL_Driver/stm32f3xx_hal_dma.o
LOAD ./Drivers/STM32F3xx_HAL_Driver/stm32f3xx_hal_exti.o
LOAD ./Drivers/STM32F3xx_HAL_Driver/stm32f3xx_hal_flash.o
LOAD ./Drivers/STM32F3xx_HAL_Driver/stm32f3xx_hal_flash_ex.o
LOAD ./Drivers/STM32F3xx_HAL_Driver/stm32f3xx_hal_gpio.o
LOAD ./Drivers/STM32F3xx_HAL_Driver/stm32f3xx_hal_i2c.o
LOAD ./Drivers/STM32F3xx_HAL_Driver/stm32f3xx_hal_i2c_ex.o
LOAD ./Drivers/STM32F3xx_HAL_Driver/stm32f3xx_hal_pcd.o
LOAD ./Drivers/STM32F3xx_HAL_Driver/stm32f3xx_hal_pcd_ex.o
LOAD ./Drivers/STM32F3xx_HAL_Driver/stm32f3xx_hal_pwr.o
LOAD ./Drivers/STM32F3xx_HAL_Driver/stm32f3xx_hal_pwr_ex.o
LOAD ./Drivers/STM32F3xx_HAL_Driver/stm32f3xx_hal_rcc.o
LOAD ./Drivers/STM32F3xx_HAL_Driver/stm32f3xx_hal_rcc_ex.o
LOAD ./Drivers/STM32F3xx_HAL_Driver/stm32f3xx_hal_spi.o
LOAD ./Drivers/STM32F3xx_HAL_Driver/stm32f3xx_hal_spi_ex.o
LOAD ./Drivers/STM32F3xx_HAL_Driver/stm32f3xx_hal_tim.o
LOAD ./Drivers/STM32F3xx_HAL_Driver/stm32f3xx_hal_tim_ex.o
LOAD ./Drivers/STM32F3xx_HAL_Driver/stm32f3xx_ll_usb.o
LOAD ./Middlewares/USB_Device_Library/usbd_cdc.o
LOAD ./Middlewares/USB_Device_Library/usbd_core.o
LOAD ./Middlewares/USB_Device_Library/usbd_ctlreq.o
LOAD ./Middlewares/USB_Device_Library/usbd_ioreq.o
START GROUP
LOAD C:/ST/STM32CubeIDE_1.16.1/STM32CubeIDE/plugins/com.st.stm32cube.ide.mcu.externaltools.gnu-tools-for-stm32.12.3.rel1.win32_1.1.0.202410251130/tools/bin/../lib/gcc/arm-none-eabi/12.3.1/../../../../arm-none-eabi/lib/thumb/v7e-m+fp/hard\libc_nano.a
LOAD C:/ST/STM32CubeIDE_1.16.1/STM32CubeIDE/plugins/com.st.stm32cube.ide.mcu.externaltools.gnu-tools-for-stm32.12.3.rel1.win32_1.1.0.202410251130/tools/bin/../lib/gcc/arm-none-eabi/12.3.1/../../../../arm-none-eabi/lib/thumb/v7e-m+fp/hard\libm.a
END GROUP
START GROUP
LOAD C:/ST/STM32CubeIDE_1.16.1/STM32CubeIDE/plugins/com.st.stm32cube.ide.mcu.externaltools.gnu-tools-for-stm32.12.3.rel1.win32_1.1.0.202410251130/tools/bin/../lib/gcc/arm-none-eabi/12.3.1/thumb/v7e-m+fp/hard\libgcc.a
LOAD C:/ST/STM32CubeIDE_1.16.1/STM32CubeIDE/plugins/com.st.stm32cube.ide.mcu.externaltools.gnu-tools-for-stm32.12.3.rel1.win32_1.1.0.202410251130/tools/bin/../lib/gcc/arm-none-eabi/12.3.1/../../../../arm-none-eabi/lib/thumb/v7e-m+fp/hard\libc_nano.a
END GROUP
START GROUP
LOAD C:/ST/STM32CubeIDE_1.16.1/STM32CubeIDE/plugins/com.st.stm32cube.ide.mcu.externaltools.gnu-tools-for-stm32.12.3.rel1.win32_1.1.0.202410251130/tools/bin/../lib/gcc/arm-none-eabi/12.3.1/thumb/v7e-m+fp/hard\libgcc.a
LOAD C:/ST/STM32CubeIDE_1.16.1/STM32CubeIDE/plugins/com.st.stm32cube.ide.mcu.externaltools.gnu-tools-for-stm32.12.3.rel1.win32_1.1.0.202410251130/tools/bin/../lib/gcc/arm-none-eabi/12.3.1/../../../../arm-none-eabi/lib/thumb/v7e-m+fp/hard\libc_nano.a
LOAD C:/ST/STM32CubeIDE_1.16.1/STM32CubeIDE/plugins/com.st.stm32cube.ide.mcu.externaltools.gnu-tools-for-stm32.12.3.rel1.win32_1.1.0.202410251130/tools/bin/../lib/gcc/arm-none-eabi/12.3.1/../../../../arm-none-eabi/lib/thumb/v7e-m+fp/hard\libnosys.a
END GROUP
START GROUP
LOAD C:/ST/STM32CubeIDE_1.16.1/STM32CubeIDE/plugins/com.st.stm32cube.ide.mcu.externaltools.gnu-tools-for-stm32.12.3.rel1.win32_1.1.0.202410251130/tools/bin/../lib/gcc/arm-none-eabi/12.3.1/thumb/v7e-m+fp/hard\libgcc.a
LOAD C:/ST/STM32CubeIDE_1.16.1/STM32CubeIDE/plugins/com.st.stm32cube.ide.mcu.externaltools.gnu-tools-for-stm32.12.3.rel1.win32_1.1.0.202410251130/tools/bin/../lib/gcc/arm-none-eabi/12.3.1/../../../../arm-none-eabi/lib/thumb/v7e-m+fp/hard\libc_nano.a
LOAD C:/ST/STM32CubeIDE_1.16.1/STM32CubeIDE/plugins/com.st.stm32cube.ide.mcu.externaltools.gnu-tools-for-stm32.12.3.rel1.win32_1.1.0.202410251130/tools/bin/../lib/gcc/arm-none-eabi/12.3.1/../../../../arm-none-eabi/lib/thumb/v7e-m+fp/hard\libnosys.a
END GROUP
LOAD C:/ST/STM32CubeIDE_1.16.1/STM32CubeIDE/plugins/com.st.stm32cube.ide.mcu.externaltools.gnu-tools-for-stm32.12.3.rel1.win32_1.1.0.202410251130/tools/bin/../lib/gcc/arm-none-eabi/12.3.1/thumb/v7e-m+fp/hard/crtend.o
LOAD C:/ST/STM32CubeIDE_1.16.1/STM32CubeIDE/plugins/com.st.stm32cube.ide.mcu.externaltools.gnu-tools-for-stm32.12.3.rel1.win32_1.1.0.202410251130/tools/bin/../lib/gcc/arm-none-eabi/12.3.1/thumb/v7e-m+fp/hard/crtn.o
                0x2000a000                        _estack = (ORIGIN (RAM) + LENGTH (RAM))
                0x00002000                        _Min_Heap_Size = 0x2000
                0x00004000                        _Min_Stack_Size = 0x4000

.isr_vector     0x08000000      0x188
                0x08000000                        . = ALIGN (0x4)
 *(.isr_vector)
 .isr_vector    0x08000000      0x188 ./Application/User/Startup/startup_stm32f303vctx.o
                0x08000000                g_pfnVectors
                0x08000188                        . = ALIGN (0x4)

.text           0x08000190     0xaa34
                0x08000190                        . = ALIGN (0x4)
 *(.text)
 .text          0x08000190       0x40 C:/ST/STM32CubeIDE_1.16.1/STM32CubeIDE/plugins/com.st.stm32cube.ide.mcu.externaltools.gnu-tools-for-stm32.12.3.rel1.win32_1.1.0.202410251130/tools/bin/../lib/gcc/arm-none-eabi/12.3.1/thumb/v7e-m+fp/hard/crtbegin.o
 .text          0x080001d0       0x10 C:/ST/STM32CubeIDE_1.16.1/STM32CubeIDE/plugins/com.st.stm32cube.ide.mcu.externaltools.gnu-tools-for-stm32.12.3.rel1.win32_1.1.0.202410251130/tools/bin/../lib/gcc/arm-none-eabi/12.3.1/../../../../arm-none-eabi/lib/thumb/v7e-m+fp/hard\libc_nano.a(libc_a-strlen.o)
                0x080001d0                strlen
 .text          0x080001e0       0xa0 C:/ST/STM32CubeIDE_1.16.1/STM32CubeIDE/plugins/com.st.stm32cube.ide.mcu.externaltools.gnu-tools-for-stm32.12.3.rel1.win32_1.1.0.202410251130/tools/bin/../lib/gcc/arm-none-eabi/12.3.1/../../../../arm-none-eabi/lib/thumb/v7e-m+fp/hard\libc_nano.a(libc_a-memchr.o)
                0x080001e0                memchr
 *(.text*)
 .text.Error    0x08000280       0x18 ./Application/User/Core/main.o
                0x08000280                Error
 .text.Success  0x08000298       0x18 ./Application/User/Core/main.o
                0x08000298                Success
 .text.I2C_Read
                0x080002b0       0x58 ./Application/User/Core/main.o
 .text.I2C_Write
                0x08000308       0x54 ./Application/User/Core/main.o
 .text.I2C_ReadID
                0x0800035c       0x26 ./Application/User/Core/main.o
                0x0800035c                I2C_ReadID
 .text.Accel_Ini
                0x08000382       0x62 ./Application/User/Core/main.o
                0x08000382                Accel_Ini
 .text.Accel_GetXYZ
                0x080003e4       0x9e ./Application/User/Core/main.o
                0x080003e4                Accel_GetXYZ
 *fill*         0x08000482        0x2 
 .text.SPIx_WriteRead
                0x08000484       0x40 ./Application/User/Core/main.o
                0x08000484                SPIx_WriteRead
 .text.Gyro_IO_Read
                0x080004c4       0x74 ./Application/User/Core/main.o
                0x080004c4                Gyro_IO_Read
 .text.Gyro_IO_Write
                0x08000538       0x70 ./Application/User/Core/main.o
                0x08000538                Gyro_IO_Write
 .text.Gyro_ReadID
                0x080005a8       0x20 ./Application/User/Core/main.o
                0x080005a8                Gyro_ReadID
 .text.Gyro_Ini
                0x080005c8       0x7a ./Application/User/Core/main.o
                0x080005c8                Gyro_Ini
 .text.Gyro_GetXYZ
                0x08000642       0xca ./Application/User/Core/main.o
                0x08000642                Gyro_GetXYZ
 .text.main     0x0800070c      0x1f8 ./Application/User/Core/main.o
                0x0800070c                main
 .text.SystemClock_Config
                0x08000904       0xc0 ./Application/User/Core/main.o
                0x08000904                SystemClock_Config
 .text.MX_NVIC_Init
                0x080009c4       0x18 ./Application/User/Core/main.o
 .text.MX_I2C1_Init
                0x080009dc       0x80 ./Application/User/Core/main.o
 .text.MX_SPI1_Init
                0x08000a5c       0x7c ./Application/User/Core/main.o
 .text.MX_GPIO_Init
                0x08000ad8      0x100 ./Application/User/Core/main.o
 .text.HAL_GPIO_EXTI_Callback
                0x08000bd8       0x24 ./Application/User/Core/main.o
                0x08000bd8                HAL_GPIO_EXTI_Callback
 .text.Error_Handler
                0x08000bfc        0xc ./Application/User/Core/main.o
                0x08000bfc                Error_Handler
 .text.HAL_MspInit
                0x08000c08       0x48 ./Application/User/Core/stm32f3xx_hal_msp.o
                0x08000c08                HAL_MspInit
 .text.HAL_I2C_MspInit
                0x08000c50       0x88 ./Application/User/Core/stm32f3xx_hal_msp.o
                0x08000c50                HAL_I2C_MspInit
 .text.HAL_SPI_MspInit
                0x08000cd8       0x84 ./Application/User/Core/stm32f3xx_hal_msp.o
                0x08000cd8                HAL_SPI_MspInit
 .text.NMI_Handler
                0x08000d5c        0x8 ./Application/User/Core/stm32f3xx_it.o
                0x08000d5c                NMI_Handler
 .text.HardFault_Handler
                0x08000d64        0x8 ./Application/User/Core/stm32f3xx_it.o
                0x08000d64                HardFault_Handler
 .text.MemManage_Handler
                0x08000d6c        0x8 ./Application/User/Core/stm32f3xx_it.o
                0x08000d6c                MemManage_Handler
 .text.BusFault_Handler
                0x08000d74        0x8 ./Application/User/Core/stm32f3xx_it.o
                0x08000d74                BusFault_Handler
 .text.UsageFault_Handler
                0x08000d7c        0x8 ./Application/User/Core/stm32f3xx_it.o
                0x08000d7c                UsageFault_Handler
 .text.SVC_Handler
                0x08000d84        0xe ./Application/User/Core/stm32f3xx_it.o
                0x08000d84                SVC_Handler
 .text.DebugMon_Handler
                0x08000d92        0xe ./Application/User/Core/stm32f3xx_it.o
                0x08000d92                DebugMon_Handler
 .text.PendSV_Handler
                0x08000da0        0xe ./Application/User/Core/stm32f3xx_it.o
                0x08000da0                PendSV_Handler
 .text.SysTick_Handler
                0x08000dae        0xc ./Application/User/Core/stm32f3xx_it.o
                0x08000dae                SysTick_Handler
 .text.EXTI1_IRQHandler
                0x08000dba        0xe ./Application/User/Core/stm32f3xx_it.o
                0x08000dba                EXTI1_IRQHandler
 .text.USB_LP_CAN_RX0_IRQHandler
                0x08000dc8       0x14 ./Application/User/Core/stm32f3xx_it.o
                0x08000dc8                USB_LP_CAN_RX0_IRQHandler
 .text._sbrk    0x08000ddc       0x6c ./Application/User/Core/sysmem.o
                0x08000ddc                _sbrk
 .text.Reset_Handler
                0x08000e48       0x50 ./Application/User/Startup/startup_stm32f303vctx.o
                0x08000e48                Reset_Handler
 .text.Default_Handler
                0x08000e98        0x2 ./Application/User/Startup/startup_stm32f303vctx.o
                0x08000e98                RTC_Alarm_IRQHandler
                0x08000e98                TIM8_TRG_COM_IRQHandler
                0x08000e98                TIM8_CC_IRQHandler
                0x08000e98                TIM1_CC_IRQHandler
                0x08000e98                USB_HP_IRQHandler
                0x08000e98                PVD_IRQHandler
                0x08000e98                TAMP_STAMP_IRQHandler
                0x08000e98                EXTI3_IRQHandler
                0x08000e98                USB_HP_CAN_TX_IRQHandler
                0x08000e98                EXTI0_IRQHandler
                0x08000e98                I2C2_EV_IRQHandler
                0x08000e98                FPU_IRQHandler
                0x08000e98                TIM1_UP_TIM16_IRQHandler
                0x08000e98                ADC1_2_IRQHandler
                0x08000e98                SPI1_IRQHandler
                0x08000e98                CAN_SCE_IRQHandler
                0x08000e98                TIM6_DAC_IRQHandler
                0x08000e98                TIM8_UP_IRQHandler
                0x08000e98                DMA2_Channel2_IRQHandler
                0x08000e98                DMA1_Channel4_IRQHandler
                0x08000e98                USART3_IRQHandler
                0x08000e98                DMA1_Channel7_IRQHandler
                0x08000e98                UART5_IRQHandler
                0x08000e98                ADC3_IRQHandler
                0x08000e98                TIM4_IRQHandler
                0x08000e98                CAN_RX1_IRQHandler
                0x08000e98                DMA2_Channel1_IRQHandler
                0x08000e98                I2C1_EV_IRQHandler
                0x08000e98                DMA1_Channel6_IRQHandler
                0x08000e98                UART4_IRQHandler
                0x08000e98                DMA2_Channel4_IRQHandler
                0x08000e98                TIM3_IRQHandler
                0x08000e98                RCC_IRQHandler
                0x08000e98                DMA1_Channel1_IRQHandler
                0x08000e98                Default_Handler
                0x08000e98                USBWakeUp_RMP_IRQHandler
                0x08000e98                EXTI15_10_IRQHandler
                0x08000e98                TIM7_IRQHandler
                0x08000e98                EXTI9_5_IRQHandler
                0x08000e98                RTC_WKUP_IRQHandler
                0x08000e98                SPI2_IRQHandler
                0x08000e98                DMA2_Channel5_IRQHandler
                0x08000e98                DMA1_Channel5_IRQHandler
                0x08000e98                USB_LP_IRQHandler
                0x08000e98                EXTI4_IRQHandler
                0x08000e98                TIM1_TRG_COM_TIM17_IRQHandler
                0x08000e98                DMA1_Channel3_IRQHandler
                0x08000e98                ADC4_IRQHandler
                0x08000e98                WWDG_IRQHandler
                0x08000e98                TIM2_IRQHandler
                0x08000e98                COMP7_IRQHandler
                0x08000e98                COMP1_2_3_IRQHandler
                0x08000e98                USART2_IRQHandler
                0x08000e98                COMP4_5_6_IRQHandler
                0x08000e98                I2C2_ER_IRQHandler
                0x08000e98                DMA1_Channel2_IRQHandler
                0x08000e98                TIM8_BRK_IRQHandler
                0x08000e98                FLASH_IRQHandler
                0x08000e98                USART1_IRQHandler
                0x08000e98                SPI3_IRQHandler
                0x08000e98                I2C1_ER_IRQHandler
                0x08000e98                USBWakeUp_IRQHandler
                0x08000e98                DMA2_Channel3_IRQHandler
                0x08000e98                EXTI2_TSC_IRQHandler
                0x08000e98                TIM1_BRK_TIM15_IRQHandler
 *fill*         0x08000e9a        0x2 
 .text.MX_USB_DEVICE_Init
                0x08000e9c       0x60 ./Application/User/USB_DEVICE/App/usb_device.o
                0x08000e9c                MX_USB_DEVICE_Init
 .text.CDC_Init_FS
                0x08000efc       0x28 ./Application/User/USB_DEVICE/App/usbd_cdc_if.o
 .text.CDC_DeInit_FS
                0x08000f24       0x10 ./Application/User/USB_DEVICE/App/usbd_cdc_if.o
 .text.CDC_Control_FS
                0x08000f34       0xbc ./Application/User/USB_DEVICE/App/usbd_cdc_if.o
 .text.CDC_Receive_FS
                0x08000ff0       0x28 ./Application/User/USB_DEVICE/App/usbd_cdc_if.o
 .text.CDC_Transmit_FS
                0x08001018       0x4c ./Application/User/USB_DEVICE/App/usbd_cdc_if.o
                0x08001018                CDC_Transmit_FS
 .text.USBD_FS_DeviceDescriptor
                0x08001064       0x24 ./Application/User/USB_DEVICE/App/usbd_desc.o
                0x08001064                USBD_FS_DeviceDescriptor
 .text.USBD_FS_LangIDStrDescriptor
                0x08001088       0x24 ./Application/User/USB_DEVICE/App/usbd_desc.o
                0x08001088                USBD_FS_LangIDStrDescriptor
 .text.USBD_FS_ProductStrDescriptor
                0x080010ac       0x3c ./Application/User/USB_DEVICE/App/usbd_desc.o
                0x080010ac                USBD_FS_ProductStrDescriptor
 .text.USBD_FS_ManufacturerStrDescriptor
                0x080010e8       0x28 ./Application/User/USB_DEVICE/App/usbd_desc.o
                0x080010e8                USBD_FS_ManufacturerStrDescriptor
 .text.USBD_FS_SerialStrDescriptor
                0x08001110       0x24 ./Application/User/USB_DEVICE/App/usbd_desc.o
                0x08001110                USBD_FS_SerialStrDescriptor
 .text.USBD_FS_ConfigStrDescriptor
                0x08001134       0x3c ./Application/User/USB_DEVICE/App/usbd_desc.o
                0x08001134                USBD_FS_ConfigStrDescriptor
 .text.USBD_FS_InterfaceStrDescriptor
                0x08001170       0x3c ./Application/User/USB_DEVICE/App/usbd_desc.o
                0x08001170                USBD_FS_InterfaceStrDescriptor
 .text.Get_SerialNum
                0x080011ac       0x58 ./Application/User/USB_DEVICE/App/usbd_desc.o
 .text.IntToUnicode
                0x08001204       0x7e ./Application/User/USB_DEVICE/App/usbd_desc.o
 *fill*         0x08001282        0x2 
 .text.HAL_PCD_MspInit
                0x08001284       0x98 ./Application/User/USB_DEVICE/Target/usbd_conf.o
                0x08001284                HAL_PCD_MspInit
 .text.HAL_PCD_SetupStageCallback
                0x0800131c       0x24 ./Application/User/USB_DEVICE/Target/usbd_conf.o
                0x0800131c                HAL_PCD_SetupStageCallback
 .text.HAL_PCD_DataOutStageCallback
                0x08001340       0x36 ./Application/User/USB_DEVICE/Target/usbd_conf.o
                0x08001340                HAL_PCD_DataOutStageCallback
 .text.HAL_PCD_DataInStageCallback
                0x08001376       0x34 ./Application/User/USB_DEVICE/Target/usbd_conf.o
                0x08001376                HAL_PCD_DataInStageCallback
 .text.HAL_PCD_SOFCallback
                0x080013aa       0x1c ./Application/User/USB_DEVICE/Target/usbd_conf.o
                0x080013aa                HAL_PCD_SOFCallback
 .text.HAL_PCD_ResetCallback
                0x080013c6       0x3c ./Application/User/USB_DEVICE/Target/usbd_conf.o
                0x080013c6                HAL_PCD_ResetCallback
 *fill*         0x08001402        0x2 
 .text.HAL_PCD_SuspendCallback
                0x08001404       0x34 ./Application/User/USB_DEVICE/Target/usbd_conf.o
                0x08001404                HAL_PCD_SuspendCallback
 .text.HAL_PCD_ResumeCallback
                0x08001438       0x1c ./Application/User/USB_DEVICE/Target/usbd_conf.o
                0x08001438                HAL_PCD_ResumeCallback
 .text.USBD_LL_Init
                0x08001454       0xb4 ./Application/User/USB_DEVICE/Target/usbd_conf.o
                0x08001454                USBD_LL_Init
 .text.USBD_LL_Start
                0x08001508       0x36 ./Application/User/USB_DEVICE/Target/usbd_conf.o
                0x08001508                USBD_LL_Start
 .text.USBD_LL_OpenEP
                0x0800153e       0x4c ./Application/User/USB_DEVICE/Target/usbd_conf.o
                0x0800153e                USBD_LL_OpenEP
 .text.USBD_LL_CloseEP
                0x0800158a       0x3e ./Application/User/USB_DEVICE/Target/usbd_conf.o
                0x0800158a                USBD_LL_CloseEP
 .text.USBD_LL_StallEP
                0x080015c8       0x3e ./Application/User/USB_DEVICE/Target/usbd_conf.o
                0x080015c8                USBD_LL_StallEP
 .text.USBD_LL_ClearStallEP
                0x08001606       0x3e ./Application/User/USB_DEVICE/Target/usbd_conf.o
                0x08001606                USBD_LL_ClearStallEP
 .text.USBD_LL_IsStallEP
                0x08001644       0x58 ./Application/User/USB_DEVICE/Target/usbd_conf.o
                0x08001644                USBD_LL_IsStallEP
 .text.USBD_LL_SetUSBAddress
                0x0800169c       0x3e ./Application/User/USB_DEVICE/Target/usbd_conf.o
                0x0800169c                USBD_LL_SetUSBAddress
 .text.USBD_LL_Transmit
                0x080016da       0x46 ./Application/User/USB_DEVICE/Target/usbd_conf.o
                0x080016da                USBD_LL_Transmit
 .text.USBD_LL_PrepareReceive
                0x08001720       0x46 ./Application/User/USB_DEVICE/Target/usbd_conf.o
                0x08001720                USBD_LL_PrepareReceive
 .text.USBD_LL_GetRxDataSize
                0x08001766       0x26 ./Application/User/USB_DEVICE/Target/usbd_conf.o
                0x08001766                USBD_LL_GetRxDataSize
 .text.USBD_static_malloc
                0x0800178c       0x1c ./Application/User/USB_DEVICE/Target/usbd_conf.o
                0x0800178c                USBD_static_malloc
 .text.USBD_static_free
                0x080017a8       0x14 ./Application/User/USB_DEVICE/Target/usbd_conf.o
                0x080017a8                USBD_static_free
 .text.HAL_PCDEx_SetConnectionState
                0x080017bc       0x18 ./Application/User/USB_DEVICE/Target/usbd_conf.o
                0x080017bc                HAL_PCDEx_SetConnectionState
 .text.USBD_Get_USB_Status
                0x080017d4       0x58 ./Application/User/USB_DEVICE/Target/usbd_conf.o
 .text.SystemInit
                0x0800182c       0x24 ./Drivers/CMSIS/system_stm32f3xx.o
                0x0800182c                SystemInit
 .text.HAL_Init
                0x08001850       0x2c ./Drivers/STM32F3xx_HAL_Driver/stm32f3xx_hal.o
                0x08001850                HAL_Init
 .text.HAL_InitTick
                0x0800187c       0x60 ./Drivers/STM32F3xx_HAL_Driver/stm32f3xx_hal.o
                0x0800187c                HAL_InitTick
 .text.HAL_IncTick
                0x080018dc       0x28 ./Drivers/STM32F3xx_HAL_Driver/stm32f3xx_hal.o
                0x080018dc                HAL_IncTick
 .text.HAL_GetTick
                0x08001904       0x18 ./Drivers/STM32F3xx_HAL_Driver/stm32f3xx_hal.o
                0x08001904                HAL_GetTick
 .text.HAL_Delay
                0x0800191c       0x48 ./Drivers/STM32F3xx_HAL_Driver/stm32f3xx_hal.o
                0x0800191c                HAL_Delay
 .text.__NVIC_SetPriorityGrouping
                0x08001964       0x48 ./Drivers/STM32F3xx_HAL_Driver/stm32f3xx_hal_cortex.o
 .text.__NVIC_GetPriorityGrouping
                0x080019ac       0x1c ./Drivers/STM32F3xx_HAL_Driver/stm32f3xx_hal_cortex.o
 .text.__NVIC_EnableIRQ
                0x080019c8       0x3c ./Drivers/STM32F3xx_HAL_Driver/stm32f3xx_hal_cortex.o
 .text.__NVIC_SetPriority
                0x08001a04       0x54 ./Drivers/STM32F3xx_HAL_Driver/stm32f3xx_hal_cortex.o
 .text.NVIC_EncodePriority
                0x08001a58       0x66 ./Drivers/STM32F3xx_HAL_Driver/stm32f3xx_hal_cortex.o
 *fill*         0x08001abe        0x2 
 .text.SysTick_Config
                0x08001ac0       0x44 ./Drivers/STM32F3xx_HAL_Driver/stm32f3xx_hal_cortex.o
 .text.HAL_NVIC_SetPriorityGrouping
                0x08001b04       0x16 ./Drivers/STM32F3xx_HAL_Driver/stm32f3xx_hal_cortex.o
                0x08001b04                HAL_NVIC_SetPriorityGrouping
 .text.HAL_NVIC_SetPriority
                0x08001b1a       0x38 ./Drivers/STM32F3xx_HAL_Driver/stm32f3xx_hal_cortex.o
                0x08001b1a                HAL_NVIC_SetPriority
 .text.HAL_NVIC_EnableIRQ
                0x08001b52       0x1c ./Drivers/STM32F3xx_HAL_Driver/stm32f3xx_hal_cortex.o
                0x08001b52                HAL_NVIC_EnableIRQ
 .text.HAL_SYSTICK_Config
                0x08001b6e       0x18 ./Drivers/STM32F3xx_HAL_Driver/stm32f3xx_hal_cortex.o
                0x08001b6e                HAL_SYSTICK_Config
 *fill*         0x08001b86        0x2 
 .text.HAL_GPIO_Init
                0x08001b88      0x2f4 ./Drivers/STM32F3xx_HAL_Driver/stm32f3xx_hal_gpio.o
                0x08001b88                HAL_GPIO_Init
 .text.HAL_GPIO_WritePin
                0x08001e7c       0x30 ./Drivers/STM32F3xx_HAL_Driver/stm32f3xx_hal_gpio.o
                0x08001e7c                HAL_GPIO_WritePin
 .text.HAL_GPIO_EXTI_IRQHandler
                0x08001eac       0x30 ./Drivers/STM32F3xx_HAL_Driver/stm32f3xx_hal_gpio.o
                0x08001eac                HAL_GPIO_EXTI_IRQHandler
 .text.HAL_I2C_Init
                0x08001edc      0x136 ./Drivers/STM32F3xx_HAL_Driver/stm32f3xx_hal_i2c.o
                0x08001edc                HAL_I2C_Init
 *fill*         0x08002012        0x2 
 .text.HAL_I2C_Mem_Write
                0x08002014      0x228 ./Drivers/STM32F3xx_HAL_Driver/stm32f3xx_hal_i2c.o
                0x08002014                HAL_I2C_Mem_Write
 .text.HAL_I2C_Mem_Read
                0x0800223c      0x234 ./Drivers/STM32F3xx_HAL_Driver/stm32f3xx_hal_i2c.o
                0x0800223c                HAL_I2C_Mem_Read
 .text.I2C_RequestMemoryWrite
                0x08002470       0xa8 ./Drivers/STM32F3xx_HAL_Driver/stm32f3xx_hal_i2c.o
 .text.I2C_RequestMemoryRead
                0x08002518       0xa8 ./Drivers/STM32F3xx_HAL_Driver/stm32f3xx_hal_i2c.o
 .text.I2C_Flush_TXDR
                0x080025c0       0x48 ./Drivers/STM32F3xx_HAL_Driver/stm32f3xx_hal_i2c.o
 .text.I2C_WaitOnFlagUntilTimeout
                0x08002608       0xb2 ./Drivers/STM32F3xx_HAL_Driver/stm32f3xx_hal_i2c.o
 .text.I2C_WaitOnTXISFlagUntilTimeout
                0x080026ba       0x8e ./Drivers/STM32F3xx_HAL_Driver/stm32f3xx_hal_i2c.o
 .text.I2C_WaitOnSTOPFlagUntilTimeout
                0x08002748       0x86 ./Drivers/STM32F3xx_HAL_Driver/stm32f3xx_hal_i2c.o
 *fill*         0x080027ce        0x2 
 .text.I2C_IsErrorOccurred
                0x080027d0      0x1c0 ./Drivers/STM32F3xx_HAL_Driver/stm32f3xx_hal_i2c.o
 .text.I2C_TransferConfig
                0x08002990       0x64 ./Drivers/STM32F3xx_HAL_Driver/stm32f3xx_hal_i2c.o
 .text.HAL_I2CEx_ConfigAnalogFilter
                0x080029f4       0x96 ./Drivers/STM32F3xx_HAL_Driver/stm32f3xx_hal_i2c_ex.o
                0x080029f4                HAL_I2CEx_ConfigAnalogFilter
 .text.HAL_I2CEx_ConfigDigitalFilter
                0x08002a8a       0x98 ./Drivers/STM32F3xx_HAL_Driver/stm32f3xx_hal_i2c_ex.o
                0x08002a8a                HAL_I2CEx_ConfigDigitalFilter
 .text.HAL_PCD_Init
                0x08002b22      0x18e ./Drivers/STM32F3xx_HAL_Driver/stm32f3xx_hal_pcd.o
                0x08002b22                HAL_PCD_Init
 .text.HAL_PCD_Start
                0x08002cb0       0x4c ./Drivers/STM32F3xx_HAL_Driver/stm32f3xx_hal_pcd.o
                0x08002cb0                HAL_PCD_Start
 .text.HAL_PCD_IRQHandler
                0x08002cfc      0x1a8 ./Drivers/STM32F3xx_HAL_Driver/stm32f3xx_hal_pcd.o
                0x08002cfc                HAL_PCD_IRQHandler
 .text.HAL_PCD_SetAddress
                0x08002ea4       0x48 ./Drivers/STM32F3xx_HAL_Driver/stm32f3xx_hal_pcd.o
                0x08002ea4                HAL_PCD_SetAddress
 .text.HAL_PCD_EP_Open
                0x08002eec       0xba ./Drivers/STM32F3xx_HAL_Driver/stm32f3xx_hal_pcd.o
                0x08002eec                HAL_PCD_EP_Open
 .text.HAL_PCD_EP_Close
                0x08002fa6       0x90 ./Drivers/STM32F3xx_HAL_Driver/stm32f3xx_hal_pcd.o
                0x08002fa6                HAL_PCD_EP_Close
 .text.HAL_PCD_EP_Receive
                0x08003036       0x62 ./Drivers/STM32F3xx_HAL_Driver/stm32f3xx_hal_pcd.o
                0x08003036                HAL_PCD_EP_Receive
 .text.HAL_PCD_EP_GetRxCount
                0x08003098       0x30 ./Drivers/STM32F3xx_HAL_Driver/stm32f3xx_hal_pcd.o
                0x08003098                HAL_PCD_EP_GetRxCount
 .text.HAL_PCD_EP_Transmit
                0x080030c8       0x6e ./Drivers/STM32F3xx_HAL_Driver/stm32f3xx_hal_pcd.o
                0x080030c8                HAL_PCD_EP_Transmit
 .text.HAL_PCD_EP_SetStall
                0x08003136       0xa4 ./Drivers/STM32F3xx_HAL_Driver/stm32f3xx_hal_pcd.o
                0x08003136                HAL_PCD_EP_SetStall
 .text.HAL_PCD_EP_ClrStall
                0x080031da       0xa8 ./Drivers/STM32F3xx_HAL_Driver/stm32f3xx_hal_pcd.o
                0x080031da                HAL_PCD_EP_ClrStall
 .text.PCD_EP_ISR_Handler
                0x08003282      0x79e ./Drivers/STM32F3xx_HAL_Driver/stm32f3xx_hal_pcd.o
 .text.HAL_PCD_EP_DB_Receive
                0x08003a20      0x21a ./Drivers/STM32F3xx_HAL_Driver/stm32f3xx_hal_pcd.o
 .text.HAL_PCD_EP_DB_Transmit
                0x08003c3a      0x7f4 ./Drivers/STM32F3xx_HAL_Driver/stm32f3xx_hal_pcd.o
 .text.HAL_PCDEx_PMAConfig
                0x0800442e       0x86 ./Drivers/STM32F3xx_HAL_Driver/stm32f3xx_hal_pcd_ex.o
                0x0800442e                HAL_PCDEx_PMAConfig
 .text.HAL_RCC_OscConfig
                0x080044b4     0x107c ./Drivers/STM32F3xx_HAL_Driver/stm32f3xx_hal_rcc.o
                0x080044b4                HAL_RCC_OscConfig
 .text.HAL_RCC_ClockConfig
                0x08005530      0x2f8 ./Drivers/STM32F3xx_HAL_Driver/stm32f3xx_hal_rcc.o
                0x08005530                HAL_RCC_ClockConfig
 .text.HAL_RCC_GetSysClockFreq
                0x08005828       0xa8 ./Drivers/STM32F3xx_HAL_Driver/stm32f3xx_hal_rcc.o
                0x08005828                HAL_RCC_GetSysClockFreq
 .text.HAL_RCCEx_PeriphCLKConfig
                0x080058d0      0x360 ./Drivers/STM32F3xx_HAL_Driver/stm32f3xx_hal_rcc_ex.o
                0x080058d0                HAL_RCCEx_PeriphCLKConfig
 .text.HAL_SPI_Init
                0x08005c30      0x156 ./Drivers/STM32F3xx_HAL_Driver/stm32f3xx_hal_spi.o
                0x08005c30                HAL_SPI_Init
 .text.HAL_SPI_TransmitReceive
                0x08005d86      0x444 ./Drivers/STM32F3xx_HAL_Driver/stm32f3xx_hal_spi.o
                0x08005d86                HAL_SPI_TransmitReceive
 *fill*         0x080061ca        0x2 
 .text.SPI_WaitFlagStateUntilTimeout
                0x080061cc      0x110 ./Drivers/STM32F3xx_HAL_Driver/stm32f3xx_hal_spi.o
 .text.SPI_WaitFifoStateUntilTimeout
                0x080062dc      0x12c ./Drivers/STM32F3xx_HAL_Driver/stm32f3xx_hal_spi.o
 .text.SPI_EndRxTxTransaction
                0x08006408       0x8c ./Drivers/STM32F3xx_HAL_Driver/stm32f3xx_hal_spi.o
 .text.USB_EnableGlobalInt
                0x08006494       0x2e ./Drivers/STM32F3xx_HAL_Driver/stm32f3xx_ll_usb.o
                0x08006494                USB_EnableGlobalInt
 .text.USB_DisableGlobalInt
                0x080064c2       0x36 ./Drivers/STM32F3xx_HAL_Driver/stm32f3xx_ll_usb.o
                0x080064c2                USB_DisableGlobalInt
 .text.USB_DevInit
                0x080064f8       0x3c ./Drivers/STM32F3xx_HAL_Driver/stm32f3xx_ll_usb.o
                0x080064f8                USB_DevInit
 .text.USB_ActivateEndpoint
                0x08006534      0x788 ./Drivers/STM32F3xx_HAL_Driver/stm32f3xx_ll_usb.o
                0x08006534                USB_ActivateEndpoint
 .text.USB_DeactivateEndpoint
                0x08006cbc      0x3da ./Drivers/STM32F3xx_HAL_Driver/stm32f3xx_ll_usb.o
                0x08006cbc                USB_DeactivateEndpoint
 .text.USB_EPStartXfer
                0x08007096     0x1764 ./Drivers/STM32F3xx_HAL_Driver/stm32f3xx_ll_usb.o
                0x08007096                USB_EPStartXfer
 .text.USB_EPSetStall
                0x080087fa       0xa2 ./Drivers/STM32F3xx_HAL_Driver/stm32f3xx_ll_usb.o
                0x080087fa                USB_EPSetStall
 .text.USB_EPClearStall
                0x0800889c      0x15c ./Drivers/STM32F3xx_HAL_Driver/stm32f3xx_ll_usb.o
                0x0800889c                USB_EPClearStall
 .text.USB_SetDevAddress
                0x080089f8       0x28 ./Drivers/STM32F3xx_HAL_Driver/stm32f3xx_ll_usb.o
                0x080089f8                USB_SetDevAddress
 .text.USB_DevConnect
                0x08008a20       0x16 ./Drivers/STM32F3xx_HAL_Driver/stm32f3xx_ll_usb.o
                0x08008a20                USB_DevConnect
 .text.USB_ReadInterrupts
                0x08008a36       0x20 ./Drivers/STM32F3xx_HAL_Driver/stm32f3xx_ll_usb.o
                0x08008a36                USB_ReadInterrupts
 .text.USB_WritePMA
                0x08008a56       0x8c ./Drivers/STM32F3xx_HAL_Driver/stm32f3xx_ll_usb.o
                0x08008a56                USB_WritePMA
 .text.USB_ReadPMA
                0x08008ae2       0xa0 ./Drivers/STM32F3xx_HAL_Driver/stm32f3xx_ll_usb.o
                0x08008ae2                USB_ReadPMA
 .text.USBD_CDC_Init
                0x08008b82       0xf4 ./Middlewares/USB_Device_Library/usbd_cdc.o
 .text.USBD_CDC_DeInit
                0x08008c76       0x6e ./Middlewares/USB_Device_Library/usbd_cdc.o
 .text.USBD_CDC_Setup
                0x08008ce4      0x146 ./Middlewares/USB_Device_Library/usbd_cdc.o
 .text.USBD_CDC_DataIn
                0x08008e2a       0xa6 ./Middlewares/USB_Device_Library/usbd_cdc.o
 .text.USBD_CDC_DataOut
                0x08008ed0       0x56 ./Middlewares/USB_Device_Library/usbd_cdc.o
 .text.USBD_CDC_EP0_RxReady
                0x08008f26       0x4e ./Middlewares/USB_Device_Library/usbd_cdc.o
 .text.USBD_CDC_GetFSCfgDesc
                0x08008f74       0x20 ./Middlewares/USB_Device_Library/usbd_cdc.o
 .text.USBD_CDC_GetHSCfgDesc
                0x08008f94       0x20 ./Middlewares/USB_Device_Library/usbd_cdc.o
 .text.USBD_CDC_GetOtherSpeedCfgDesc
                0x08008fb4       0x20 ./Middlewares/USB_Device_Library/usbd_cdc.o
 .text.USBD_CDC_GetDeviceQualifierDescriptor
                0x08008fd4       0x20 ./Middlewares/USB_Device_Library/usbd_cdc.o
                0x08008fd4                USBD_CDC_GetDeviceQualifierDescriptor
 .text.USBD_CDC_RegisterInterface
                0x08008ff4       0x2e ./Middlewares/USB_Device_Library/usbd_cdc.o
                0x08008ff4                USBD_CDC_RegisterInterface
 .text.USBD_CDC_SetTxBuffer
                0x08009022       0x34 ./Middlewares/USB_Device_Library/usbd_cdc.o
                0x08009022                USBD_CDC_SetTxBuffer
 .text.USBD_CDC_SetRxBuffer
                0x08009056       0x28 ./Middlewares/USB_Device_Library/usbd_cdc.o
                0x08009056                USBD_CDC_SetRxBuffer
 .text.USBD_CDC_TransmitPacket
                0x0800907e       0x5e ./Middlewares/USB_Device_Library/usbd_cdc.o
                0x0800907e                USBD_CDC_TransmitPacket
 .text.USBD_CDC_ReceivePacket
                0x080090dc       0x54 ./Middlewares/USB_Device_Library/usbd_cdc.o
                0x080090dc                USBD_CDC_ReceivePacket
 .text.USBD_Init
                0x08009130       0x56 ./Middlewares/USB_Device_Library/usbd_core.o
                0x08009130                USBD_Init
 .text.USBD_RegisterClass
                0x08009186       0x34 ./Middlewares/USB_Device_Library/usbd_core.o
                0x08009186                USBD_RegisterClass
 .text.USBD_Start
                0x080091ba       0x18 ./Middlewares/USB_Device_Library/usbd_core.o
                0x080091ba                USBD_Start
 .text.USBD_RunTestMode
                0x080091d2       0x16 ./Middlewares/USB_Device_Library/usbd_core.o
                0x080091d2                USBD_RunTestMode
 .text.USBD_SetClassConfig
                0x080091e8       0x3e ./Middlewares/USB_Device_Library/usbd_core.o
                0x080091e8                USBD_SetClassConfig
 .text.USBD_ClrClassConfig
                0x08009226       0x26 ./Middlewares/USB_Device_Library/usbd_core.o
                0x08009226                USBD_ClrClassConfig
 .text.USBD_LL_SetupStage
                0x0800924c       0x9a ./Middlewares/USB_Device_Library/usbd_core.o
                0x0800924c                USBD_LL_SetupStage
 .text.USBD_LL_DataOutStage
                0x080092e6       0xe2 ./Middlewares/USB_Device_Library/usbd_core.o
                0x080092e6                USBD_LL_DataOutStage
 .text.USBD_LL_DataInStage
                0x080093c8      0x14a ./Middlewares/USB_Device_Library/usbd_core.o
                0x080093c8                USBD_LL_DataInStage
 .text.USBD_LL_Reset
                0x08009512       0x82 ./Middlewares/USB_Device_Library/usbd_core.o
                0x08009512                USBD_LL_Reset
 .text.USBD_LL_SetSpeed
                0x08009594       0x20 ./Middlewares/USB_Device_Library/usbd_core.o
                0x08009594                USBD_LL_SetSpeed
 .text.USBD_LL_Suspend
                0x080095b4       0x2a ./Middlewares/USB_Device_Library/usbd_core.o
                0x080095b4                USBD_LL_Suspend
 .text.USBD_LL_Resume
                0x080095de       0x2c ./Middlewares/USB_Device_Library/usbd_core.o
                0x080095de                USBD_LL_Resume
 .text.USBD_LL_SOF
                0x0800960a       0x34 ./Middlewares/USB_Device_Library/usbd_core.o
                0x0800960a                USBD_LL_SOF
 *fill*         0x0800963e        0x2 
 .text.USBD_StdDevReq
                0x08009640       0xd4 ./Middlewares/USB_Device_Library/usbd_ctlreq.o
                0x08009640                USBD_StdDevReq
 .text.USBD_StdItfReq
                0x08009714       0x90 ./Middlewares/USB_Device_Library/usbd_ctlreq.o
                0x08009714                USBD_StdItfReq
 .text.USBD_StdEPReq
                0x080097a4      0x2c6 ./Middlewares/USB_Device_Library/usbd_ctlreq.o
                0x080097a4                USBD_StdEPReq
 *fill*         0x08009a6a        0x2 
 .text.USBD_GetDescriptor
                0x08009a6c      0x2d0 ./Middlewares/USB_Device_Library/usbd_ctlreq.o
 .text.USBD_SetAddress
                0x08009d3c       0x86 ./Middlewares/USB_Device_Library/usbd_ctlreq.o
 *fill*         0x08009dc2        0x2 
 .text.USBD_SetConfig
                0x08009dc4      0x11c ./Middlewares/USB_Device_Library/usbd_ctlreq.o
 .text.USBD_GetConfig
                0x08009ee0       0x6a ./Middlewares/USB_Device_Library/usbd_ctlreq.o
 .text.USBD_GetStatus
                0x08009f4a       0x66 ./Middlewares/USB_Device_Library/usbd_ctlreq.o
 .text.USBD_SetFeature
                0x08009fb0       0x28 ./Middlewares/USB_Device_Library/usbd_ctlreq.o
 .text.USBD_ClrFeature
                0x08009fd8       0x42 ./Middlewares/USB_Device_Library/usbd_ctlreq.o
 .text.USBD_ParseSetupRequest
                0x0800a01a       0x74 ./Middlewares/USB_Device_Library/usbd_ctlreq.o
                0x0800a01a                USBD_ParseSetupRequest
 .text.USBD_CtlError
                0x0800a08e       0x22 ./Middlewares/USB_Device_Library/usbd_ctlreq.o
                0x0800a08e                USBD_CtlError
 .text.USBD_GetString
                0x0800a0b0       0x84 ./Middlewares/USB_Device_Library/usbd_ctlreq.o
                0x0800a0b0                USBD_GetString
 .text.USBD_GetLen
                0x0800a134       0x30 ./Middlewares/USB_Device_Library/usbd_ctlreq.o
 .text.USBD_CtlSendData
                0x0800a164       0x38 ./Middlewares/USB_Device_Library/usbd_ioreq.o
                0x0800a164                USBD_CtlSendData
 .text.USBD_CtlContinueSendData
                0x0800a19c       0x24 ./Middlewares/USB_Device_Library/usbd_ioreq.o
                0x0800a19c                USBD_CtlContinueSendData
 .text.USBD_CtlPrepareRx
                0x0800a1c0       0x3c ./Middlewares/USB_Device_Library/usbd_ioreq.o
                0x0800a1c0                USBD_CtlPrepareRx
 .text.USBD_CtlContinueRx
                0x0800a1fc       0x24 ./Middlewares/USB_Device_Library/usbd_ioreq.o
                0x0800a1fc                USBD_CtlContinueRx
 .text.USBD_CtlSendStatus
                0x0800a220       0x26 ./Middlewares/USB_Device_Library/usbd_ioreq.o
                0x0800a220                USBD_CtlSendStatus
 .text.USBD_CtlReceiveStatus
                0x0800a246       0x26 ./Middlewares/USB_Device_Library/usbd_ioreq.o
                0x0800a246                USBD_CtlReceiveStatus
 .text.sprintf  0x0800a26c       0x40 C:/ST/STM32CubeIDE_1.16.1/STM32CubeIDE/plugins/com.st.stm32cube.ide.mcu.externaltools.gnu-tools-for-stm32.12.3.rel1.win32_1.1.0.202410251130/tools/bin/../lib/gcc/arm-none-eabi/12.3.1/../../../../arm-none-eabi/lib/thumb/v7e-m+fp/hard\libc_nano.a(libc_a-sprintf.o)
                0x0800a26c                siprintf
                0x0800a26c                sprintf
 .text.memset   0x0800a2ac       0x10 C:/ST/STM32CubeIDE_1.16.1/STM32CubeIDE/plugins/com.st.stm32cube.ide.mcu.externaltools.gnu-tools-for-stm32.12.3.rel1.win32_1.1.0.202410251130/tools/bin/../lib/gcc/arm-none-eabi/12.3.1/../../../../arm-none-eabi/lib/thumb/v7e-m+fp/hard\libc_nano.a(libc_a-memset.o)
                0x0800a2ac                memset
 .text.__errno  0x0800a2bc        0xc C:/ST/STM32CubeIDE_1.16.1/STM32CubeIDE/plugins/com.st.stm32cube.ide.mcu.externaltools.gnu-tools-for-stm32.12.3.rel1.win32_1.1.0.202410251130/tools/bin/../lib/gcc/arm-none-eabi/12.3.1/../../../../arm-none-eabi/lib/thumb/v7e-m+fp/hard\libc_nano.a(libc_a-errno.o)
                0x0800a2bc                __errno
 .text.__libc_init_array
                0x0800a2c8       0x48 C:/ST/STM32CubeIDE_1.16.1/STM32CubeIDE/plugins/com.st.stm32cube.ide.mcu.externaltools.gnu-tools-for-stm32.12.3.rel1.win32_1.1.0.202410251130/tools/bin/../lib/gcc/arm-none-eabi/12.3.1/../../../../arm-none-eabi/lib/thumb/v7e-m+fp/hard\libc_nano.a(libc_a-init.o)
                0x0800a2c8                __libc_init_array
 .text.__retarget_lock_acquire_recursive
                0x0800a310        0x2 C:/ST/STM32CubeIDE_1.16.1/STM32CubeIDE/plugins/com.st.stm32cube.ide.mcu.externaltools.gnu-tools-for-stm32.12.3.rel1.win32_1.1.0.202410251130/tools/bin/../lib/gcc/arm-none-eabi/12.3.1/../../../../arm-none-eabi/lib/thumb/v7e-m+fp/hard\libc_nano.a(libc_a-lock.o)
                0x0800a310                __retarget_lock_acquire_recursive
 .text.__retarget_lock_release_recursive
                0x0800a312        0x2 C:/ST/STM32CubeIDE_1.16.1/STM32CubeIDE/plugins/com.st.stm32cube.ide.mcu.externaltools.gnu-tools-for-stm32.12.3.rel1.win32_1.1.0.202410251130/tools/bin/../lib/gcc/arm-none-eabi/12.3.1/../../../../arm-none-eabi/lib/thumb/v7e-m+fp/hard\libc_nano.a(libc_a-lock.o)
                0x0800a312                __retarget_lock_release_recursive
 .text._free_r  0x0800a314       0x94 C:/ST/STM32CubeIDE_1.16.1/STM32CubeIDE/plugins/com.st.stm32cube.ide.mcu.externaltools.gnu-tools-for-stm32.12.3.rel1.win32_1.1.0.202410251130/tools/bin/../lib/gcc/arm-none-eabi/12.3.1/../../../../arm-none-eabi/lib/thumb/v7e-m+fp/hard\libc_nano.a(libc_a-freer.o)
                0x0800a314                _free_r
 .text.sbrk_aligned
                0x0800a3a8       0x44 C:/ST/STM32CubeIDE_1.16.1/STM32CubeIDE/plugins/com.st.stm32cube.ide.mcu.externaltools.gnu-tools-for-stm32.12.3.rel1.win32_1.1.0.202410251130/tools/bin/../lib/gcc/arm-none-eabi/12.3.1/../../../../arm-none-eabi/lib/thumb/v7e-m+fp/hard\libc_nano.a(libc_a-mallocr.o)
 .text._malloc_r
                0x0800a3ec      0x100 C:/ST/STM32CubeIDE_1.16.1/STM32CubeIDE/plugins/com.st.stm32cube.ide.mcu.externaltools.gnu-tools-for-stm32.12.3.rel1.win32_1.1.0.202410251130/tools/bin/../lib/gcc/arm-none-eabi/12.3.1/../../../../arm-none-eabi/lib/thumb/v7e-m+fp/hard\libc_nano.a(libc_a-mallocr.o)
                0x0800a3ec                _malloc_r
 .text.__malloc_lock
                0x0800a4ec        0xc C:/ST/STM32CubeIDE_1.16.1/STM32CubeIDE/plugins/com.st.stm32cube.ide.mcu.externaltools.gnu-tools-for-stm32.12.3.rel1.win32_1.1.0.202410251130/tools/bin/../lib/gcc/arm-none-eabi/12.3.1/../../../../arm-none-eabi/lib/thumb/v7e-m+fp/hard\libc_nano.a(libc_a-mlock.o)
                0x0800a4ec                __malloc_lock
 .text.__malloc_unlock
                0x0800a4f8        0xc C:/ST/STM32CubeIDE_1.16.1/STM32CubeIDE/plugins/com.st.stm32cube.ide.mcu.externaltools.gnu-tools-for-stm32.12.3.rel1.win32_1.1.0.202410251130/tools/bin/../lib/gcc/arm-none-eabi/12.3.1/../../../../arm-none-eabi/lib/thumb/v7e-m+fp/hard\libc_nano.a(libc_a-mlock.o)
                0x0800a4f8                __malloc_unlock
 .text.__ssputs_r
                0x0800a504       0xb6 C:/ST/STM32CubeIDE_1.16.1/STM32CubeIDE/plugins/com.st.stm32cube.ide.mcu.externaltools.gnu-tools-for-stm32.12.3.rel1.win32_1.1.0.202410251130/tools/bin/../lib/gcc/arm-none-eabi/12.3.1/../../../../arm-none-eabi/lib/thumb/v7e-m+fp/hard\libc_nano.a(libc_a-nano-svfprintf.o)
                0x0800a504                __ssputs_r
 *fill*         0x0800a5ba        0x2 
 .text._svfprintf_r
                0x0800a5bc      0x1f8 C:/ST/STM32CubeIDE_1.16.1/STM32CubeIDE/plugins/com.st.stm32cube.ide.mcu.externaltools.gnu-tools-for-stm32.12.3.rel1.win32_1.1.0.202410251130/tools/bin/../lib/gcc/arm-none-eabi/12.3.1/../../../../arm-none-eabi/lib/thumb/v7e-m+fp/hard\libc_nano.a(libc_a-nano-svfprintf.o)
                0x0800a5bc                _svfiprintf_r
                0x0800a5bc                _svfprintf_r
 .text._printf_common
                0x0800a7b4       0xda C:/ST/STM32CubeIDE_1.16.1/STM32CubeIDE/plugins/com.st.stm32cube.ide.mcu.externaltools.gnu-tools-for-stm32.12.3.rel1.win32_1.1.0.202410251130/tools/bin/../lib/gcc/arm-none-eabi/12.3.1/../../../../arm-none-eabi/lib/thumb/v7e-m+fp/hard\libc_nano.a(libc_a-nano-vfprintf_i.o)
                0x0800a7b4                _printf_common
 *fill*         0x0800a88e        0x2 
 .text._printf_i
                0x0800a890      0x240 C:/ST/STM32CubeIDE_1.16.1/STM32CubeIDE/plugins/com.st.stm32cube.ide.mcu.externaltools.gnu-tools-for-stm32.12.3.rel1.win32_1.1.0.202410251130/tools/bin/../lib/gcc/arm-none-eabi/12.3.1/../../../../arm-none-eabi/lib/thumb/v7e-m+fp/hard\libc_nano.a(libc_a-nano-vfprintf_i.o)
                0x0800a890                _printf_i
 .text.memmove  0x0800aad0       0x34 C:/ST/STM32CubeIDE_1.16.1/STM32CubeIDE/plugins/com.st.stm32cube.ide.mcu.externaltools.gnu-tools-for-stm32.12.3.rel1.win32_1.1.0.202410251130/tools/bin/../lib/gcc/arm-none-eabi/12.3.1/../../../../arm-none-eabi/lib/thumb/v7e-m+fp/hard\libc_nano.a(libc_a-memmove.o)
                0x0800aad0                memmove
 .text._sbrk_r  0x0800ab04       0x20 C:/ST/STM32CubeIDE_1.16.1/STM32CubeIDE/plugins/com.st.stm32cube.ide.mcu.externaltools.gnu-tools-for-stm32.12.3.rel1.win32_1.1.0.202410251130/tools/bin/../lib/gcc/arm-none-eabi/12.3.1/../../../../arm-none-eabi/lib/thumb/v7e-m+fp/hard\libc_nano.a(libc_a-sbrkr.o)
                0x0800ab04                _sbrk_r
 .text.memcpy   0x0800ab24       0x1c C:/ST/STM32CubeIDE_1.16.1/STM32CubeIDE/plugins/com.st.stm32cube.ide.mcu.externaltools.gnu-tools-for-stm32.12.3.rel1.win32_1.1.0.202410251130/tools/bin/../lib/gcc/arm-none-eabi/12.3.1/../../../../arm-none-eabi/lib/thumb/v7e-m+fp/hard\libc_nano.a(libc_a-memcpy-stub.o)
                0x0800ab24                memcpy
 .text._realloc_r
                0x0800ab40       0x5c C:/ST/STM32CubeIDE_1.16.1/STM32CubeIDE/plugins/com.st.stm32cube.ide.mcu.externaltools.gnu-tools-for-stm32.12.3.rel1.win32_1.1.0.202410251130/tools/bin/../lib/gcc/arm-none-eabi/12.3.1/../../../../arm-none-eabi/lib/thumb/v7e-m+fp/hard\libc_nano.a(libc_a-reallocr.o)
                0x0800ab40                _realloc_r
 .text._malloc_usable_size_r
                0x0800ab9c       0x10 C:/ST/STM32CubeIDE_1.16.1/STM32CubeIDE/plugins/com.st.stm32cube.ide.mcu.externaltools.gnu-tools-for-stm32.12.3.rel1.win32_1.1.0.202410251130/tools/bin/../lib/gcc/arm-none-eabi/12.3.1/../../../../arm-none-eabi/lib/thumb/v7e-m+fp/hard\libc_nano.a(libc_a-msizer.o)
                0x0800ab9c                _malloc_usable_size_r
 *(.glue_7)
 .glue_7        0x0800abac        0x0 linker stubs
 *(.glue_7t)
 .glue_7t       0x0800abac        0x0 linker stubs
 *(.eh_frame)
 .eh_frame      0x0800abac        0x0 C:/ST/STM32CubeIDE_1.16.1/STM32CubeIDE/plugins/com.st.stm32cube.ide.mcu.externaltools.gnu-tools-for-stm32.12.3.rel1.win32_1.1.0.202410251130/tools/bin/../lib/gcc/arm-none-eabi/12.3.1/thumb/v7e-m+fp/hard/crtbegin.o
 *(.init)
 .init          0x0800abac        0x4 C:/ST/STM32CubeIDE_1.16.1/STM32CubeIDE/plugins/com.st.stm32cube.ide.mcu.externaltools.gnu-tools-for-stm32.12.3.rel1.win32_1.1.0.202410251130/tools/bin/../lib/gcc/arm-none-eabi/12.3.1/thumb/v7e-m+fp/hard/crti.o
                0x0800abac                _init
 .init          0x0800abb0        0x8 C:/ST/STM32CubeIDE_1.16.1/STM32CubeIDE/plugins/com.st.stm32cube.ide.mcu.externaltools.gnu-tools-for-stm32.12.3.rel1.win32_1.1.0.202410251130/tools/bin/../lib/gcc/arm-none-eabi/12.3.1/thumb/v7e-m+fp/hard/crtn.o
 *(.fini)
 .fini          0x0800abb8        0x4 C:/ST/STM32CubeIDE_1.16.1/STM32CubeIDE/plugins/com.st.stm32cube.ide.mcu.externaltools.gnu-tools-for-stm32.12.3.rel1.win32_1.1.0.202410251130/tools/bin/../lib/gcc/arm-none-eabi/12.3.1/thumb/v7e-m+fp/hard/crti.o
                0x0800abb8                _fini
 .fini          0x0800abbc        0x8 C:/ST/STM32CubeIDE_1.16.1/STM32CubeIDE/plugins/com.st.stm32cube.ide.mcu.externaltools.gnu-tools-for-stm32.12.3.rel1.win32_1.1.0.202410251130/tools/bin/../lib/gcc/arm-none-eabi/12.3.1/thumb/v7e-m+fp/hard/crtn.o
                0x0800abc4                        . = ALIGN (0x4)
                0x0800abc4                        _etext = .

.vfp11_veneer   0x0800abc4        0x0
 .vfp11_veneer  0x0800abc4        0x0 linker stubs

.v4_bx          0x0800abc4        0x0
 .v4_bx         0x0800abc4        0x0 linker stubs

.iplt           0x0800abc4        0x0
 .iplt          0x0800abc4        0x0 C:/ST/STM32CubeIDE_1.16.1/STM32CubeIDE/plugins/com.st.stm32cube.ide.mcu.externaltools.gnu-tools-for-stm32.12.3.rel1.win32_1.1.0.202410251130/tools/bin/../lib/gcc/arm-none-eabi/12.3.1/thumb/v7e-m+fp/hard/crtbegin.o

.rodata         0x0800abc4       0xd0
                0x0800abc4                        . = ALIGN (0x4)
 *(.rodata)
 .rodata        0x0800abc4       0x21 ./Application/User/Core/main.o
 *fill*         0x0800abe5        0x3 
 .rodata        0x0800abe8       0x46 ./Application/User/USB_DEVICE/App/usbd_desc.o
 *(.rodata*)
 *fill*         0x0800ac2e        0x2 
 .rodata.AHBPrescTable
                0x0800ac30       0x10 ./Drivers/CMSIS/system_stm32f3xx.o
                0x0800ac30                AHBPrescTable
 .rodata.aPLLMULFactorTable
                0x0800ac40       0x10 ./Drivers/STM32F3xx_HAL_Driver/stm32f3xx_hal_rcc.o
 .rodata.aPredivFactorTable
                0x0800ac50       0x10 ./Drivers/STM32F3xx_HAL_Driver/stm32f3xx_hal_rcc.o
 .rodata._svfprintf_r.str1.1
                0x0800ac60       0x11 C:/ST/STM32CubeIDE_1.16.1/STM32CubeIDE/plugins/com.st.stm32cube.ide.mcu.externaltools.gnu-tools-for-stm32.12.3.rel1.win32_1.1.0.202410251130/tools/bin/../lib/gcc/arm-none-eabi/12.3.1/../../../../arm-none-eabi/lib/thumb/v7e-m+fp/hard\libc_nano.a(libc_a-nano-svfprintf.o)
 .rodata._printf_i.str1.1
                0x0800ac71       0x22 C:/ST/STM32CubeIDE_1.16.1/STM32CubeIDE/plugins/com.st.stm32cube.ide.mcu.externaltools.gnu-tools-for-stm32.12.3.rel1.win32_1.1.0.202410251130/tools/bin/../lib/gcc/arm-none-eabi/12.3.1/../../../../arm-none-eabi/lib/thumb/v7e-m+fp/hard\libc_nano.a(libc_a-nano-vfprintf_i.o)
                0x0800ac94                        . = ALIGN (0x4)
 *fill*         0x0800ac93        0x1 

.ARM.extab      0x0800ac94        0x0
                0x0800ac94                        . = ALIGN (0x4)
 *(.ARM.extab* .gnu.linkonce.armextab.*)
                0x0800ac94                        . = ALIGN (0x4)

.ARM            0x0800ac94        0x8
                0x0800ac94                        . = ALIGN (0x4)
                0x0800ac94                        __exidx_start = .
 *(.ARM.exidx*)
 .ARM.exidx     0x0800ac94        0x8 C:/ST/STM32CubeIDE_1.16.1/STM32CubeIDE/plugins/com.st.stm32cube.ide.mcu.externaltools.gnu-tools-for-stm32.12.3.rel1.win32_1.1.0.202410251130/tools/bin/../lib/gcc/arm-none-eabi/12.3.1/../../../../arm-none-eabi/lib/thumb/v7e-m+fp/hard\libc_nano.a(libc_a-strlen.o)
 .ARM.exidx     0x0800ac9c        0x0 C:/ST/STM32CubeIDE_1.16.1/STM32CubeIDE/plugins/com.st.stm32cube.ide.mcu.externaltools.gnu-tools-for-stm32.12.3.rel1.win32_1.1.0.202410251130/tools/bin/../lib/gcc/arm-none-eabi/12.3.1/../../../../arm-none-eabi/lib/thumb/v7e-m+fp/hard\libc_nano.a(libc_a-memchr.o)
                                  0x8 (size before relaxing)
                0x0800ac9c                        __exidx_end = .
                0x0800ac9c                        . = ALIGN (0x4)

.preinit_array  0x0800ac9c        0x0
                0x0800ac9c                        . = ALIGN (0x4)
                0x0800ac9c                        PROVIDE (__preinit_array_start = .)
 *(.preinit_array*)
                0x0800ac9c                        PROVIDE (__preinit_array_end = .)
                0x0800ac9c                        . = ALIGN (0x4)

.init_array     0x0800ac9c        0x4
                0x0800ac9c                        . = ALIGN (0x4)
                0x0800ac9c                        PROVIDE (__init_array_start = .)
 *(SORT_BY_NAME(.init_array.*))
 *(.init_array*)
 .init_array    0x0800ac9c        0x4 C:/ST/STM32CubeIDE_1.16.1/STM32CubeIDE/plugins/com.st.stm32cube.ide.mcu.externaltools.gnu-tools-for-stm32.12.3.rel1.win32_1.1.0.202410251130/tools/bin/../lib/gcc/arm-none-eabi/12.3.1/thumb/v7e-m+fp/hard/crtbegin.o
                0x0800aca0                        PROVIDE (__init_array_end = .)
                0x0800aca0                        . = ALIGN (0x4)

.fini_array     0x0800aca0        0x4
                0x0800aca0                        . = ALIGN (0x4)
                [!provide]                        PROVIDE (__fini_array_start = .)
 *(SORT_BY_NAME(.fini_array.*))
 *(.fini_array*)
 .fini_array    0x0800aca0        0x4 C:/ST/STM32CubeIDE_1.16.1/STM32CubeIDE/plugins/com.st.stm32cube.ide.mcu.externaltools.gnu-tools-for-stm32.12.3.rel1.win32_1.1.0.202410251130/tools/bin/../lib/gcc/arm-none-eabi/12.3.1/thumb/v7e-m+fp/hard/crtbegin.o
                [!provide]                        PROVIDE (__fini_array_end = .)
                0x0800aca4                        . = ALIGN (0x4)
                0x0800aca4                        _sidata = LOADADDR (.data)

.rel.dyn        0x0800aca4        0x0
 .rel.iplt      0x0800aca4        0x0 C:/ST/STM32CubeIDE_1.16.1/STM32CubeIDE/plugins/com.st.stm32cube.ide.mcu.externaltools.gnu-tools-for-stm32.12.3.rel1.win32_1.1.0.202410251130/tools/bin/../lib/gcc/arm-none-eabi/12.3.1/thumb/v7e-m+fp/hard/crtbegin.o

.data           0x20000000      0x1cc load address 0x0800aca4
                0x20000000                        . = ALIGN (0x4)
                0x20000000                        _sdata = .
 *(.data)
 *(.data*)
 .data.USBD_Interface_fops_FS
                0x20000000       0x10 ./Application/User/USB_DEVICE/App/usbd_cdc_if.o
                0x20000000                USBD_Interface_fops_FS
 .data.FS_Desc  0x20000010       0x1c ./Application/User/USB_DEVICE/App/usbd_desc.o
                0x20000010                FS_Desc
 .data.USBD_FS_DeviceDesc
                0x2000002c       0x12 ./Application/User/USB_DEVICE/App/usbd_desc.o
                0x2000002c                USBD_FS_DeviceDesc
 *fill*         0x2000003e        0x2 
 .data.USBD_LangIDDesc
                0x20000040        0x4 ./Application/User/USB_DEVICE/App/usbd_desc.o
                0x20000040                USBD_LangIDDesc
 .data.USBD_StringSerial
                0x20000044       0x1a ./Application/User/USB_DEVICE/App/usbd_desc.o
                0x20000044                USBD_StringSerial
 *fill*         0x2000005e        0x2 
 .data.SystemCoreClock
                0x20000060        0x4 ./Drivers/CMSIS/system_stm32f3xx.o
                0x20000060                SystemCoreClock
 .data.uwTickPrio
                0x20000064        0x4 ./Drivers/STM32F3xx_HAL_Driver/stm32f3xx_hal.o
                0x20000064                uwTickPrio
 .data.uwTickFreq
                0x20000068        0x1 ./Drivers/STM32F3xx_HAL_Driver/stm32f3xx_hal.o
                0x20000068                uwTickFreq
 *fill*         0x20000069        0x3 
 .data.USBD_CDC_DeviceQualifierDesc
                0x2000006c        0xa ./Middlewares/USB_Device_Library/usbd_cdc.o
 *fill*         0x20000076        0x2 
 .data.USBD_CDC
                0x20000078       0x38 ./Middlewares/USB_Device_Library/usbd_cdc.o
                0x20000078                USBD_CDC
 .data.USBD_CDC_CfgHSDesc
                0x200000b0       0x43 ./Middlewares/USB_Device_Library/usbd_cdc.o
                0x200000b0                USBD_CDC_CfgHSDesc
 *fill*         0x200000f3        0x1 
 .data.USBD_CDC_CfgFSDesc
                0x200000f4       0x43 ./Middlewares/USB_Device_Library/usbd_cdc.o
                0x200000f4                USBD_CDC_CfgFSDesc
 *fill*         0x20000137        0x1 
 .data.USBD_CDC_OtherSpeedCfgDesc
                0x20000138       0x43 ./Middlewares/USB_Device_Library/usbd_cdc.o
                0x20000138                USBD_CDC_OtherSpeedCfgDesc
 *fill*         0x2000017b        0x1 
 .data._impure_ptr
                0x2000017c        0x4 C:/ST/STM32CubeIDE_1.16.1/STM32CubeIDE/plugins/com.st.stm32cube.ide.mcu.externaltools.gnu-tools-for-stm32.12.3.rel1.win32_1.1.0.202410251130/tools/bin/../lib/gcc/arm-none-eabi/12.3.1/../../../../arm-none-eabi/lib/thumb/v7e-m+fp/hard\libc_nano.a(libc_a-impure.o)
                0x2000017c                _impure_ptr
 .data._impure_data
                0x20000180       0x4c C:/ST/STM32CubeIDE_1.16.1/STM32CubeIDE/plugins/com.st.stm32cube.ide.mcu.externaltools.gnu-tools-for-stm32.12.3.rel1.win32_1.1.0.202410251130/tools/bin/../lib/gcc/arm-none-eabi/12.3.1/../../../../arm-none-eabi/lib/thumb/v7e-m+fp/hard\libc_nano.a(libc_a-impure.o)
                0x20000180                _impure_data
 *(.RamFunc)
 *(.RamFunc*)
                0x200001cc                        . = ALIGN (0x4)
                0x200001cc                        _edata = .
                0x0800ae70                        _siccmram = LOADADDR (.ccmram)

.igot.plt       0x200001cc        0x0 load address 0x0800ae70
 .igot.plt      0x200001cc        0x0 C:/ST/STM32CubeIDE_1.16.1/STM32CubeIDE/plugins/com.st.stm32cube.ide.mcu.externaltools.gnu-tools-for-stm32.12.3.rel1.win32_1.1.0.202410251130/tools/bin/../lib/gcc/arm-none-eabi/12.3.1/thumb/v7e-m+fp/hard/crtbegin.o

.ccmram         0x10000000        0x0 load address 0x0800ae70
                0x10000000                        . = ALIGN (0x4)
                0x10000000                        _sccmram = .
 *(.ccmram)
 *(.ccmram*)
                0x10000000                        . = ALIGN (0x4)
                0x10000000                        _eccmram = .
                0x10000000                        . = ALIGN (0x4)

.bss            0x200001cc     0x1454
                0x200001cc                        _sbss = .
                0x200001cc                        __bss_start__ = _sbss
 *(.bss)
 .bss           0x200001cc       0x1c C:/ST/STM32CubeIDE_1.16.1/STM32CubeIDE/plugins/com.st.stm32cube.ide.mcu.externaltools.gnu-tools-for-stm32.12.3.rel1.win32_1.1.0.202410251130/tools/bin/../lib/gcc/arm-none-eabi/12.3.1/thumb/v7e-m+fp/hard/crtbegin.o
 *(.bss*)
 .bss.hi2c1     0x200001e8       0x54 ./Application/User/Core/main.o
                0x200001e8                hi2c1
 .bss.hspi1     0x2000023c       0x64 ./Application/User/Core/main.o
                0x2000023c                hspi1
 .bss.str1      0x200002a0       0x64 ./Application/User/Core/main.o
                0x200002a0                str1
 .bss.AccelData
                0x20000304        0x6 ./Application/User/Core/main.o
                0x20000304                AccelData
 *fill*         0x2000030a        0x2 
 .bss.GyroData  0x2000030c        0x6 ./Application/User/Core/main.o
                0x2000030c                GyroData
 *fill*         0x20000312        0x2 
 .bss.__sbrk_heap_end
                0x20000314        0x4 ./Application/User/Core/sysmem.o
 .bss.hUsbDeviceFS
                0x20000318      0x2c4 ./Application/User/USB_DEVICE/App/usb_device.o
                0x20000318                hUsbDeviceFS
 .bss.UserRxBufferFS
                0x200005dc      0x400 ./Application/User/USB_DEVICE/App/usbd_cdc_if.o
                0x200005dc                UserRxBufferFS
 .bss.UserTxBufferFS
                0x200009dc      0x400 ./Application/User/USB_DEVICE/App/usbd_cdc_if.o
                0x200009dc                UserTxBufferFS
 .bss.USBD_StrDesc
                0x20000ddc      0x200 ./Application/User/USB_DEVICE/App/usbd_desc.o
                0x20000ddc                USBD_StrDesc
 .bss.hpcd_USB_FS
                0x20000fdc      0x2d4 ./Application/User/USB_DEVICE/Target/usbd_conf.o
                0x20000fdc                hpcd_USB_FS
 .bss.mem.0     0x200012b0      0x220 ./Application/User/USB_DEVICE/Target/usbd_conf.o
 .bss.uwTick    0x200014d0        0x4 ./Drivers/STM32F3xx_HAL_Driver/stm32f3xx_hal.o
                0x200014d0                uwTick
 .bss.cfgidx.0  0x200014d4        0x1 ./Middlewares/USB_Device_Library/usbd_ctlreq.o
 *fill*         0x200014d5        0x3 
 .bss.__sf      0x200014d8      0x138 C:/ST/STM32CubeIDE_1.16.1/STM32CubeIDE/plugins/com.st.stm32cube.ide.mcu.externaltools.gnu-tools-for-stm32.12.3.rel1.win32_1.1.0.202410251130/tools/bin/../lib/gcc/arm-none-eabi/12.3.1/../../../../arm-none-eabi/lib/thumb/v7e-m+fp/hard\libc_nano.a(libc_a-findfp.o)
                0x200014d8                __sf
 .bss.errno     0x20001610        0x4 C:/ST/STM32CubeIDE_1.16.1/STM32CubeIDE/plugins/com.st.stm32cube.ide.mcu.externaltools.gnu-tools-for-stm32.12.3.rel1.win32_1.1.0.202410251130/tools/bin/../lib/gcc/arm-none-eabi/12.3.1/../../../../arm-none-eabi/lib/thumb/v7e-m+fp/hard\libc_nano.a(libc_a-reent.o)
                0x20001610                errno
 .bss.__lock___malloc_recursive_mutex
                0x20001614        0x1 C:/ST/STM32CubeIDE_1.16.1/STM32CubeIDE/plugins/com.st.stm32cube.ide.mcu.externaltools.gnu-tools-for-stm32.12.3.rel1.win32_1.1.0.202410251130/tools/bin/../lib/gcc/arm-none-eabi/12.3.1/../../../../arm-none-eabi/lib/thumb/v7e-m+fp/hard\libc_nano.a(libc_a-lock.o)
                0x20001614                __lock___malloc_recursive_mutex
 *fill*         0x20001615        0x3 
 .bss.__malloc_sbrk_start
                0x20001618        0x4 C:/ST/STM32CubeIDE_1.16.1/STM32CubeIDE/plugins/com.st.stm32cube.ide.mcu.externaltools.gnu-tools-for-stm32.12.3.rel1.win32_1.1.0.202410251130/tools/bin/../lib/gcc/arm-none-eabi/12.3.1/../../../../arm-none-eabi/lib/thumb/v7e-m+fp/hard\libc_nano.a(libc_a-mallocr.o)
                0x20001618                __malloc_sbrk_start
 .bss.__malloc_free_list
                0x2000161c        0x4 C:/ST/STM32CubeIDE_1.16.1/STM32CubeIDE/plugins/com.st.stm32cube.ide.mcu.externaltools.gnu-tools-for-stm32.12.3.rel1.win32_1.1.0.202410251130/tools/bin/../lib/gcc/arm-none-eabi/12.3.1/../../../../arm-none-eabi/lib/thumb/v7e-m+fp/hard\libc_nano.a(libc_a-mallocr.o)
                0x2000161c                __malloc_free_list
 *(COMMON)
                0x20001620                        . = ALIGN (0x4)
                0x20001620                        _ebss = .
                0x20001620                        __bss_end__ = _ebss

._user_heap_stack
                0x20001620     0x6000
                0x20001620                        . = ALIGN (0x8)
                [!provide]                        PROVIDE (end = .)
                0x20001620                        PROVIDE (_end = .)
                0x20003620                        . = (. + _Min_Heap_Size)
 *fill*         0x20001620     0x2000 
                0x20007620                        . = (. + _Min_Stack_Size)
 *fill*         0x20003620     0x4000 
                0x20007620                        . = ALIGN (0x8)

/DISCARD/
 libc.a(*)
 libm.a(*)
 libgcc.a(*)

.ARM.attributes
                0x00000000       0x30
 *(.ARM.attributes)
 .ARM.attributes
                0x00000000       0x22 C:/ST/STM32CubeIDE_1.16.1/STM32CubeIDE/plugins/com.st.stm32cube.ide.mcu.externaltools.gnu-tools-for-stm32.12.3.rel1.win32_1.1.0.202410251130/tools/bin/../lib/gcc/arm-none-eabi/12.3.1/thumb/v7e-m+fp/hard/crti.o
 .ARM.attributes
                0x00000022       0x34 C:/ST/STM32CubeIDE_1.16.1/STM32CubeIDE/plugins/com.st.stm32cube.ide.mcu.externaltools.gnu-tools-for-stm32.12.3.rel1.win32_1.1.0.202410251130/tools/bin/../lib/gcc/arm-none-eabi/12.3.1/thumb/v7e-m+fp/hard/crtbegin.o
 .ARM.attributes
                0x00000056       0x34 ./Application/User/Core/main.o
 .ARM.attributes
                0x0000008a       0x34 ./Application/User/Core/stm32f3xx_hal_msp.o
 .ARM.attributes
                0x000000be       0x34 ./Application/User/Core/stm32f3xx_it.o
 .ARM.attributes
                0x000000f2       0x34 ./Application/User/Core/sysmem.o
 .ARM.attributes
                0x00000126       0x21 ./Application/User/Startup/startup_stm32f303vctx.o
 .ARM.attributes
                0x00000147       0x34 ./Application/User/USB_DEVICE/App/usb_device.o
 .ARM.attributes
                0x0000017b       0x34 ./Application/User/USB_DEVICE/App/usbd_cdc_if.o
 .ARM.attributes
                0x000001af       0x34 ./Application/User/USB_DEVICE/App/usbd_desc.o
 .ARM.attributes
                0x000001e3       0x34 ./Application/User/USB_DEVICE/Target/usbd_conf.o
 .ARM.attributes
                0x00000217       0x34 ./Drivers/CMSIS/system_stm32f3xx.o
 .ARM.attributes
                0x0000024b       0x34 ./Drivers/STM32F3xx_HAL_Driver/stm32f3xx_hal.o
 .ARM.attributes
                0x0000027f       0x34 ./Drivers/STM32F3xx_HAL_Driver/stm32f3xx_hal_cortex.o
 .ARM.attributes
                0x000002b3       0x34 ./Drivers/STM32F3xx_HAL_Driver/stm32f3xx_hal_gpio.o
 .ARM.attributes
                0x000002e7       0x34 ./Drivers/STM32F3xx_HAL_Driver/stm32f3xx_hal_i2c.o
 .ARM.attributes
                0x0000031b       0x34 ./Drivers/STM32F3xx_HAL_Driver/stm32f3xx_hal_i2c_ex.o
 .ARM.attributes
                0x0000034f       0x34 ./Drivers/STM32F3xx_HAL_Driver/stm32f3xx_hal_pcd.o
 .ARM.attributes
                0x00000383       0x34 ./Drivers/STM32F3xx_HAL_Driver/stm32f3xx_hal_pcd_ex.o
 .ARM.attributes
                0x000003b7       0x34 ./Drivers/STM32F3xx_HAL_Driver/stm32f3xx_hal_rcc.o
 .ARM.attributes
                0x000003eb       0x34 ./Drivers/STM32F3xx_HAL_Driver/stm32f3xx_hal_rcc_ex.o
 .ARM.attributes
                0x0000041f       0x34 ./Drivers/STM32F3xx_HAL_Driver/stm32f3xx_hal_spi.o
 .ARM.attributes
                0x00000453       0x34 ./Drivers/STM32F3xx_HAL_Driver/stm32f3xx_ll_usb.o
 .ARM.attributes
                0x00000487       0x34 ./Middlewares/USB_Device_Library/usbd_cdc.o
 .ARM.attributes
                0x000004bb       0x34 ./Middlewares/USB_Device_Library/usbd_core.o
 .ARM.attributes
                0x000004ef       0x34 ./Middlewares/USB_Device_Library/usbd_ctlreq.o
 .ARM.attributes
                0x00000523       0x34 ./Middlewares/USB_Device_Library/usbd_ioreq.o
 .ARM.attributes
                0x00000557       0x34 C:/ST/STM32CubeIDE_1.16.1/STM32CubeIDE/plugins/com.st.stm32cube.ide.mcu.externaltools.gnu-tools-for-stm32.12.3.rel1.win32_1.1.0.202410251130/tools/bin/../lib/gcc/arm-none-eabi/12.3.1/../../../../arm-none-eabi/lib/thumb/v7e-m+fp/hard\libc_nano.a(libc_a-findfp.o)
 .ARM.attributes
                0x0000058b       0x34 C:/ST/STM32CubeIDE_1.16.1/STM32CubeIDE/plugins/com.st.stm32cube.ide.mcu.externaltools.gnu-tools-for-stm32.12.3.rel1.win32_1.1.0.202410251130/tools/bin/../lib/gcc/arm-none-eabi/12.3.1/../../../../arm-none-eabi/lib/thumb/v7e-m+fp/hard\libc_nano.a(libc_a-sprintf.o)
 .ARM.attributes
                0x000005bf       0x34 C:/ST/STM32CubeIDE_1.16.1/STM32CubeIDE/plugins/com.st.stm32cube.ide.mcu.externaltools.gnu-tools-for-stm32.12.3.rel1.win32_1.1.0.202410251130/tools/bin/../lib/gcc/arm-none-eabi/12.3.1/../../../../arm-none-eabi/lib/thumb/v7e-m+fp/hard\libc_nano.a(libc_a-memset.o)
 .ARM.attributes
                0x000005f3       0x34 C:/ST/STM32CubeIDE_1.16.1/STM32CubeIDE/plugins/com.st.stm32cube.ide.mcu.externaltools.gnu-tools-for-stm32.12.3.rel1.win32_1.1.0.202410251130/tools/bin/../lib/gcc/arm-none-eabi/12.3.1/../../../../arm-none-eabi/lib/thumb/v7e-m+fp/hard\libc_nano.a(libc_a-reent.o)
 .ARM.attributes
                0x00000627       0x34 C:/ST/STM32CubeIDE_1.16.1/STM32CubeIDE/plugins/com.st.stm32cube.ide.mcu.externaltools.gnu-tools-for-stm32.12.3.rel1.win32_1.1.0.202410251130/tools/bin/../lib/gcc/arm-none-eabi/12.3.1/../../../../arm-none-eabi/lib/thumb/v7e-m+fp/hard\libc_nano.a(libc_a-impure.o)
 .ARM.attributes
                0x0000065b       0x34 C:/ST/STM32CubeIDE_1.16.1/STM32CubeIDE/plugins/com.st.stm32cube.ide.mcu.externaltools.gnu-tools-for-stm32.12.3.rel1.win32_1.1.0.202410251130/tools/bin/../lib/gcc/arm-none-eabi/12.3.1/../../../../arm-none-eabi/lib/thumb/v7e-m+fp/hard\libc_nano.a(libc_a-errno.o)
 .ARM.attributes
                0x0000068f       0x34 C:/ST/STM32CubeIDE_1.16.1/STM32CubeIDE/plugins/com.st.stm32cube.ide.mcu.externaltools.gnu-tools-for-stm32.12.3.rel1.win32_1.1.0.202410251130/tools/bin/../lib/gcc/arm-none-eabi/12.3.1/../../../../arm-none-eabi/lib/thumb/v7e-m+fp/hard\libc_nano.a(libc_a-init.o)
 .ARM.attributes
                0x000006c3       0x34 C:/ST/STM32CubeIDE_1.16.1/STM32CubeIDE/plugins/com.st.stm32cube.ide.mcu.externaltools.gnu-tools-for-stm32.12.3.rel1.win32_1.1.0.202410251130/tools/bin/../lib/gcc/arm-none-eabi/12.3.1/../../../../arm-none-eabi/lib/thumb/v7e-m+fp/hard\libc_nano.a(libc_a-lock.o)
 .ARM.attributes
                0x000006f7       0x17 C:/ST/STM32CubeIDE_1.16.1/STM32CubeIDE/plugins/com.st.stm32cube.ide.mcu.externaltools.gnu-tools-for-stm32.12.3.rel1.win32_1.1.0.202410251130/tools/bin/../lib/gcc/arm-none-eabi/12.3.1/../../../../arm-none-eabi/lib/thumb/v7e-m+fp/hard\libc_nano.a(libc_a-strlen.o)
 .ARM.attributes
                0x0000070e       0x34 C:/ST/STM32CubeIDE_1.16.1/STM32CubeIDE/plugins/com.st.stm32cube.ide.mcu.externaltools.gnu-tools-for-stm32.12.3.rel1.win32_1.1.0.202410251130/tools/bin/../lib/gcc/arm-none-eabi/12.3.1/../../../../arm-none-eabi/lib/thumb/v7e-m+fp/hard\libc_nano.a(libc_a-freer.o)
 .ARM.attributes
                0x00000742       0x34 C:/ST/STM32CubeIDE_1.16.1/STM32CubeIDE/plugins/com.st.stm32cube.ide.mcu.externaltools.gnu-tools-for-stm32.12.3.rel1.win32_1.1.0.202410251130/tools/bin/../lib/gcc/arm-none-eabi/12.3.1/../../../../arm-none-eabi/lib/thumb/v7e-m+fp/hard\libc_nano.a(libc_a-mallocr.o)
 .ARM.attributes
                0x00000776       0x34 C:/ST/STM32CubeIDE_1.16.1/STM32CubeIDE/plugins/com.st.stm32cube.ide.mcu.externaltools.gnu-tools-for-stm32.12.3.rel1.win32_1.1.0.202410251130/tools/bin/../lib/gcc/arm-none-eabi/12.3.1/../../../../arm-none-eabi/lib/thumb/v7e-m+fp/hard\libc_nano.a(libc_a-mlock.o)
 .ARM.attributes
                0x000007aa       0x34 C:/ST/STM32CubeIDE_1.16.1/STM32CubeIDE/plugins/com.st.stm32cube.ide.mcu.externaltools.gnu-tools-for-stm32.12.3.rel1.win32_1.1.0.202410251130/tools/bin/../lib/gcc/arm-none-eabi/12.3.1/../../../../arm-none-eabi/lib/thumb/v7e-m+fp/hard\libc_nano.a(libc_a-nano-svfprintf.o)
 .ARM.attributes
                0x000007de       0x34 C:/ST/STM32CubeIDE_1.16.1/STM32CubeIDE/plugins/com.st.stm32cube.ide.mcu.externaltools.gnu-tools-for-stm32.12.3.rel1.win32_1.1.0.202410251130/tools/bin/../lib/gcc/arm-none-eabi/12.3.1/../../../../arm-none-eabi/lib/thumb/v7e-m+fp/hard\libc_nano.a(libc_a-nano-vfprintf_i.o)
 .ARM.attributes
                0x00000812       0x34 C:/ST/STM32CubeIDE_1.16.1/STM32CubeIDE/plugins/com.st.stm32cube.ide.mcu.externaltools.gnu-tools-for-stm32.12.3.rel1.win32_1.1.0.202410251130/tools/bin/../lib/gcc/arm-none-eabi/12.3.1/../../../../arm-none-eabi/lib/thumb/v7e-m+fp/hard\libc_nano.a(libc_a-memmove.o)
 .ARM.attributes
                0x00000846       0x34 C:/ST/STM32CubeIDE_1.16.1/STM32CubeIDE/plugins/com.st.stm32cube.ide.mcu.externaltools.gnu-tools-for-stm32.12.3.rel1.win32_1.1.0.202410251130/tools/bin/../lib/gcc/arm-none-eabi/12.3.1/../../../../arm-none-eabi/lib/thumb/v7e-m+fp/hard\libc_nano.a(libc_a-sbrkr.o)
 .ARM.attributes
                0x0000087a       0x1c C:/ST/STM32CubeIDE_1.16.1/STM32CubeIDE/plugins/com.st.stm32cube.ide.mcu.externaltools.gnu-tools-for-stm32.12.3.rel1.win32_1.1.0.202410251130/tools/bin/../lib/gcc/arm-none-eabi/12.3.1/../../../../arm-none-eabi/lib/thumb/v7e-m+fp/hard\libc_nano.a(libc_a-memchr.o)
 .ARM.attributes
                0x00000896       0x34 C:/ST/STM32CubeIDE_1.16.1/STM32CubeIDE/plugins/com.st.stm32cube.ide.mcu.externaltools.gnu-tools-for-stm32.12.3.rel1.win32_1.1.0.202410251130/tools/bin/../lib/gcc/arm-none-eabi/12.3.1/../../../../arm-none-eabi/lib/thumb/v7e-m+fp/hard\libc_nano.a(libc_a-memcpy-stub.o)
 .ARM.attributes
                0x000008ca       0x34 C:/ST/STM32CubeIDE_1.16.1/STM32CubeIDE/plugins/com.st.stm32cube.ide.mcu.externaltools.gnu-tools-for-stm32.12.3.rel1.win32_1.1.0.202410251130/tools/bin/../lib/gcc/arm-none-eabi/12.3.1/../../../../arm-none-eabi/lib/thumb/v7e-m+fp/hard\libc_nano.a(libc_a-reallocr.o)
 .ARM.attributes
                0x000008fe       0x34 C:/ST/STM32CubeIDE_1.16.1/STM32CubeIDE/plugins/com.st.stm32cube.ide.mcu.externaltools.gnu-tools-for-stm32.12.3.rel1.win32_1.1.0.202410251130/tools/bin/../lib/gcc/arm-none-eabi/12.3.1/../../../../arm-none-eabi/lib/thumb/v7e-m+fp/hard\libc_nano.a(libc_a-msizer.o)
 .ARM.attributes
                0x00000932       0x22 C:/ST/STM32CubeIDE_1.16.1/STM32CubeIDE/plugins/com.st.stm32cube.ide.mcu.externaltools.gnu-tools-for-stm32.12.3.rel1.win32_1.1.0.202410251130/tools/bin/../lib/gcc/arm-none-eabi/12.3.1/thumb/v7e-m+fp/hard/crtn.o
OUTPUT(PlsWork.elf elf32-littlearm)
LOAD linker stubs
LOAD C:/ST/STM32CubeIDE_1.16.1/STM32CubeIDE/plugins/com.st.stm32cube.ide.mcu.externaltools.gnu-tools-for-stm32.12.3.rel1.win32_1.1.0.202410251130/tools/bin/../lib/gcc/arm-none-eabi/12.3.1/../../../../arm-none-eabi/lib/thumb/v7e-m+fp/hard\libc.a
LOAD C:/ST/STM32CubeIDE_1.16.1/STM32CubeIDE/plugins/com.st.stm32cube.ide.mcu.externaltools.gnu-tools-for-stm32.12.3.rel1.win32_1.1.0.202410251130/tools/bin/../lib/gcc/arm-none-eabi/12.3.1/../../../../arm-none-eabi/lib/thumb/v7e-m+fp/hard\libm.a
LOAD C:/ST/STM32CubeIDE_1.16.1/STM32CubeIDE/plugins/com.st.stm32cube.ide.mcu.externaltools.gnu-tools-for-stm32.12.3.rel1.win32_1.1.0.202410251130/tools/bin/../lib/gcc/arm-none-eabi/12.3.1/thumb/v7e-m+fp/hard\libgcc.a

.debug_info     0x00000000    0x12b9a
 .debug_info    0x00000000     0x15dc ./Application/User/Core/main.o
 .debug_info    0x000015dc      0xb96 ./Application/User/Core/stm32f3xx_hal_msp.o
 .debug_info    0x00002172      0x60b ./Application/User/Core/stm32f3xx_it.o
 .debug_info    0x0000277d      0x168 ./Application/User/Core/sysmem.o
 .debug_info    0x000028e5       0x30 ./Application/User/Startup/startup_stm32f303vctx.o
 .debug_info    0x00002915      0x63d ./Application/User/USB_DEVICE/App/usb_device.o
 .debug_info    0x00002f52      0x7ec ./Application/User/USB_DEVICE/App/usbd_cdc_if.o
 .debug_info    0x0000373e      0x44a ./Application/User/USB_DEVICE/App/usbd_desc.o
 .debug_info    0x00003b88     0x1a8c ./Application/User/USB_DEVICE/Target/usbd_conf.o
 .debug_info    0x00005614      0x407 ./Drivers/CMSIS/system_stm32f3xx.o
 .debug_info    0x00005a1b      0x7d4 ./Drivers/STM32F3xx_HAL_Driver/stm32f3xx_hal.o
 .debug_info    0x000061ef      0xce4 ./Drivers/STM32F3xx_HAL_Driver/stm32f3xx_hal_cortex.o
 .debug_info    0x00006ed3      0x5fe ./Drivers/STM32F3xx_HAL_Driver/stm32f3xx_hal_gpio.o
 .debug_info    0x000074d1     0x20c3 ./Drivers/STM32F3xx_HAL_Driver/stm32f3xx_hal_i2c.o
 .debug_info    0x00009594      0x818 ./Drivers/STM32F3xx_HAL_Driver/stm32f3xx_hal_i2c_ex.o
 .debug_info    0x00009dac     0x166f ./Drivers/STM32F3xx_HAL_Driver/stm32f3xx_hal_pcd.o
 .debug_info    0x0000b41b      0x6a9 ./Drivers/STM32F3xx_HAL_Driver/stm32f3xx_hal_pcd_ex.o
 .debug_info    0x0000bac4     0x148a ./Drivers/STM32F3xx_HAL_Driver/stm32f3xx_hal_rcc.o
 .debug_info    0x0000cf4e      0x5b9 ./Drivers/STM32F3xx_HAL_Driver/stm32f3xx_hal_rcc_ex.o
 .debug_info    0x0000d507     0x1622 ./Drivers/STM32F3xx_HAL_Driver/stm32f3xx_hal_spi.o
 .debug_info    0x0000eb29     0x163b ./Drivers/STM32F3xx_HAL_Driver/stm32f3xx_ll_usb.o
 .debug_info    0x00010164     0x1028 ./Middlewares/USB_Device_Library/usbd_cdc.o
 .debug_info    0x0001118c      0xa52 ./Middlewares/USB_Device_Library/usbd_core.o
 .debug_info    0x00011bde      0x91c ./Middlewares/USB_Device_Library/usbd_ctlreq.o
 .debug_info    0x000124fa      0x6a0 ./Middlewares/USB_Device_Library/usbd_ioreq.o

.debug_abbrev   0x00000000     0x345e
 .debug_abbrev  0x00000000      0x3af ./Application/User/Core/main.o
 .debug_abbrev  0x000003af      0x1b0 ./Application/User/Core/stm32f3xx_hal_msp.o
 .debug_abbrev  0x0000055f      0x192 ./Application/User/Core/stm32f3xx_it.o
 .debug_abbrev  0x000006f1       0xbc ./Application/User/Core/sysmem.o
 .debug_abbrev  0x000007ad       0x24 ./Application/User/Startup/startup_stm32f303vctx.o
 .debug_abbrev  0x000007d1      0x18d ./Application/User/USB_DEVICE/App/usb_device.o
 .debug_abbrev  0x0000095e      0x25d ./Application/User/USB_DEVICE/App/usbd_cdc_if.o
 .debug_abbrev  0x00000bbb      0x1ff ./Application/User/USB_DEVICE/App/usbd_desc.o
 .debug_abbrev  0x00000dba      0x31e ./Application/User/USB_DEVICE/Target/usbd_conf.o
 .debug_abbrev  0x000010d8      0x11a ./Drivers/CMSIS/system_stm32f3xx.o
 .debug_abbrev  0x000011f2      0x215 ./Drivers/STM32F3xx_HAL_Driver/stm32f3xx_hal.o
 .debug_abbrev  0x00001407      0x31e ./Drivers/STM32F3xx_HAL_Driver/stm32f3xx_hal_cortex.o
 .debug_abbrev  0x00001725      0x1ca ./Drivers/STM32F3xx_HAL_Driver/stm32f3xx_hal_gpio.o
 .debug_abbrev  0x000018ef      0x260 ./Drivers/STM32F3xx_HAL_Driver/stm32f3xx_hal_i2c.o
 .debug_abbrev  0x00001b4f      0x1c2 ./Drivers/STM32F3xx_HAL_Driver/stm32f3xx_hal_i2c_ex.o
 .debug_abbrev  0x00001d11      0x2d9 ./Drivers/STM32F3xx_HAL_Driver/stm32f3xx_hal_pcd.o
 .debug_abbrev  0x00001fea      0x189 ./Drivers/STM32F3xx_HAL_Driver/stm32f3xx_hal_pcd_ex.o
 .debug_abbrev  0x00002173      0x300 ./Drivers/STM32F3xx_HAL_Driver/stm32f3xx_hal_rcc.o
 .debug_abbrev  0x00002473      0x221 ./Drivers/STM32F3xx_HAL_Driver/stm32f3xx_hal_rcc_ex.o
 .debug_abbrev  0x00002694      0x269 ./Drivers/STM32F3xx_HAL_Driver/stm32f3xx_hal_spi.o
 .debug_abbrev  0x000028fd      0x247 ./Drivers/STM32F3xx_HAL_Driver/stm32f3xx_ll_usb.o
 .debug_abbrev  0x00002b44      0x2d3 ./Middlewares/USB_Device_Library/usbd_cdc.o
 .debug_abbrev  0x00002e17      0x24a ./Middlewares/USB_Device_Library/usbd_core.o
 .debug_abbrev  0x00003061      0x26b ./Middlewares/USB_Device_Library/usbd_ctlreq.o
 .debug_abbrev  0x000032cc      0x192 ./Middlewares/USB_Device_Library/usbd_ioreq.o

.debug_aranges  0x00000000      0xff8
 .debug_aranges
                0x00000000       0xc0 ./Application/User/Core/main.o
 .debug_aranges
                0x000000c0       0x40 ./Application/User/Core/stm32f3xx_hal_msp.o
 .debug_aranges
                0x00000100       0x70 ./Application/User/Core/stm32f3xx_it.o
 .debug_aranges
                0x00000170       0x20 ./Application/User/Core/sysmem.o
 .debug_aranges
                0x00000190       0x28 ./Application/User/Startup/startup_stm32f303vctx.o
 .debug_aranges
                0x000001b8       0x20 ./Application/User/USB_DEVICE/App/usb_device.o
 .debug_aranges
                0x000001d8       0x40 ./Application/User/USB_DEVICE/App/usbd_cdc_if.o
 .debug_aranges
                0x00000218       0x60 ./Application/User/USB_DEVICE/App/usbd_desc.o
 .debug_aranges
                0x00000278      0x118 ./Application/User/USB_DEVICE/Target/usbd_conf.o
 .debug_aranges
                0x00000390       0x28 ./Drivers/CMSIS/system_stm32f3xx.o
 .debug_aranges
                0x000003b8       0xe0 ./Drivers/STM32F3xx_HAL_Driver/stm32f3xx_hal.o
 .debug_aranges
                0x00000498      0x128 ./Drivers/STM32F3xx_HAL_Driver/stm32f3xx_hal_cortex.o
 .debug_aranges
                0x000005c0       0x58 ./Drivers/STM32F3xx_HAL_Driver/stm32f3xx_hal_gpio.o
 .debug_aranges
                0x00000618      0x2a0 ./Drivers/STM32F3xx_HAL_Driver/stm32f3xx_hal_i2c.o
 .debug_aranges
                0x000008b8       0x48 ./Drivers/STM32F3xx_HAL_Driver/stm32f3xx_hal_i2c_ex.o
 .debug_aranges
                0x00000900      0x140 ./Drivers/STM32F3xx_HAL_Driver/stm32f3xx_hal_pcd.o
 .debug_aranges
                0x00000a40       0x38 ./Drivers/STM32F3xx_HAL_Driver/stm32f3xx_hal_pcd_ex.o
 .debug_aranges
                0x00000a78       0x88 ./Drivers/STM32F3xx_HAL_Driver/stm32f3xx_hal_rcc.o
 .debug_aranges
                0x00000b00       0x38 ./Drivers/STM32F3xx_HAL_Driver/stm32f3xx_hal_rcc_ex.o
 .debug_aranges
                0x00000b38      0x1d8 ./Drivers/STM32F3xx_HAL_Driver/stm32f3xx_hal_spi.o
 .debug_aranges
                0x00000d10       0xc8 ./Drivers/STM32F3xx_HAL_Driver/stm32f3xx_ll_usb.o
 .debug_aranges
                0x00000dd8       0x90 ./Middlewares/USB_Device_Library/usbd_cdc.o
 .debug_aranges
                0x00000e68       0xb8 ./Middlewares/USB_Device_Library/usbd_core.o
 .debug_aranges
                0x00000f20       0x88 ./Middlewares/USB_Device_Library/usbd_ctlreq.o
 .debug_aranges
                0x00000fa8       0x50 ./Middlewares/USB_Device_Library/usbd_ioreq.o

.debug_rnglists
                0x00000000      0xc08
 .debug_rnglists
                0x00000000       0x91 ./Application/User/Core/main.o
 .debug_rnglists
                0x00000091       0x2d ./Application/User/Core/stm32f3xx_hal_msp.o
 .debug_rnglists
                0x000000be       0x4f ./Application/User/Core/stm32f3xx_it.o
 .debug_rnglists
                0x0000010d       0x13 ./Application/User/Core/sysmem.o
 .debug_rnglists
                0x00000120       0x19 ./Application/User/Startup/startup_stm32f303vctx.o
 .debug_rnglists
                0x00000139       0x13 ./Application/User/USB_DEVICE/App/usb_device.o
 .debug_rnglists
                0x0000014c       0x2c ./Application/User/USB_DEVICE/App/usbd_cdc_if.o
 .debug_rnglists
                0x00000178       0x43 ./Application/User/USB_DEVICE/App/usbd_desc.o
 .debug_rnglists
                0x000001bb       0xcf ./Application/User/USB_DEVICE/Target/usbd_conf.o
 .debug_rnglists
                0x0000028a       0x1a ./Drivers/CMSIS/system_stm32f3xx.o
 .debug_rnglists
                0x000002a4       0xa3 ./Drivers/STM32F3xx_HAL_Driver/stm32f3xx_hal.o
 .debug_rnglists
                0x00000347       0xda ./Drivers/STM32F3xx_HAL_Driver/stm32f3xx_hal_cortex.o
 .debug_rnglists
                0x00000421       0x3f ./Drivers/STM32F3xx_HAL_Driver/stm32f3xx_hal_gpio.o
 .debug_rnglists
                0x00000460      0x228 ./Drivers/STM32F3xx_HAL_Driver/stm32f3xx_hal_i2c.o
 .debug_rnglists
                0x00000688       0x35 ./Drivers/STM32F3xx_HAL_Driver/stm32f3xx_hal_i2c_ex.o
 .debug_rnglists
                0x000006bd       0xf4 ./Drivers/STM32F3xx_HAL_Driver/stm32f3xx_hal_pcd.o
 .debug_rnglists
                0x000007b1       0x26 ./Drivers/STM32F3xx_HAL_Driver/stm32f3xx_hal_pcd_ex.o
 .debug_rnglists
                0x000007d7       0x66 ./Drivers/STM32F3xx_HAL_Driver/stm32f3xx_hal_rcc.o
 .debug_rnglists
                0x0000083d       0x28 ./Drivers/STM32F3xx_HAL_Driver/stm32f3xx_hal_rcc_ex.o
 .debug_rnglists
                0x00000865      0x178 ./Drivers/STM32F3xx_HAL_Driver/stm32f3xx_hal_spi.o
 .debug_rnglists
                0x000009dd       0x99 ./Drivers/STM32F3xx_HAL_Driver/stm32f3xx_ll_usb.o
 .debug_rnglists
                0x00000a76       0x6a ./Middlewares/USB_Device_Library/usbd_cdc.o
 .debug_rnglists
                0x00000ae0       0x89 ./Middlewares/USB_Device_Library/usbd_core.o
 .debug_rnglists
                0x00000b69       0x68 ./Middlewares/USB_Device_Library/usbd_ctlreq.o
 .debug_rnglists
                0x00000bd1       0x37 ./Middlewares/USB_Device_Library/usbd_ioreq.o

.debug_macro    0x00000000    0x1fd86
 .debug_macro   0x00000000      0x35f ./Application/User/Core/main.o
 .debug_macro   0x0000035f      0xab4 ./Application/User/Core/main.o
 .debug_macro   0x00000e13      0x157 ./Application/User/Core/main.o
 .debug_macro   0x00000f6a       0x2e ./Application/User/Core/main.o
 .debug_macro   0x00000f98       0x28 ./Application/User/Core/main.o
 .debug_macro   0x00000fc0       0x22 ./Application/User/Core/main.o
 .debug_macro   0x00000fe2       0x8e ./Application/User/Core/main.o
 .debug_macro   0x00001070       0x51 ./Application/User/Core/main.o
 .debug_macro   0x000010c1      0x103 ./Application/User/Core/main.o
 .debug_macro   0x000011c4       0x6a ./Application/User/Core/main.o
 .debug_macro   0x0000122e      0x1df ./Application/User/Core/main.o
 .debug_macro   0x0000140d       0x1c ./Application/User/Core/main.o
 .debug_macro   0x00001429       0x22 ./Application/User/Core/main.o
 .debug_macro   0x0000144b       0xd9 ./Application/User/Core/main.o
 .debug_macro   0x00001524     0x102d ./Application/User/Core/main.o
 .debug_macro   0x00002551      0x11f ./Application/User/Core/main.o
 .debug_macro   0x00002670    0x12a3a ./Application/User/Core/main.o
 .debug_macro   0x000150aa       0x6d ./Application/User/Core/main.o
 .debug_macro   0x00015117     0x3574 ./Application/User/Core/main.o
 .debug_macro   0x0001868b      0x189 ./Application/User/Core/main.o
 .debug_macro   0x00018814       0x55 ./Application/User/Core/main.o
 .debug_macro   0x00018869      0x961 ./Application/User/Core/main.o
 .debug_macro   0x000191ca      0x5fe ./Application/User/Core/main.o
 .debug_macro   0x000197c8      0x1b5 ./Application/User/Core/main.o
 .debug_macro   0x0001997d      0x1fb ./Application/User/Core/main.o
 .debug_macro   0x00019b78      0x1dc ./Application/User/Core/main.o
 .debug_macro   0x00019d54      0x1bc ./Application/User/Core/main.o
 .debug_macro   0x00019f10       0x30 ./Application/User/Core/main.o
 .debug_macro   0x00019f40       0x3c ./Application/User/Core/main.o
 .debug_macro   0x00019f7c      0x235 ./Application/User/Core/main.o
 .debug_macro   0x0001a1b1       0xc5 ./Application/User/Core/main.o
 .debug_macro   0x0001a276      0x21d ./Application/User/Core/main.o
 .debug_macro   0x0001a493      0x22c ./Application/User/Core/main.o
 .debug_macro   0x0001a6bf       0x5b ./Application/User/Core/main.o
 .debug_macro   0x0001a71a       0xa5 ./Application/User/Core/main.o
 .debug_macro   0x0001a7bf       0x73 ./Application/User/Core/main.o
 .debug_macro   0x0001a832      0x242 ./Application/User/Core/main.o
 .debug_macro   0x0001aa74       0x81 ./Application/User/Core/main.o
 .debug_macro   0x0001aaf5       0xd3 ./Application/User/Core/main.o
 .debug_macro   0x0001abc8      0x2fe ./Application/User/Core/main.o
 .debug_macro   0x0001aec6      0x275 ./Application/User/Core/main.o
 .debug_macro   0x0001b13b       0x61 ./Application/User/Core/main.o
 .debug_macro   0x0001b19c       0x2a ./Application/User/Core/main.o
 .debug_macro   0x0001b1c6       0x43 ./Application/User/Core/main.o
 .debug_macro   0x0001b209       0x34 ./Application/User/Core/main.o
 .debug_macro   0x0001b23d       0x16 ./Application/User/Core/main.o
 .debug_macro   0x0001b253       0x35 ./Application/User/Core/main.o
 .debug_macro   0x0001b288      0x369 ./Application/User/Core/main.o
 .debug_macro   0x0001b5f1       0x10 ./Application/User/Core/main.o
 .debug_macro   0x0001b601       0x16 ./Application/User/Core/main.o
 .debug_macro   0x0001b617       0x43 ./Application/User/Core/main.o
 .debug_macro   0x0001b65a       0x34 ./Application/User/Core/main.o
 .debug_macro   0x0001b68e       0x10 ./Application/User/Core/main.o
 .debug_macro   0x0001b69e       0x58 ./Application/User/Core/main.o
 .debug_macro   0x0001b6f6       0x8e ./Application/User/Core/main.o
 .debug_macro   0x0001b784       0x1c ./Application/User/Core/main.o
 .debug_macro   0x0001b7a0      0x177 ./Application/User/Core/main.o
 .debug_macro   0x0001b917       0x16 ./Application/User/Core/main.o
 .debug_macro   0x0001b92d       0x16 ./Application/User/Core/main.o
 .debug_macro   0x0001b943      0x146 ./Application/User/Core/main.o
 .debug_macro   0x0001ba89       0x16 ./Application/User/Core/main.o
 .debug_macro   0x0001ba9f       0x16 ./Application/User/Core/main.o
 .debug_macro   0x0001bab5       0x29 ./Application/User/Core/main.o
 .debug_macro   0x0001bade       0x16 ./Application/User/Core/main.o
 .debug_macro   0x0001baf4       0x20 ./Application/User/Core/main.o
 .debug_macro   0x0001bb14       0x59 ./Application/User/Core/main.o
 .debug_macro   0x0001bb6d      0x1c8 ./Application/User/Core/main.o
 .debug_macro   0x0001bd35       0x34 ./Application/User/Core/main.o
 .debug_macro   0x0001bd69      0x1f2 ./Application/User/Core/stm32f3xx_hal_msp.o
 .debug_macro   0x0001bf5b      0x1fc ./Application/User/Core/stm32f3xx_it.o
 .debug_macro   0x0001c157       0xff ./Application/User/Core/sysmem.o
 .debug_macro   0x0001c256      0x23c ./Application/User/Core/sysmem.o
 .debug_macro   0x0001c492      0x3a7 ./Application/User/USB_DEVICE/App/usb_device.o
 .debug_macro   0x0001c839       0x22 ./Application/User/USB_DEVICE/App/usb_device.o
 .debug_macro   0x0001c85b       0x8f ./Application/User/USB_DEVICE/App/usb_device.o
 .debug_macro   0x0001c8ea       0x16 ./Application/User/USB_DEVICE/App/usb_device.o
 .debug_macro   0x0001c900      0x38c ./Application/User/USB_DEVICE/App/usbd_cdc_if.o
 .debug_macro   0x0001cc8c       0x9e ./Application/User/USB_DEVICE/App/usbd_cdc_if.o
 .debug_macro   0x0001cd2a      0x10b ./Application/User/USB_DEVICE/App/usbd_cdc_if.o
 .debug_macro   0x0001ce35       0x4f ./Application/User/USB_DEVICE/App/usbd_cdc_if.o
 .debug_macro   0x0001ce84       0x10 ./Application/User/USB_DEVICE/App/usbd_cdc_if.o
 .debug_macro   0x0001ce94      0x3a5 ./Application/User/USB_DEVICE/App/usbd_desc.o
 .debug_macro   0x0001d239      0x1ce ./Application/User/USB_DEVICE/App/usbd_desc.o
 .debug_macro   0x0001d407       0x1c ./Application/User/USB_DEVICE/App/usbd_desc.o
 .debug_macro   0x0001d423      0x38b ./Application/User/USB_DEVICE/Target/usbd_conf.o
 .debug_macro   0x0001d7ae      0x1e8 ./Drivers/CMSIS/system_stm32f3xx.o
 .debug_macro   0x0001d996      0x20c ./Drivers/STM32F3xx_HAL_Driver/stm32f3xx_hal.o
 .debug_macro   0x0001dba2      0x1e8 ./Drivers/STM32F3xx_HAL_Driver/stm32f3xx_hal_cortex.o
 .debug_macro   0x0001dd8a      0x1ef ./Drivers/STM32F3xx_HAL_Driver/stm32f3xx_hal_gpio.o
 .debug_macro   0x0001df79      0x2b4 ./Drivers/STM32F3xx_HAL_Driver/stm32f3xx_hal_i2c.o
 .debug_macro   0x0001e22d      0x1e8 ./Drivers/STM32F3xx_HAL_Driver/stm32f3xx_hal_i2c_ex.o
 .debug_macro   0x0001e415      0x1f4 ./Drivers/STM32F3xx_HAL_Driver/stm32f3xx_hal_pcd.o
 .debug_macro   0x0001e609      0x1e8 ./Drivers/STM32F3xx_HAL_Driver/stm32f3xx_hal_pcd_ex.o
 .debug_macro   0x0001e7f1      0x20c ./Drivers/STM32F3xx_HAL_Driver/stm32f3xx_hal_rcc.o
 .debug_macro   0x0001e9fd      0x1e8 ./Drivers/STM32F3xx_HAL_Driver/stm32f3xx_hal_rcc_ex.o
 .debug_macro   0x0001ebe5      0x1f0 ./Drivers/STM32F3xx_HAL_Driver/stm32f3xx_hal_spi.o
 .debug_macro   0x0001edd5      0x1e8 ./Drivers/STM32F3xx_HAL_Driver/stm32f3xx_ll_usb.o
 .debug_macro   0x0001efbd      0x381 ./Middlewares/USB_Device_Library/usbd_cdc.o
 .debug_macro   0x0001f33e      0x368 ./Middlewares/USB_Device_Library/usbd_core.o
 .debug_macro   0x0001f6a6      0x372 ./Middlewares/USB_Device_Library/usbd_ctlreq.o
 .debug_macro   0x0001fa18      0x36e ./Middlewares/USB_Device_Library/usbd_ioreq.o

.debug_line     0x00000000    0x16a89
 .debug_line    0x00000000      0xef9 ./Application/User/Core/main.o
 .debug_line    0x00000ef9      0x83e ./Application/User/Core/stm32f3xx_hal_msp.o
 .debug_line    0x00001737      0x895 ./Application/User/Core/stm32f3xx_it.o
 .debug_line    0x00001fcc      0x586 ./Application/User/Core/sysmem.o
 .debug_line    0x00002552       0x7a ./Application/User/Startup/startup_stm32f303vctx.o
 .debug_line    0x000025cc      0xa7f ./Application/User/USB_DEVICE/App/usb_device.o
 .debug_line    0x0000304b      0xac7 ./Application/User/USB_DEVICE/App/usbd_cdc_if.o
 .debug_line    0x00003b12      0xb45 ./Application/User/USB_DEVICE/App/usbd_desc.o
 .debug_line    0x00004657      0xe91 ./Application/User/USB_DEVICE/Target/usbd_conf.o
 .debug_line    0x000054e8      0x81c ./Drivers/CMSIS/system_stm32f3xx.o
 .debug_line    0x00005d04      0xa54 ./Drivers/STM32F3xx_HAL_Driver/stm32f3xx_hal.o
 .debug_line    0x00006758      0xd41 ./Drivers/STM32F3xx_HAL_Driver/stm32f3xx_hal_cortex.o
 .debug_line    0x00007499      0xbcb ./Drivers/STM32F3xx_HAL_Driver/stm32f3xx_hal_gpio.o
 .debug_line    0x00008064     0x3acb ./Drivers/STM32F3xx_HAL_Driver/stm32f3xx_hal_i2c.o
 .debug_line    0x0000bb2f      0x9c0 ./Drivers/STM32F3xx_HAL_Driver/stm32f3xx_hal_i2c_ex.o
 .debug_line    0x0000c4ef     0x13dc ./Drivers/STM32F3xx_HAL_Driver/stm32f3xx_hal_pcd.o
 .debug_line    0x0000d8cb      0x81c ./Drivers/STM32F3xx_HAL_Driver/stm32f3xx_hal_pcd_ex.o
 .debug_line    0x0000e0e7     0x13e8 ./Drivers/STM32F3xx_HAL_Driver/stm32f3xx_hal_rcc.o
 .debug_line    0x0000f4cf      0xda2 ./Drivers/STM32F3xx_HAL_Driver/stm32f3xx_hal_rcc_ex.o
 .debug_line    0x00010271     0x208d ./Drivers/STM32F3xx_HAL_Driver/stm32f3xx_hal_spi.o
 .debug_line    0x000122fe     0x1096 ./Drivers/STM32F3xx_HAL_Driver/stm32f3xx_ll_usb.o
 .debug_line    0x00013394      0xdad ./Middlewares/USB_Device_Library/usbd_cdc.o