../../Core/Inc/mems.h:20:6:Error	8	static
../../Core/Inc/mems.h:25:6:Success	8	static
../../Core/Inc/mems.h:30:16:I2C_Read	40	static
../../Core/Inc/mems.h:40:13:I2C_Write	40	static
../../Core/Inc/mems.h:48:9:I2C_ReadID	24	static
../../Core/Inc/mems.h:55:6:Accel_Ini	16	static
../../Core/Inc/mems.h:72:6:Accel_GetXYZ	24	static
../../Core/Inc/mems.h:90:9:SPIx_WriteRead	32	static
../../Core/Inc/mems.h:103:6:Gyro_IO_Read	16	static
../../Core/Inc/mems.h:124:6:Gyro_IO_Write	16	static
../../Core/Inc/mems.h:142:9:Gyro_ReadID	16	static
../../Core/Inc/mems.h:149:6:Gyro_Ini	16	static
../../Core/Inc/mems.h:172:6:Gyro_GetXYZ	32	static
C:/MyStm/PlsWork/Core/Src/main.c:74:5:main	32	static
C:/MyStm/PlsWork/Core/Src/main.c:190:6:SystemClock_Config	128	static
C:/MyStm/PlsWork/Core/Src/main.c:238:13:MX_NVIC_Init	8	static
C:/MyStm/PlsWork/Core/Src/main.c:250:13:MX_I2C1_Init	8	static
C:/MyStm/PlsWork/Core/Src/main.c:298:13:MX_SPI1_Init	8	static
C:/MyStm/PlsWork/Core/Src/main.c:338:13:MX_GPIO_Init	48	static
C:/MyStm/PlsWork/Core/Src/main.c:389:6:HAL_GPIO_EXTI_Callback	16	static
C:/MyStm/PlsWork/Core/Src/main.c:402:6:Error_Handler	4	static,ignoring_inline_asm
